Archive member included to satisfy reference by file (symbol)

/opt/st/stm32cubeide_1.13.1/plugins/com.st.stm32cube.ide.mcu.externaltools.gnu-tools-for-stm32.11.3.rel1.linux64_1.1.0.202305231506/tools/bin/../lib/gcc/arm-none-eabi/11.3.1/../../../../arm-none-eabi/lib/thumb/v7e-m+fp/hard/libstdc++_nano.a(class_type_info.o)
                              ./Core/Src/main.o (vtable for __cxxabiv1::__class_type_info)
/opt/st/stm32cubeide_1.13.1/plugins/com.st.stm32cube.ide.mcu.externaltools.gnu-tools-for-stm32.11.3.rel1.linux64_1.1.0.202305231506/tools/bin/../lib/gcc/arm-none-eabi/11.3.1/../../../../arm-none-eabi/lib/thumb/v7e-m+fp/hard/libstdc++_nano.a(del_ops.o)
                              ./Core/Src/main.o (operator delete(void*, unsigned int))
/opt/st/stm32cubeide_1.13.1/plugins/com.st.stm32cube.ide.mcu.externaltools.gnu-tools-for-stm32.11.3.rel1.linux64_1.1.0.202305231506/tools/bin/../lib/gcc/arm-none-eabi/11.3.1/../../../../arm-none-eabi/lib/thumb/v7e-m+fp/hard/libstdc++_nano.a(del_opv.o)
                              ./Core/Src/main.o (operator delete[](void*))
/opt/st/stm32cubeide_1.13.1/plugins/com.st.stm32cube.ide.mcu.externaltools.gnu-tools-for-stm32.11.3.rel1.linux64_1.1.0.202305231506/tools/bin/../lib/gcc/arm-none-eabi/11.3.1/../../../../arm-none-eabi/lib/thumb/v7e-m+fp/hard/libstdc++_nano.a(new_op.o)
                              ./Core/Src/main.o (operator new(unsigned int))
/opt/st/stm32cubeide_1.13.1/plugins/com.st.stm32cube.ide.mcu.externaltools.gnu-tools-for-stm32.11.3.rel1.linux64_1.1.0.202305231506/tools/bin/../lib/gcc/arm-none-eabi/11.3.1/../../../../arm-none-eabi/lib/thumb/v7e-m+fp/hard/libstdc++_nano.a(new_opv.o)
                              ./Core/Src/main.o (operator new[](unsigned int))
/opt/st/stm32cubeide_1.13.1/plugins/com.st.stm32cube.ide.mcu.externaltools.gnu-tools-for-stm32.11.3.rel1.linux64_1.1.0.202305231506/tools/bin/../lib/gcc/arm-none-eabi/11.3.1/../../../../arm-none-eabi/lib/thumb/v7e-m+fp/hard/libstdc++_nano.a(si_class_type_info.o)
                              ./Core/Src/main.o (vtable for __cxxabiv1::__si_class_type_info)
/opt/st/stm32cubeide_1.13.1/plugins/com.st.stm32cube.ide.mcu.externaltools.gnu-tools-for-stm32.11.3.rel1.linux64_1.1.0.202305231506/tools/bin/../lib/gcc/arm-none-eabi/11.3.1/../../../../arm-none-eabi/lib/thumb/v7e-m+fp/hard/libstdc++_nano.a(tinfo.o)
                              /opt/st/stm32cubeide_1.13.1/plugins/com.st.stm32cube.ide.mcu.externaltools.gnu-tools-for-stm32.11.3.rel1.linux64_1.1.0.202305231506/tools/bin/../lib/gcc/arm-none-eabi/11.3.1/../../../../arm-none-eabi/lib/thumb/v7e-m+fp/hard/libstdc++_nano.a(class_type_info.o) (std::type_info::~type_info())
/opt/st/stm32cubeide_1.13.1/plugins/com.st.stm32cube.ide.mcu.externaltools.gnu-tools-for-stm32.11.3.rel1.linux64_1.1.0.202305231506/tools/bin/../lib/gcc/arm-none-eabi/11.3.1/../../../../arm-none-eabi/lib/thumb/v7e-m+fp/hard/libstdc++_nano.a(list.o)
                              ./Core/Src/main.o (std::__detail::_List_node_base::_M_hook(std::__detail::_List_node_base*))
/opt/st/stm32cubeide_1.13.1/plugins/com.st.stm32cube.ide.mcu.externaltools.gnu-tools-for-stm32.11.3.rel1.linux64_1.1.0.202305231506/tools/bin/../lib/gcc/arm-none-eabi/11.3.1/../../../../arm-none-eabi/lib/thumb/v7e-m+fp/hard/libstdc++_nano.a(functexcept.o)
                              ./Core/Src/main.o (std::__throw_bad_alloc())
/opt/st/stm32cubeide_1.13.1/plugins/com.st.stm32cube.ide.mcu.externaltools.gnu-tools-for-stm32.11.3.rel1.linux64_1.1.0.202305231506/tools/bin/../lib/gcc/arm-none-eabi/11.3.1/../../../../arm-none-eabi/lib/thumb/v7e-m+fp/hard/libstdc++_nano.a(snprintf_lite.o)
                              /opt/st/stm32cubeide_1.13.1/plugins/com.st.stm32cube.ide.mcu.externaltools.gnu-tools-for-stm32.11.3.rel1.linux64_1.1.0.202305231506/tools/bin/../lib/gcc/arm-none-eabi/11.3.1/../../../../arm-none-eabi/lib/thumb/v7e-m+fp/hard/libstdc++_nano.a(functexcept.o) (__gnu_cxx::__snprintf_lite(char*, unsigned int, char const*, std::__va_list))
/opt/st/stm32cubeide_1.13.1/plugins/com.st.stm32cube.ide.mcu.externaltools.gnu-tools-for-stm32.11.3.rel1.linux64_1.1.0.202305231506/tools/bin/../lib/gcc/arm-none-eabi/11.3.1/../../../../arm-none-eabi/lib/thumb/v7e-m+fp/hard/libstdc++_nano.a(del_op.o)
                              /opt/st/stm32cubeide_1.13.1/plugins/com.st.stm32cube.ide.mcu.externaltools.gnu-tools-for-stm32.11.3.rel1.linux64_1.1.0.202305231506/tools/bin/../lib/gcc/arm-none-eabi/11.3.1/../../../../arm-none-eabi/lib/thumb/v7e-m+fp/hard/libstdc++_nano.a(del_ops.o) (operator delete(void*))
/opt/st/stm32cubeide_1.13.1/plugins/com.st.stm32cube.ide.mcu.externaltools.gnu-tools-for-stm32.11.3.rel1.linux64_1.1.0.202305231506/tools/bin/../lib/gcc/arm-none-eabi/11.3.1/../../../../arm-none-eabi/lib/thumb/v7e-m+fp/hard/libstdc++_nano.a(new_handler.o)
[...]
Memory Configuration

Name             Origin             Length             Attributes
RAM              0x0000000020000000 0x0000000000020000 xrw
FLASH            0x0000000008000000 0x0000000000080000 xr
*default*        0x0000000000000000 0xffffffffffffffff

Linker script and memory map

LOAD /opt/st/stm32cubeide_1.13.1/plugins/com.st.stm32cube.ide.mcu.externaltools.gnu-tools-for-stm32.11.3.rel1.linux64_1.1.0.202305231506/tools/bin/../lib/gcc/arm-none-eabi/11.3.1/thumb/v7e-m+fp/hard/crti.o
LOAD /opt/st/stm32cubeide_1.13.1/plugins/com.st.stm32cube.ide.mcu.externaltools.gnu-tools-for-stm32.11.3.rel1.linux64_1.1.0.202305231506/tools/bin/../lib/gcc/arm-none-eabi/11.3.1/thumb/v7e-m+fp/hard/crtbegin.o
LOAD /opt/st/stm32cubeide_1.13.1/plugins/com.st.stm32cube.ide.mcu.externaltools.gnu-tools-for-stm32.11.3.rel1.linux64_1.1.0.202305231506/tools/bin/../lib/gcc/arm-none-eabi/11.3.1/../../../../arm-none-eabi/lib/thumb/v7e-m+fp/hard/crt0.o
LOAD ./Core/Src/main.o
LOAD ./Core/Src/stm32f4xx_hal_msp.o
LOAD ./Core/Src/stm32f4xx_it.o
LOAD ./Core/Src/syscalls.o
LOAD ./Core/Src/sysmem.o
LOAD ./Core/Src/system_stm32f4xx.o
LOAD ./Core/Startup/startup_stm32f446retx.o
LOAD ./Drivers/STM32F4xx_HAL_Driver/Src/stm32f4xx_hal.o
LOAD ./Drivers/STM32F4xx_HAL_Driver/Src/stm32f4xx_hal_cortex.o
LOAD ./Drivers/STM32F4xx_HAL_Driver/Src/stm32f4xx_hal_dma.o
LOAD ./Drivers/STM32F4xx_HAL_Driver/Src/stm32f4xx_hal_dma_ex.o
LOAD ./Drivers/STM32F4xx_HAL_Driver/Src/stm32f4xx_hal_exti.o
LOAD ./Drivers/STM32F4xx_HAL_Driver/Src/stm32f4xx_hal_flash.o
LOAD ./Drivers/STM32F4xx_HAL_Driver/Src/stm32f4xx_hal_flash_ex.o
LOAD ./Drivers/STM32F4xx_HAL_Driver/Src/stm32f4xx_hal_flash_ramfunc.o
LOAD ./Drivers/STM32F4xx_HAL_Driver/Src/stm32f4xx_hal_gpio.o
LOAD ./Drivers/STM32F4xx_HAL_Driver/Src/stm32f4xx_hal_pwr.o
LOAD ./Drivers/STM32F4xx_HAL_Driver/Src/stm32f4xx_hal_pwr_ex.o
LOAD ./Drivers/STM32F4xx_HAL_Driver/Src/stm32f4xx_hal_rcc.o
LOAD ./Drivers/STM32F4xx_HAL_Driver/Src/stm32f4xx_hal_rcc_ex.o
LOAD ./Drivers/STM32F4xx_HAL_Driver/Src/stm32f4xx_hal_tim.o
LOAD ./Drivers/STM32F4xx_HAL_Driver/Src/stm32f4xx_hal_tim_ex.o
LOAD ./Drivers/STM32F4xx_HAL_Driver/Src/stm32f4xx_hal_uart.o
START GROUP
LOAD /opt/st/stm32cubeide_1.13.1/plugins/com.st.stm32cube.ide.mcu.externaltools.gnu-tools-for-stm32.11.3.rel1.linux64_1.1.0.202305231506/tools/bin/../lib/gcc/arm-none-eabi/11.3.1/../../../../arm-none-eabi/lib/thumb/v7e-m+fp/hard/libstdc++_nano.a
LOAD /opt/st/stm32cubeide_1.13.1/plugins/com.st.stm32cube.ide.mcu.externaltools.gnu-tools-for-stm32.11.3.rel1.linux64_1.1.0.202305231506/tools/bin/../lib/gcc/arm-none-eabi/11.3.1/../../../../arm-none-eabi/lib/thumb/v7e-m+fp/hard/libsupc++_nano.a
END GROUP
LOAD /opt/st/stm32cubeide_1.13.1/plugins/com.st.stm32cube.ide.mcu.externaltools.gnu-tools-for-stm32.11.3.rel1.linux64_1.1.0.202305231506/tools/bin/../lib/gcc/arm-none-eabi/11.3.1/../../../../arm-none-eabi/lib/thumb/v7e-m+fp/hard/libstdc++_nano.a
LOAD /opt/st/stm32cubeide_1.13.1/plugins/com.st.stm32cube.ide.mcu.externaltools.gnu-tools-for-stm32.11.3.rel1.linux64_1.1.0.202305231506/tools/bin/../lib/gcc/arm-none-eabi/11.3.1/../../../../arm-none-eabi/lib/thumb/v7e-m+fp/hard/libm.a
LOAD /opt/st/stm32cubeide_1.13.1/plugins/com.st.stm32cube.ide.mcu.externaltools.gnu-tools-for-stm32.11.3.rel1.linux64_1.1.0.202305231506/tools/bin/../lib/gcc/arm-none-eabi/11.3.1/../../../../arm-none-eabi/lib/thumb/v7e-m+fp/hard/libc_nano.a
START GROUP
LOAD /opt/st/stm32cubeide_1.13.1/plugins/com.st.stm32cube.ide.mcu.externaltools.gnu-tools-for-stm32.11.3.rel1.linux64_1.1.0.202305231506/tools/bin/../lib/gcc/arm-none-eabi/11.3.1/thumb/v7e-m+fp/hard/libgcc.a
LOAD /opt/st/stm32cubeide_1.13.1/plugins/com.st.stm32cube.ide.mcu.externaltools.gnu-tools-for-stm32.11.3.rel1.linux64_1.1.0.202305231506/tools/bin/../lib/gcc/arm-none-eabi/11.3.1/../../../../arm-none-eabi/lib/thumb/v7e-m+fp/hard/libc_nano.a
END GROUP
START GROUP
LOAD /opt/st/stm32cubeide_1.13.1/plugins/com.st.stm32cube.ide.mcu.externaltools.gnu-tools-for-stm32.11.3.rel1.linux64_1.1.0.202305231506/tools/bin/../lib/gcc/arm-none-eabi/11.3.1/thumb/v7e-m+fp/hard/libgcc.a
LOAD /opt/st/stm32cubeide_1.13.1/plugins/com.st.stm32cube.ide.mcu.externaltools.gnu-tools-for-stm32.11.3.rel1.linux64_1.1.0.202305231506/tools/bin/../lib/gcc/arm-none-eabi/11.3.1/../../../../arm-none-eabi/lib/thumb/v7e-m+fp/hard/libc_nano.a
END GROUP
LOAD /opt/st/stm32cubeide_1.13.1/plugins/com.st.stm32cube.ide.mcu.externaltools.gnu-tools-for-stm32.11.3.rel1.linux64_1.1.0.202305231506/tools/bin/../lib/gcc/arm-none-eabi/11.3.1/thumb/v7e-m+fp/hard/crtend.o
LOAD /opt/st/stm32cubeide_1.13.1/plugins/com.st.stm32cube.ide.mcu.externaltools.gnu-tools-for-stm32.11.3.rel1.linux64_1.1.0.202305231506/tools/bin/../lib/gcc/arm-none-eabi/11.3.1/thumb/v7e-m+fp/hard/crtn.o
                0x0000000020020000                _estack = (ORIGIN (RAM) + LENGTH (RAM))
                0x0000000000000200                _Min_Heap_Size = 0x200
                0x0000000000000400                _Min_Stack_Size = 0x400

.isr_vector     0x0000000008000000      0x1c4
                0x0000000008000000                . = ALIGN (0x4)
 *(.isr_vector)
 .isr_vector    0x0000000008000000      0x1c4 ./Core/Startup/startup_stm32f446retx.o
                0x0000000008000000                g_pfnVectors
                0x00000000080001c4                . = ALIGN (0x4)

.text           0x00000000080001c4     0x5cfc
                0x00000000080001c4                . = ALIGN (0x4)
 *(.text)
 .text          0x00000000080001c4       0x40 /opt/st/stm32cubeide_1.13.1/plugins/com.st.stm32cube.ide.mcu.externaltools.gnu-tools-for-stm32.11.3.rel1.linux64_1.1.0.202305231506/tools/bin/../lib/gcc/arm-none-eabi/11.3.1/thumb/v7e-m+fp/hard/crtbegin.o
 .text          0x0000000008000204       0x14 /opt/st/stm32cubeide_1.13.1/plugins/com.st.stm32cube.ide.mcu.externaltools.gnu-tools-for-stm32.11.3.rel1.linux64_1.1.0.202305231506/tools/bin/../lib/gcc/arm-none-eabi/11.3.1/../../../../arm-none-eabi/lib/thumb/v7e-m+fp/hard/libc_nano.a(libc_a-strcmp.o)
                0x0000000008000204                strcmp
 .text          0x0000000008000218       0x10 /opt/st/stm32cubeide_1.13.1/plugins/com.st.stm32cube.ide.mcu.externaltools.gnu-tools-for-stm32.11.3.rel1.linux64_1.1.0.202305231506/tools/bin/../lib/gcc/arm-none-eabi/11.3.1/../../../../arm-none-eabi/lib/thumb/v7e-m+fp/hard/libc_nano.a(libc_a-strlen.o)
                0x0000000008000218                strlen
 .text          0x0000000008000228       0x30 /opt/st/stm32cubeide_1.13.1/plugins/com.st.stm32cube.ide.mcu.externaltools.gnu-tools-for-stm32.11.3.rel1.linux64_1.1.0.202305231506/tools/bin/../lib/gcc/arm-none-eabi/11.3.1/thumb/v7e-m+fp/hard/libgcc.a(_aeabi_uldivmod.o)
                0x0000000008000228                __aeabi_uldivmod
 .text          0x0000000008000258      0x2c8 /opt/st/stm32cubeide_1.13.1/plugins/com.st.stm32cube.ide.mcu.externaltools.gnu-tools-for-stm32.11.3.rel1.linux64_1.1.0.202305231506/tools/bin/../lib/gcc/arm-none-eabi/11.3.1/thumb/v7e-m+fp/hard/libgcc.a(_udivmoddi4.o)
                0x0000000008000258                __udivmoddi4
 .text          0x0000000008000520        0x4 /opt/st/stm32cubeide_1.13.1/plugins/com.st.stm32cube.ide.mcu.externaltools.gnu-tools-for-stm32.11.3.rel1.linux64_1.1.0.202305231506/tools/bin/../lib/gcc/arm-none-eabi/11.3.1/thumb/v7e-m+fp/hard/libgcc.a(_dvmd_tls.o)
                0x0000000008000520                __aeabi_ldiv0
                0x0000000008000520                __aeabi_idiv0
 *(.text*)
 .text._ZnwjPv  0x0000000008000524       0x18 ./Core/Src/main.o
                0x0000000008000524                operator new(unsigned int, void*)
 .text._ZNSt8__detail17_List_node_headerC2Ev
                0x000000000800053c       0x18 ./Core/Src/main.o
                0x000000000800053c                std::__detail::_List_node_header::_List_node_header()
                0x000000000800053c                std::__detail::_List_node_header::_List_node_header()
 .text._ZNSt8__detail17_List_node_header7_M_initEv
                0x0000000008000554       0x28 ./Core/Src/main.o
                0x0000000008000554                std::__detail::_List_node_header::_M_init()
 .text._ZN11AbstractMsgD2Ev
                0x000000000800057c       0x20 ./Core/Src/main.o
                0x000000000800057c                AbstractMsg::~AbstractMsg()
                0x000000000800057c                AbstractMsg::~AbstractMsg()
 .text._ZN11AbstractMsgD0Ev
                0x000000000800059c       0x20 ./Core/Src/main.o
                0x000000000800059c                AbstractMsg::~AbstractMsg()
 .text._ZN11AbstractMsgC2Ev
                0x00000000080005bc       0x20 ./Core/Src/main.o
                0x00000000080005bc                AbstractMsg::AbstractMsg()
                0x00000000080005bc                AbstractMsg::AbstractMsg()
 .text._ZN11HeaderClassC2Ehh
                0x00000000080005dc       0x78 ./Core/Src/main.o
                0x00000000080005dc                HeaderClass::HeaderClass(unsigned char, unsigned char)
                0x00000000080005dc                HeaderClass::HeaderClass(unsigned char, unsigned char)
 .text._ZNK11HeaderClass8get_dataEv
                0x0000000008000654       0x1c ./Core/Src/main.o
                0x0000000008000654                HeaderClass::get_data() const
 .text._ZNK11HeaderClass8get_typeEv
                0x0000000008000670       0x16 ./Core/Src/main.o
                0x0000000008000670                HeaderClass::get_type() const
 .text._ZNK11HeaderClass13get_data_sizeEv
                0x0000000008000686       0x16 ./Core/Src/main.o
                0x0000000008000686                HeaderClass::get_data_size() const
 .text._ZNK12PayloadClass8get_dataEv
                0x000000000800069c       0x1c ./Core/Src/main.o
                0x000000000800069c                PayloadClass::get_data() const
 .text._ZNK12PayloadClass8get_typeEv
                0x00000000080006b8       0x16 ./Core/Src/main.o
                0x00000000080006b8                PayloadClass::get_type() const
 .text._ZNK12PayloadClass13get_data_sizeEv
                0x00000000080006ce       0x18 ./Core/Src/main.o
                0x00000000080006ce                PayloadClass::get_data_size() const
 *fill*         0x00000000080006e6        0x2 
 .text._ZN16AcknowledgeClassC2Ev
                0x00000000080006e8       0x5c ./Core/Src/main.o
                0x00000000080006e8                AcknowledgeClass::AcknowledgeClass()
                0x00000000080006e8                AcknowledgeClass::AcknowledgeClass()
 .text._ZNK16AcknowledgeClass8get_dataEv
                0x0000000008000744       0x1c ./Core/Src/main.o
                0x0000000008000744                AcknowledgeClass::get_data() const
 .text._ZNK16AcknowledgeClass8get_typeEv
                0x0000000008000760       0x16 ./Core/Src/main.o
                0x0000000008000760                AcknowledgeClass::get_type() const
 .text._ZNK16AcknowledgeClass13get_data_sizeEv
                0x0000000008000776       0x16 ./Core/Src/main.o
                0x0000000008000776                AcknowledgeClass::get_data_size() const
 .text._ZNSt7__cxx1110_List_baseISt10unique_ptrI11AbstractMsgSt14default_deleteIS2_EESaIS5_EE10_List_implD2Ev
                0x000000000800078c       0x18 ./Core/Src/main.o
                0x000000000800078c                std::__cxx11::_List_base<std::unique_ptr<AbstractMsg, std::default_delete<AbstractMsg> >, std::allocator<std::unique_ptr<AbstractMsg, std::default_delete<AbstractMsg> > > >::_List_impl::~_List_impl()
                0x000000000800078c                std::__cxx11::_List_base<std::unique_ptr<AbstractMsg, std::default_delete<AbstractMsg> >, std::allocator<std::unique_ptr<AbstractMsg, std::default_delete<AbstractMsg> > > >::_List_impl::~_List_impl()
 .text._ZNSt7__cxx1110_List_baseISt10unique_ptrI11AbstractMsgSt14default_deleteIS2_EESaIS5_EEC2Ev
                0x00000000080007a4       0x1a ./Core/Src/main.o
                0x00000000080007a4                std::__cxx11::_List_base<std::unique_ptr<AbstractMsg, std::default_delete<AbstractMsg> >, std::allocator<std::unique_ptr<AbstractMsg, std::default_delete<AbstractMsg> > > >::_List_base()
                0x00000000080007a4                std::__cxx11::_List_base<std::unique_ptr<AbstractMsg, std::default_delete<AbstractMsg> >, std::allocator<std::unique_ptr<AbstractMsg, std::default_delete<AbstractMsg> > > >::_List_base()
 .text._ZNSt7__cxx114listISt10unique_ptrI11AbstractMsgSt14default_deleteIS2_EESaIS5_EEC2Ev
                0x00000000080007be       0x1a ./Core/Src/main.o
                0x00000000080007be                std::__cxx11::list<std::unique_ptr<AbstractMsg, std::default_delete<AbstractMsg> >, std::allocator<std::unique_ptr<AbstractMsg, std::default_delete<AbstractMsg> > > >::list()
                0x00000000080007be                std::__cxx11::list<std::unique_ptr<AbstractMsg, std::default_delete<AbstractMsg> >, std::allocator<std::unique_ptr<AbstractMsg, std::default_delete<AbstractMsg> > > >::list()
 .text._Z18transmit_front_msgv
                0x00000000080007d8       0x54 ./Core/Src/main.o
                0x00000000080007d8                transmit_front_msg()
 .text._Z11receive_ackv
                0x000000000800082c       0x2c ./Core/Src/main.o
                0x000000000800082c                receive_ack()
 .text.main     0x0000000008000858       0x68 ./Core/Src/main.o
                0x0000000008000858                main
 .text._Z18SystemClock_Configv
                0x00000000080008c0       0xf0 ./Core/Src/main.o
                0x00000000080008c0                SystemClock_Config()
 .text._ZL19MX_USART2_UART_Initv
                0x00000000080009b0       0x5c ./Core/Src/main.o
 .text._ZL11MX_DMA_Initv
                0x0000000008000a0c       0x50 ./Core/Src/main.o
 .text._ZL12MX_GPIO_Initv
                0x0000000008000a5c       0xdc ./Core/Src/main.o
 .text._Z10send_printPKc
                0x0000000008000b38       0xd8 ./Core/Src/main.o
                0x0000000008000b38                send_print(char const*)
 .text._Z10send_floatf
                0x0000000008000c10       0xc4 ./Core/Src/main.o
                0x0000000008000c10                send_float(float)
 .text.HAL_UART_TxCpltCallback
                0x0000000008000cd4       0xd8 ./Core/Src/main.o
                0x0000000008000cd4                HAL_UART_TxCpltCallback
 .text.HAL_UART_RxCpltCallback
                0x0000000008000dac       0xf0 ./Core/Src/main.o
                0x0000000008000dac                HAL_UART_RxCpltCallback
 .text.Error_Handler
                0x0000000008000e9c        0xa ./Core/Src/main.o
                0x0000000008000e9c                Error_Handler
 .text._ZNSt15__uniq_ptr_dataIhSt14default_deleteIA_hELb1ELb1EECI2St15__uniq_ptr_implIhS2_EEPh
                0x0000000008000ea6       0x20 ./Core/Src/main.o
                0x0000000008000ea6                std::__uniq_ptr_data<unsigned char, std::default_delete<unsigned char []>, true, true>::__uniq_ptr_impl(unsigned char*)
                0x0000000008000ea6                std::__uniq_ptr_data<unsigned char, std::default_delete<unsigned char []>, true, true>::__uniq_ptr_impl(unsigned char*)
 .text._ZNSt10unique_ptrIA_hSt14default_deleteIS0_EEC2IPhS2_vbEET_
                0x0000000008000ec6       0x1e ./Core/Src/main.o
                0x0000000008000ec6                std::unique_ptr<unsigned char [], std::default_delete<unsigned char []> >::unique_ptr<unsigned char*, std::default_delete<unsigned char []>, void, bool>(unsigned char*)
                0x0000000008000ec6                std::unique_ptr<unsigned char [], std::default_delete<unsigned char []> >::unique_ptr<unsigned char*, std::default_delete<unsigned char []>, void, bool>(unsigned char*)
 .text._ZNSt10unique_ptrIA_hSt14default_deleteIS0_EED2Ev
                0x0000000008000ee4       0x3e ./Core/Src/main.o
                0x0000000008000ee4                std::unique_ptr<unsigned char [], std::default_delete<unsigned char []> >::~unique_ptr()
                0x0000000008000ee4                std::unique_ptr<unsigned char [], std::default_delete<unsigned char []> >::~unique_ptr()
 .text._ZNKSt10unique_ptrIA_hSt14default_deleteIS0_EEixEj
                0x0000000008000f22       0x22 ./Core/Src/main.o
                0x0000000008000f22                std::unique_ptr<unsigned char [], std::default_delete<unsigned char []> >::operator[](unsigned int) const
 .text._ZNKSt10unique_ptrIA_hSt14default_deleteIS0_EE3getEv
                0x0000000008000f44       0x1a ./Core/Src/main.o
                0x0000000008000f44                std::unique_ptr<unsigned char [], std::default_delete<unsigned char []> >::get() const
 .text._ZNSt7__cxx1110_List_baseISt10unique_ptrI11AbstractMsgSt14default_deleteIS2_EESaIS5_EE10_List_implC2Ev
                0x0000000008000f5e       0x20 ./Core/Src/main.o
                0x0000000008000f5e                std::__cxx11::_List_base<std::unique_ptr<AbstractMsg, std::default_delete<AbstractMsg> >, std::allocator<std::unique_ptr<AbstractMsg, std::default_delete<AbstractMsg> > > >::_List_impl::_List_impl()
                0x0000000008000f5e                std::__cxx11::_List_base<std::unique_ptr<AbstractMsg, std::default_delete<AbstractMsg> >, std::allocator<std::unique_ptr<AbstractMsg, std::default_delete<AbstractMsg> > > >::_List_impl::_List_impl()
 .text._ZNSaISt10_List_nodeISt10unique_ptrI11AbstractMsgSt14default_deleteIS1_EEEED2Ev
                0x0000000008000f7e       0x18 ./Core/Src/main.o
                0x0000000008000f7e                std::allocator<std::_List_node<std::unique_ptr<AbstractMsg, std::default_delete<AbstractMsg> > > >::~allocator()
                0x0000000008000f7e                std::allocator<std::_List_node<std::unique_ptr<AbstractMsg, std::default_delete<AbstractMsg> > > >::~allocator()
 .text._ZNSt7__cxx1110_List_baseISt10unique_ptrI11AbstractMsgSt14default_deleteIS2_EESaIS5_EED2Ev
                0x0000000008000f96       0x20 ./Core/Src/main.o
                0x0000000008000f96                std::__cxx11::_List_base<std::unique_ptr<AbstractMsg, std::default_delete<AbstractMsg> >, std::allocator<std::unique_ptr<AbstractMsg, std::default_delete<AbstractMsg> > > >::~_List_base()
                0x0000000008000f96                std::__cxx11::_List_base<std::unique_ptr<AbstractMsg, std::default_delete<AbstractMsg> >, std::allocator<std::unique_ptr<AbstractMsg, std::default_delete<AbstractMsg> > > >::~_List_base()
 .text._ZNSt7__cxx114listISt10unique_ptrI11AbstractMsgSt14default_deleteIS2_EESaIS5_EE5frontEv
                0x0000000008000fb6       0x26 ./Core/Src/main.o
                0x0000000008000fb6                std::__cxx11::list<std::unique_ptr<AbstractMsg, std::default_delete<AbstractMsg> >, std::allocator<std::unique_ptr<AbstractMsg, std::default_delete<AbstractMsg> > > >::front()
 .text._ZNKSt10unique_ptrI11AbstractMsgSt14default_deleteIS0_EEptEv
                0x0000000008000fdc       0x18 ./Core/Src/main.o
                0x0000000008000fdc                std::unique_ptr<AbstractMsg, std::default_delete<AbstractMsg> >::operator->() const
 .text._ZSt7forwardIjEOT_RNSt16remove_referenceIS0_E4typeE
                0x0000000008000ff4       0x16 ./Core/Src/main.o
                0x0000000008000ff4                unsigned int&& std::forward<unsigned int>(std::remove_reference<unsigned int>::type&)
 .text._ZSt11make_uniqueI11HeaderClassJRKhjEENSt9_MakeUniqIT_E15__single_objectEDpOT0_
                0x000000000800100a       0x46 ./Core/Src/main.o
                0x000000000800100a                std::_MakeUniq<HeaderClass>::__single_object std::make_unique<HeaderClass, unsigned char const&, unsigned int>(unsigned char const&, unsigned int&&)
 .text._ZNSt10unique_ptrI11HeaderClassSt14default_deleteIS0_EED2Ev
                0x0000000008001050       0x44 ./Core/Src/main.o
                0x0000000008001050                std::unique_ptr<HeaderClass, std::default_delete<HeaderClass> >::~unique_ptr()
                0x0000000008001050                std::unique_ptr<HeaderClass, std::default_delete<HeaderClass> >::~unique_ptr()
 .text._ZNSt15__uniq_ptr_dataI11AbstractMsgSt14default_deleteIS0_ELb1ELb1EECI2St15__uniq_ptr_implIS0_S2_EIS1_I11HeaderClassEEEPS0_OT_
                0x0000000008001094       0x22 ./Core/Src/main.o
                0x0000000008001094                std::__uniq_ptr_data<AbstractMsg, std::default_delete<AbstractMsg>, true, true>::__uniq_ptr_impl<std::default_delete<HeaderClass> >(AbstractMsg*, std::default_delete<HeaderClass>&&)
                0x0000000008001094                std::__uniq_ptr_data<AbstractMsg, std::default_delete<AbstractMsg>, true, true>::__uniq_ptr_impl<std::default_delete<HeaderClass> >(AbstractMsg*, std::default_delete<HeaderClass>&&)
 .text._ZNSt10unique_ptrI11AbstractMsgSt14default_deleteIS0_EEC2I11HeaderClassS1_IS5_EvEEOS_IT_T0_E
                0x00000000080010b6       0x38 ./Core/Src/main.o
                0x00000000080010b6                std::unique_ptr<AbstractMsg, std::default_delete<AbstractMsg> >::unique_ptr<HeaderClass, std::default_delete<HeaderClass>, void>(std::unique_ptr<HeaderClass, std::default_delete<HeaderClass> >&&)
                0x00000000080010b6                std::unique_ptr<AbstractMsg, std::default_delete<AbstractMsg> >::unique_ptr<HeaderClass, std::default_delete<HeaderClass>, void>(std::unique_ptr<HeaderClass, std::default_delete<HeaderClass> >&&)
 .text._ZNSt10unique_ptrI11AbstractMsgSt14default_deleteIS0_EED2Ev
                0x00000000080010ee       0x44 ./Core/Src/main.o
                0x00000000080010ee                std::unique_ptr<AbstractMsg, std::default_delete<AbstractMsg> >::~unique_ptr()
                0x00000000080010ee                std::unique_ptr<AbstractMsg, std::default_delete<AbstractMsg> >::~unique_ptr()
 .text._ZNSt7__cxx114listISt10unique_ptrI11AbstractMsgSt14default_deleteIS2_EESaIS5_EE9push_backEOS5_
                0x0000000008001132       0x2c ./Core/Src/main.o
                0x0000000008001132                std::__cxx11::list<std::unique_ptr<AbstractMsg, std::default_delete<AbstractMsg> >, std::allocator<std::unique_ptr<AbstractMsg, std::default_delete<AbstractMsg> > > >::push_back(std::unique_ptr<AbstractMsg, std::default_delete<AbstractMsg> >&&)
 .text._ZSt11make_uniqueI12PayloadClassJRPKcjEENSt9_MakeUniqIT_E15__single_objectEDpOT0_
                0x000000000800115e       0x46 ./Core/Src/main.o
                0x000000000800115e                std::_MakeUniq<PayloadClass>::__single_object std::make_unique<PayloadClass, char const*&, unsigned int>(char const*&, unsigned int&&)
 .text._ZNSt10unique_ptrI12PayloadClassSt14default_deleteIS0_EED2Ev
                0x00000000080011a4       0x44 ./Core/Src/main.o
                0x00000000080011a4                std::unique_ptr<PayloadClass, std::default_delete<PayloadClass> >::~unique_ptr()
                0x00000000080011a4                std::unique_ptr<PayloadClass, std::default_delete<PayloadClass> >::~unique_ptr()
 .text._ZNSt15__uniq_ptr_dataI11AbstractMsgSt14default_deleteIS0_ELb1ELb1EECI2St15__uniq_ptr_implIS0_S2_EIS1_I12PayloadClassEEEPS0_OT_
                0x00000000080011e8       0x22 ./Core/Src/main.o
                0x00000000080011e8                std::__uniq_ptr_data<AbstractMsg, std::default_delete<AbstractMsg>, true, true>::__uniq_ptr_impl<std::default_delete<PayloadClass> >(AbstractMsg*, std::default_delete<PayloadClass>&&)
                0x00000000080011e8                std::__uniq_ptr_data<AbstractMsg, std::default_delete<AbstractMsg>, true, true>::__uniq_ptr_impl<std::default_delete<PayloadClass> >(AbstractMsg*, std::default_delete<PayloadClass>&&)
 .text._ZNSt10unique_ptrI11AbstractMsgSt14default_deleteIS0_EEC2I12PayloadClassS1_IS5_EvEEOS_IT_T0_E
                0x000000000800120a       0x38 ./Core/Src/main.o
                0x000000000800120a                std::unique_ptr<AbstractMsg, std::default_delete<AbstractMsg> >::unique_ptr<PayloadClass, std::default_delete<PayloadClass>, void>(std::unique_ptr<PayloadClass, std::default_delete<PayloadClass> >&&)
                0x000000000800120a                std::unique_ptr<AbstractMsg, std::default_delete<AbstractMsg> >::unique_ptr<PayloadClass, std::default_delete<PayloadClass>, void>(std::unique_ptr<PayloadClass, std::default_delete<PayloadClass> >&&)
 .text._ZNKSt7__cxx114listISt10unique_ptrI11AbstractMsgSt14default_deleteIS2_EESaIS5_EE4sizeEv
                0x0000000008001242       0x18 ./Core/Src/main.o
                0x0000000008001242                std::__cxx11::list<std::unique_ptr<AbstractMsg, std::default_delete<AbstractMsg> >, std::allocator<std::unique_ptr<AbstractMsg, std::default_delete<AbstractMsg> > > >::size() const
 .text._ZSt11make_uniqueI12PayloadClassJPfjEENSt9_MakeUniqIT_E15__single_objectEDpOT0_
                0x000000000800125a       0x46 ./Core/Src/main.o
                0x000000000800125a                std::_MakeUniq<PayloadClass>::__single_object std::make_unique<PayloadClass, float*, unsigned int>(float*&&, unsigned int&&)
 .text._ZNKSt7__cxx114listISt10unique_ptrI11AbstractMsgSt14default_deleteIS2_EESaIS5_EE5emptyEv
                0x00000000080012a0       0x24 ./Core/Src/main.o
                0x00000000080012a0                std::__cxx11::list<std::unique_ptr<AbstractMsg, std::default_delete<AbstractMsg> >, std::allocator<std::unique_ptr<AbstractMsg, std::default_delete<AbstractMsg> > > >::empty() const
 .text._ZNSt7__cxx114listISt10unique_ptrI11AbstractMsgSt14default_deleteIS2_EESaIS5_EE9pop_frontEv
                0x00000000080012c4       0x20 ./Core/Src/main.o
                0x00000000080012c4                std::__cxx11::list<std::unique_ptr<AbstractMsg, std::default_delete<AbstractMsg> >, std::allocator<std::unique_ptr<AbstractMsg, std::default_delete<AbstractMsg> > > >::pop_front()
 .text._ZNSt15__uniq_ptr_implIhSt14default_deleteIA_hEEC2EPh
                0x00000000080012e4       0x28 ./Core/Src/main.o
                0x00000000080012e4                std::__uniq_ptr_impl<unsigned char, std::default_delete<unsigned char []> >::__uniq_ptr_impl(unsigned char*)
                0x00000000080012e4                std::__uniq_ptr_impl<unsigned char, std::default_delete<unsigned char []> >::__uniq_ptr_impl(unsigned char*)
 .text._ZNSt15__uniq_ptr_implIhSt14default_deleteIA_hEE6_M_ptrEv
                0x000000000800130c       0x1a ./Core/Src/main.o
                0x000000000800130c                std::__uniq_ptr_impl<unsigned char, std::default_delete<unsigned char []> >::_M_ptr()
 .text._ZNSt10unique_ptrIA_hSt14default_deleteIS0_EE11get_deleterEv
                0x0000000008001326       0x1a ./Core/Src/main.o
                0x0000000008001326                std::unique_ptr<unsigned char [], std::default_delete<unsigned char []> >::get_deleter()
 .text._ZNKSt14default_deleteIA_hEclIhEENSt9enable_ifIXsrSt14is_convertibleIPA_T_PS0_E5valueEvE4typeEPS5_
                0x0000000008001340       0x1e ./Core/Src/main.o
                0x0000000008001340                std::enable_if<std::is_convertible<unsigned char (*) [], unsigned char (*) []>::value, void>::type std::default_delete<unsigned char []>::operator()<unsigned char>(unsigned char*) const
 .text._ZNKSt15__uniq_ptr_implIhSt14default_deleteIA_hEE6_M_ptrEv
                0x000000000800135e       0x1c ./Core/Src/main.o
                0x000000000800135e                std::__uniq_ptr_impl<unsigned char, std::default_delete<unsigned char []> >::_M_ptr() const
 .text._ZNSaISt10_List_nodeISt10unique_ptrI11AbstractMsgSt14default_deleteIS1_EEEEC2Ev
                0x000000000800137a       0x18 ./Core/Src/main.o
                0x000000000800137a                std::allocator<std::_List_node<std::unique_ptr<AbstractMsg, std::default_delete<AbstractMsg> > > >::allocator()
                0x000000000800137a                std::allocator<std::_List_node<std::unique_ptr<AbstractMsg, std::default_delete<AbstractMsg> > > >::allocator()
 .text._ZN9__gnu_cxx13new_allocatorISt10_List_nodeISt10unique_ptrI11AbstractMsgSt14default_deleteIS3_EEEED2Ev
                0x0000000008001392       0x16 ./Core/Src/main.o
                0x0000000008001392                __gnu_cxx::new_allocator<std::_List_node<std::unique_ptr<AbstractMsg, std::default_delete<AbstractMsg> > > >::~new_allocator()
                0x0000000008001392                __gnu_cxx::new_allocator<std::_List_node<std::unique_ptr<AbstractMsg, std::default_delete<AbstractMsg> > > >::~new_allocator()
 .text._ZNSt7__cxx1110_List_baseISt10unique_ptrI11AbstractMsgSt14default_deleteIS2_EESaIS5_EE8_M_clearEv
                0x00000000080013a8       0x4c ./Core/Src/main.o
                0x00000000080013a8                std::__cxx11::_List_base<std::unique_ptr<AbstractMsg, std::default_delete<AbstractMsg> >, std::allocator<std::unique_ptr<AbstractMsg, std::default_delete<AbstractMsg> > > >::_M_clear()
 .text._ZNSt7__cxx114listISt10unique_ptrI11AbstractMsgSt14default_deleteIS2_EESaIS5_EE5beginEv
                0x00000000080013f4       0x22 ./Core/Src/main.o
                0x00000000080013f4                std::__cxx11::list<std::unique_ptr<AbstractMsg, std::default_delete<AbstractMsg> >, std::allocator<std::unique_ptr<AbstractMsg, std::default_delete<AbstractMsg> > > >::begin()
 .text._ZNKSt14_List_iteratorISt10unique_ptrI11AbstractMsgSt14default_deleteIS1_EEEdeEv
                0x0000000008001416       0x1c ./Core/Src/main.o
                0x0000000008001416                std::_List_iterator<std::unique_ptr<AbstractMsg, std::default_delete<AbstractMsg> > >::operator*() const
 .text._ZNKSt10unique_ptrI11AbstractMsgSt14default_deleteIS0_EE3getEv
                0x0000000008001432       0x1a ./Core/Src/main.o
                0x0000000008001432                std::unique_ptr<AbstractMsg, std::default_delete<AbstractMsg> >::get() const
 .text._ZSt7forwardIRKhEOT_RNSt16remove_referenceIS2_E4typeE
                0x000000000800144c       0x16 ./Core/Src/main.o
                0x000000000800144c                unsigned char const& std::forward<unsigned char const&>(std::remove_reference<unsigned char const&>::type&)
 .text._ZNSt15__uniq_ptr_dataI11HeaderClassSt14default_deleteIS0_ELb1ELb1EECI2St15__uniq_ptr_implIS0_S2_EEPS0_
                0x0000000008001462       0x20 ./Core/Src/main.o
                0x0000000008001462                std::__uniq_ptr_data<HeaderClass, std::default_delete<HeaderClass>, true, true>::__uniq_ptr_impl(HeaderClass*)
                0x0000000008001462                std::__uniq_ptr_data<HeaderClass, std::default_delete<HeaderClass>, true, true>::__uniq_ptr_impl(HeaderClass*)
 .text._ZNSt10unique_ptrI11HeaderClassSt14default_deleteIS0_EEC2IS2_vEEPS0_
                0x0000000008001482       0x1e ./Core/Src/main.o
                0x0000000008001482                std::unique_ptr<HeaderClass, std::default_delete<HeaderClass> >::unique_ptr<std::default_delete<HeaderClass>, void>(HeaderClass*)
                0x0000000008001482                std::unique_ptr<HeaderClass, std::default_delete<HeaderClass> >::unique_ptr<std::default_delete<HeaderClass>, void>(HeaderClass*)
 .text._ZNSt15__uniq_ptr_implI11HeaderClassSt14default_deleteIS0_EE6_M_ptrEv
                0x00000000080014a0       0x1a ./Core/Src/main.o
                0x00000000080014a0                std::__uniq_ptr_impl<HeaderClass, std::default_delete<HeaderClass> >::_M_ptr()
 .text._ZNSt10unique_ptrI11HeaderClassSt14default_deleteIS0_EE11get_deleterEv
                0x00000000080014ba       0x1a ./Core/Src/main.o
                0x00000000080014ba                std::unique_ptr<HeaderClass, std::default_delete<HeaderClass> >::get_deleter()
 .text._ZSt4moveIRP11HeaderClassEONSt16remove_referenceIT_E4typeEOS4_
                0x00000000080014d4       0x16 ./Core/Src/main.o
                0x00000000080014d4                std::remove_reference<HeaderClass*&>::type&& std::move<HeaderClass*&>(HeaderClass*&)
 *fill*         0x00000000080014ea        0x2 
 .text._ZN11HeaderClassD2Ev
                0x00000000080014ec       0x30 ./Core/Src/main.o
                0x00000000080014ec                HeaderClass::~HeaderClass()
                0x00000000080014ec                HeaderClass::~HeaderClass()
 .text._ZN11HeaderClassD0Ev
                0x000000000800151c       0x20 ./Core/Src/main.o
                0x000000000800151c                HeaderClass::~HeaderClass()
 .text._ZNKSt14default_deleteI11HeaderClassEclEPS0_
                0x000000000800153c       0x22 ./Core/Src/main.o
                0x000000000800153c                std::default_delete<HeaderClass>::operator()(HeaderClass*) const
 .text._ZNSt10unique_ptrI11HeaderClassSt14default_deleteIS0_EE7releaseEv
                0x000000000800155e       0x1a ./Core/Src/main.o
                0x000000000800155e                std::unique_ptr<HeaderClass, std::default_delete<HeaderClass> >::release()
 .text._ZSt7forwardISt14default_deleteI11HeaderClassEEOT_RNSt16remove_referenceIS3_E4typeE
                0x0000000008001578       0x16 ./Core/Src/main.o
                0x0000000008001578                std::default_delete<HeaderClass>&& std::forward<std::default_delete<HeaderClass> >(std::remove_reference<std::default_delete<HeaderClass> >::type&)
 .text._ZNSt15__uniq_ptr_implI11AbstractMsgSt14default_deleteIS0_EEC2IS1_I11HeaderClassEEEPS0_OT_
                0x000000000800158e       0x2c ./Core/Src/main.o
                0x000000000800158e                std::__uniq_ptr_impl<AbstractMsg, std::default_delete<AbstractMsg> >::__uniq_ptr_impl<std::default_delete<HeaderClass> >(AbstractMsg*, std::default_delete<HeaderClass>&&)
                0x000000000800158e                std::__uniq_ptr_impl<AbstractMsg, std::default_delete<AbstractMsg> >::__uniq_ptr_impl<std::default_delete<HeaderClass> >(AbstractMsg*, std::default_delete<HeaderClass>&&)
 .text._ZNSt15__uniq_ptr_implI11AbstractMsgSt14default_deleteIS0_EE6_M_ptrEv
                0x00000000080015ba       0x1a ./Core/Src/main.o
                0x00000000080015ba                std::__uniq_ptr_impl<AbstractMsg, std::default_delete<AbstractMsg> >::_M_ptr()
 .text._ZNSt10unique_ptrI11AbstractMsgSt14default_deleteIS0_EE11get_deleterEv
                0x00000000080015d4       0x1a ./Core/Src/main.o
                0x00000000080015d4                std::unique_ptr<AbstractMsg, std::default_delete<AbstractMsg> >::get_deleter()
 .text._ZSt4moveIRP11AbstractMsgEONSt16remove_referenceIT_E4typeEOS4_
                0x00000000080015ee       0x16 ./Core/Src/main.o
                0x00000000080015ee                std::remove_reference<AbstractMsg*&>::type&& std::move<AbstractMsg*&>(AbstractMsg*&)
 .text._ZNKSt14default_deleteI11AbstractMsgEclEPS0_
                0x0000000008001604       0x22 ./Core/Src/main.o
                0x0000000008001604                std::default_delete<AbstractMsg>::operator()(AbstractMsg*) const
 .text._ZNSt7__cxx114listISt10unique_ptrI11AbstractMsgSt14default_deleteIS2_EESaIS5_EE3endEv
                0x0000000008001626       0x20 ./Core/Src/main.o
                0x0000000008001626                std::__cxx11::list<std::unique_ptr<AbstractMsg, std::default_delete<AbstractMsg> >, std::allocator<std::unique_ptr<AbstractMsg, std::default_delete<AbstractMsg> > > >::end()
 .text._ZSt4moveIRSt10unique_ptrI11AbstractMsgSt14default_deleteIS1_EEEONSt16remove_referenceIT_E4typeEOS7_
                0x0000000008001646       0x16 ./Core/Src/main.o
                0x0000000008001646                std::remove_reference<std::unique_ptr<AbstractMsg, std::default_delete<AbstractMsg> >&>::type&& std::move<std::unique_ptr<AbstractMsg, std::default_delete<AbstractMsg> >&>(std::unique_ptr<AbstractMsg, std::default_delete<AbstractMsg> >&)
 .text._ZNSt7__cxx114listISt10unique_ptrI11AbstractMsgSt14default_deleteIS2_EESaIS5_EE9_M_insertIJS5_EEEvSt14_List_iteratorIS5_EDpOT_
                0x000000000800165c       0x3c ./Core/Src/main.o
                0x000000000800165c                void std::__cxx11::list<std::unique_ptr<AbstractMsg, std::default_delete<AbstractMsg> >, std::allocator<std::unique_ptr<AbstractMsg, std::default_delete<AbstractMsg> > > >::_M_insert<std::unique_ptr<AbstractMsg, std::default_delete<AbstractMsg> > >(std::_List_iterator<std::unique_ptr<AbstractMsg, std::default_delete<AbstractMsg> > >, std::unique_ptr<AbstractMsg, std::default_delete<AbstractMsg> >&&)
 .text._ZSt7forwardIRPKcEOT_RNSt16remove_referenceIS3_E4typeE
                0x0000000008001698       0x16 ./Core/Src/main.o
                0x0000000008001698                char const*& std::forward<char const*&>(std::remove_reference<char const*&>::type&)
 *fill*         0x00000000080016ae        0x2 
 .text._ZN12PayloadClassC2IKcEEPT_h
                0x00000000080016b0       0x7c ./Core/Src/main.o
                0x00000000080016b0                PayloadClass::PayloadClass<char const>(char const*, unsigned char)
                0x00000000080016b0                PayloadClass::PayloadClass<char const>(char const*, unsigned char)
 .text._ZNSt15__uniq_ptr_dataI12PayloadClassSt14default_deleteIS0_ELb1ELb1EECI2St15__uniq_ptr_implIS0_S2_EEPS0_
                0x000000000800172c       0x20 ./Core/Src/main.o
                0x000000000800172c                std::__uniq_ptr_data<PayloadClass, std::default_delete<PayloadClass>, true, true>::__uniq_ptr_impl(PayloadClass*)
                0x000000000800172c                std::__uniq_ptr_data<PayloadClass, std::default_delete<PayloadClass>, true, true>::__uniq_ptr_impl(PayloadClass*)
 .text._ZNSt10unique_ptrI12PayloadClassSt14default_deleteIS0_EEC2IS2_vEEPS0_
                0x000000000800174c       0x1e ./Core/Src/main.o
                0x000000000800174c                std::unique_ptr<PayloadClass, std::default_delete<PayloadClass> >::unique_ptr<std::default_delete<PayloadClass>, void>(PayloadClass*)
                0x000000000800174c                std::unique_ptr<PayloadClass, std::default_delete<PayloadClass> >::unique_ptr<std::default_delete<PayloadClass>, void>(PayloadClass*)
 .text._ZNSt15__uniq_ptr_implI12PayloadClassSt14default_deleteIS0_EE6_M_ptrEv
                0x000000000800176a       0x1a ./Core/Src/main.o
                0x000000000800176a                std::__uniq_ptr_impl<PayloadClass, std::default_delete<PayloadClass> >::_M_ptr()
 .text._ZNSt10unique_ptrI12PayloadClassSt14default_deleteIS0_EE11get_deleterEv
                0x0000000008001784       0x1a ./Core/Src/main.o
                0x0000000008001784                std::unique_ptr<PayloadClass, std::default_delete<PayloadClass> >::get_deleter()
 .text._ZSt4moveIRP12PayloadClassEONSt16remove_referenceIT_E4typeEOS4_
                0x000000000800179e       0x16 ./Core/Src/main.o
                0x000000000800179e                std::remove_reference<PayloadClass*&>::type&& std::move<PayloadClass*&>(PayloadClass*&)
 .text._ZN12PayloadClassD2Ev
                0x00000000080017b4       0x30 ./Core/Src/main.o
                0x00000000080017b4                PayloadClass::~PayloadClass()
                0x00000000080017b4                PayloadClass::~PayloadClass()
 .text._ZN12PayloadClassD0Ev
                0x00000000080017e4       0x20 ./Core/Src/main.o
                0x00000000080017e4                PayloadClass::~PayloadClass()
 .text._ZNKSt14default_deleteI12PayloadClassEclEPS0_
                0x0000000008001804       0x22 ./Core/Src/main.o
                0x0000000008001804                std::default_delete<PayloadClass>::operator()(PayloadClass*) const
 .text._ZNSt10unique_ptrI12PayloadClassSt14default_deleteIS0_EE7releaseEv
                0x0000000008001826       0x1a ./Core/Src/main.o
                0x0000000008001826                std::unique_ptr<PayloadClass, std::default_delete<PayloadClass> >::release()
 .text._ZSt7forwardISt14default_deleteI12PayloadClassEEOT_RNSt16remove_referenceIS3_E4typeE
                0x0000000008001840       0x16 ./Core/Src/main.o
                0x0000000008001840                std::default_delete<PayloadClass>&& std::forward<std::default_delete<PayloadClass> >(std::remove_reference<std::default_delete<PayloadClass> >::type&)
 .text._ZNSt15__uniq_ptr_implI11AbstractMsgSt14default_deleteIS0_EEC2IS1_I12PayloadClassEEEPS0_OT_
                0x0000000008001856       0x2c ./Core/Src/main.o
                0x0000000008001856                std::__uniq_ptr_impl<AbstractMsg, std::default_delete<AbstractMsg> >::__uniq_ptr_impl<std::default_delete<PayloadClass> >(AbstractMsg*, std::default_delete<PayloadClass>&&)
                0x0000000008001856                std::__uniq_ptr_impl<AbstractMsg, std::default_delete<AbstractMsg> >::__uniq_ptr_impl<std::default_delete<PayloadClass> >(AbstractMsg*, std::default_delete<PayloadClass>&&)
 .text._ZNKSt7__cxx114listISt10unique_ptrI11AbstractMsgSt14default_deleteIS2_EESaIS5_EE13_M_node_countEv
                0x0000000008001882       0x1a ./Core/Src/main.o
                0x0000000008001882                std::__cxx11::list<std::unique_ptr<AbstractMsg, std::default_delete<AbstractMsg> >, std::allocator<std::unique_ptr<AbstractMsg, std::default_delete<AbstractMsg> > > >::_M_node_count() const
 .text._ZSt7forwardIPfEOT_RNSt16remove_referenceIS1_E4typeE
                0x000000000800189c       0x16 ./Core/Src/main.o
                0x000000000800189c                float*&& std::forward<float*>(std::remove_reference<float*>::type&)
 *fill*         0x00000000080018b2        0x2 
 .text._ZN12PayloadClassC2IfEEPT_h
                0x00000000080018b4       0x7c ./Core/Src/main.o
                0x00000000080018b4                PayloadClass::PayloadClass<float>(float*, unsigned char)
                0x00000000080018b4                PayloadClass::PayloadClass<float>(float*, unsigned char)
 .text._ZNSt7__cxx114listISt10unique_ptrI11AbstractMsgSt14default_deleteIS2_EESaIS5_EE8_M_eraseESt14_List_iteratorIS5_E
                0x0000000008001930       0x4c ./Core/Src/main.o
                0x0000000008001930                std::__cxx11::list<std::unique_ptr<AbstractMsg, std::default_delete<AbstractMsg> >, std::allocator<std::unique_ptr<AbstractMsg, std::default_delete<AbstractMsg> > > >::_M_erase(std::_List_iterator<std::unique_ptr<AbstractMsg, std::default_delete<AbstractMsg> > >)
 .text._ZNSt5tupleIJPhSt14default_deleteIA_hEEEC2ILb1ELb1EEEv
                0x000000000800197c       0x1a ./Core/Src/main.o
                0x000000000800197c                std::tuple<unsigned char*, std::default_delete<unsigned char []> >::tuple<true, true>()
                0x000000000800197c                std::tuple<unsigned char*, std::default_delete<unsigned char []> >::tuple<true, true>()
 .text._ZSt3getILj0EJPhSt14default_deleteIA_hEEERNSt13tuple_elementIXT_ESt5tupleIJDpT0_EEE4typeERS8_
                0x0000000008001996       0x1a ./Core/Src/main.o
                0x0000000008001996                std::tuple_element<0u, std::tuple<unsigned char*, std::default_delete<unsigned char []> > >::type& std::get<0u, unsigned char*, std::default_delete<unsigned char []> >(std::tuple<unsigned char*, std::default_delete<unsigned char []> >&)
 .text._ZNSt15__uniq_ptr_implIhSt14default_deleteIA_hEE10_M_deleterEv
                0x00000000080019b0       0x1a ./Core/Src/main.o
                0x00000000080019b0                std::__uniq_ptr_impl<unsigned char, std::default_delete<unsigned char []> >::_M_deleter()
 .text._ZSt3getILj0EJPhSt14default_deleteIA_hEEERKNSt13tuple_elementIXT_ESt5tupleIJDpT0_EEE4typeERKS8_
                0x00000000080019ca       0x1a ./Core/Src/main.o
                0x00000000080019ca                std::tuple_element<0u, std::tuple<unsigned char*, std::default_delete<unsigned char []> > >::type const& std::get<0u, unsigned char*, std::default_delete<unsigned char []> >(std::tuple<unsigned char*, std::default_delete<unsigned char []> > const&)
 .text._ZN9__gnu_cxx13new_allocatorISt10_List_nodeISt10unique_ptrI11AbstractMsgSt14default_deleteIS3_EEEEC2Ev
                0x00000000080019e4       0x16 ./Core/Src/main.o
                0x00000000080019e4                __gnu_cxx::new_allocator<std::_List_node<std::unique_ptr<AbstractMsg, std::default_delete<AbstractMsg> > > >::new_allocator()
                0x00000000080019e4                __gnu_cxx::new_allocator<std::_List_node<std::unique_ptr<AbstractMsg, std::default_delete<AbstractMsg> > > >::new_allocator()
 .text._ZNSt10_List_nodeISt10unique_ptrI11AbstractMsgSt14default_deleteIS1_EEE9_M_valptrEv
                0x00000000080019fa       0x1c ./Core/Src/main.o
                0x00000000080019fa                std::_List_node<std::unique_ptr<AbstractMsg, std::default_delete<AbstractMsg> > >::_M_valptr()
 .text._ZNSt7__cxx1110_List_baseISt10unique_ptrI11AbstractMsgSt14default_deleteIS2_EESaIS5_EE21_M_get_Node_allocatorEv
                0x0000000008001a16       0x16 ./Core/Src/main.o
                0x0000000008001a16                std::__cxx11::_List_base<std::unique_ptr<AbstractMsg, std::default_delete<AbstractMsg> >, std::allocator<std::unique_ptr<AbstractMsg, std::default_delete<AbstractMsg> > > >::_M_get_Node_allocator()
 .text._ZNSt16allocator_traitsISaISt10_List_nodeISt10unique_ptrI11AbstractMsgSt14default_deleteIS2_EEEEE7destroyIS5_EEvRS7_PT_
                0x0000000008001a2c       0x1a ./Core/Src/main.o
                0x0000000008001a2c                void std::allocator_traits<std::allocator<std::_List_node<std::unique_ptr<AbstractMsg, std::default_delete<AbstractMsg> > > > >::destroy<std::unique_ptr<AbstractMsg, std::default_delete<AbstractMsg> > >(std::allocator<std::_List_node<std::unique_ptr<AbstractMsg, std::default_delete<AbstractMsg> > > >&, std::unique_ptr<AbstractMsg, std::default_delete<AbstractMsg> >*)
 .text._ZNSt7__cxx1110_List_baseISt10unique_ptrI11AbstractMsgSt14default_deleteIS2_EESaIS5_EE11_M_put_nodeEPSt10_List_nodeIS5_E
                0x0000000008001a46       0x1e ./Core/Src/main.o
                0x0000000008001a46                std::__cxx11::_List_base<std::unique_ptr<AbstractMsg, std::default_delete<AbstractMsg> >, std::allocator<std::unique_ptr<AbstractMsg, std::default_delete<AbstractMsg> > > >::_M_put_node(std::_List_node<std::unique_ptr<AbstractMsg, std::default_delete<AbstractMsg> > >*)
 .text._ZNSt14_List_iteratorISt10unique_ptrI11AbstractMsgSt14default_deleteIS1_EEEC2EPNSt8__detail15_List_node_baseE
                0x0000000008001a64       0x1e ./Core/Src/main.o
                0x0000000008001a64                std::_List_iterator<std::unique_ptr<AbstractMsg, std::default_delete<AbstractMsg> > >::_List_iterator(std::__detail::_List_node_base*)
                0x0000000008001a64                std::_List_iterator<std::unique_ptr<AbstractMsg, std::default_delete<AbstractMsg> > >::_List_iterator(std::__detail::_List_node_base*)
 .text._ZNKSt15__uniq_ptr_implI11AbstractMsgSt14default_deleteIS0_EE6_M_ptrEv
                0x0000000008001a82       0x1c ./Core/Src/main.o
                0x0000000008001a82                std::__uniq_ptr_impl<AbstractMsg, std::default_delete<AbstractMsg> >::_M_ptr() const
 .text._ZNSt15__uniq_ptr_implI11HeaderClassSt14default_deleteIS0_EEC2EPS0_
                0x0000000008001a9e       0x28 ./Core/Src/main.o
                0x0000000008001a9e                std::__uniq_ptr_impl<HeaderClass, std::default_delete<HeaderClass> >::__uniq_ptr_impl(HeaderClass*)
                0x0000000008001a9e                std::__uniq_ptr_impl<HeaderClass, std::default_delete<HeaderClass> >::__uniq_ptr_impl(HeaderClass*)
 .text._ZSt3getILj0EJP11HeaderClassSt14default_deleteIS0_EEERNSt13tuple_elementIXT_ESt5tupleIJDpT0_EEE4typeERS8_
                0x0000000008001ac6       0x1a ./Core/Src/main.o
                0x0000000008001ac6                std::tuple_element<0u, std::tuple<HeaderClass*, std::default_delete<HeaderClass> > >::type& std::get<0u, HeaderClass*, std::default_delete<HeaderClass> >(std::tuple<HeaderClass*, std::default_delete<HeaderClass> >&)
 .text._ZNSt15__uniq_ptr_implI11HeaderClassSt14default_deleteIS0_EE10_M_deleterEv
                0x0000000008001ae0       0x1a ./Core/Src/main.o
                0x0000000008001ae0                std::__uniq_ptr_impl<HeaderClass, std::default_delete<HeaderClass> >::_M_deleter()
 .text._ZNSt15__uniq_ptr_implI11HeaderClassSt14default_deleteIS0_EE7releaseEv
                0x0000000008001afa       0x2a ./Core/Src/main.o
                0x0000000008001afa                std::__uniq_ptr_impl<HeaderClass, std::default_delete<HeaderClass> >::release()
 .text._ZNSt5tupleIJP11AbstractMsgSt14default_deleteIS0_EEEC2IRS1_S2_I11HeaderClassELb1EEEOT_OT0_
                0x0000000008001b24       0x32 ./Core/Src/main.o
                0x0000000008001b24                std::tuple<AbstractMsg*, std::default_delete<AbstractMsg> >::tuple<AbstractMsg*&, std::default_delete<HeaderClass>, true>(AbstractMsg*&, std::default_delete<HeaderClass>&&)
                0x0000000008001b24                std::tuple<AbstractMsg*, std::default_delete<AbstractMsg> >::tuple<AbstractMsg*&, std::default_delete<HeaderClass>, true>(AbstractMsg*&, std::default_delete<HeaderClass>&&)
 .text._ZSt3getILj0EJP11AbstractMsgSt14default_deleteIS0_EEERNSt13tuple_elementIXT_ESt5tupleIJDpT0_EEE4typeERS8_
                0x0000000008001b56       0x1a ./Core/Src/main.o
                0x0000000008001b56                std::tuple_element<0u, std::tuple<AbstractMsg*, std::default_delete<AbstractMsg> > >::type& std::get<0u, AbstractMsg*, std::default_delete<AbstractMsg> >(std::tuple<AbstractMsg*, std::default_delete<AbstractMsg> >&)
 .text._ZNSt15__uniq_ptr_implI11AbstractMsgSt14default_deleteIS0_EE10_M_deleterEv
                0x0000000008001b70       0x1a ./Core/Src/main.o
                0x0000000008001b70                std::__uniq_ptr_impl<AbstractMsg, std::default_delete<AbstractMsg> >::_M_deleter()
 .text._ZSt7forwardISt10unique_ptrI11AbstractMsgSt14default_deleteIS1_EEEOT_RNSt16remove_referenceIS5_E4typeE
                0x0000000008001b8a       0x16 ./Core/Src/main.o
                0x0000000008001b8a                std::unique_ptr<AbstractMsg, std::default_delete<AbstractMsg> >&& std::forward<std::unique_ptr<AbstractMsg, std::default_delete<AbstractMsg> > >(std::remove_reference<std::unique_ptr<AbstractMsg, std::default_delete<AbstractMsg> > >::type&)
 .text._ZNSt7__cxx114listISt10unique_ptrI11AbstractMsgSt14default_deleteIS2_EESaIS5_EE14_M_create_nodeIJS5_EEEPSt10_List_nodeIS5_EDpOT_
                0x0000000008001ba0       0x68 ./Core/Src/main.o
                0x0000000008001ba0                std::_List_node<std::unique_ptr<AbstractMsg, std::default_delete<AbstractMsg> > >* std::__cxx11::list<std::unique_ptr<AbstractMsg, std::default_delete<AbstractMsg> >, std::allocator<std::unique_ptr<AbstractMsg, std::default_delete<AbstractMsg> > > >::_M_create_node<std::unique_ptr<AbstractMsg, std::default_delete<AbstractMsg> > >(std::unique_ptr<AbstractMsg, std::default_delete<AbstractMsg> >&&)
 .text._ZNSt7__cxx1110_List_baseISt10unique_ptrI11AbstractMsgSt14default_deleteIS2_EESaIS5_EE11_M_inc_sizeEj
                0x0000000008001c08       0x22 ./Core/Src/main.o
                0x0000000008001c08                std::__cxx11::_List_base<std::unique_ptr<AbstractMsg, std::default_delete<AbstractMsg> >, std::allocator<std::unique_ptr<AbstractMsg, std::default_delete<AbstractMsg> > > >::_M_inc_size(unsigned int)
 .text._ZNSt15__uniq_ptr_implI12PayloadClassSt14default_deleteIS0_EEC2EPS0_
                0x0000000008001c2a       0x28 ./Core/Src/main.o
                0x0000000008001c2a                std::__uniq_ptr_impl<PayloadClass, std::default_delete<PayloadClass> >::__uniq_ptr_impl(PayloadClass*)
                0x0000000008001c2a                std::__uniq_ptr_impl<PayloadClass, std::default_delete<PayloadClass> >::__uniq_ptr_impl(PayloadClass*)
 .text._ZSt3getILj0EJP12PayloadClassSt14default_deleteIS0_EEERNSt13tuple_elementIXT_ESt5tupleIJDpT0_EEE4typeERS8_
                0x0000000008001c52       0x1a ./Core/Src/main.o
                0x0000000008001c52                std::tuple_element<0u, std::tuple<PayloadClass*, std::default_delete<PayloadClass> > >::type& std::get<0u, PayloadClass*, std::default_delete<PayloadClass> >(std::tuple<PayloadClass*, std::default_delete<PayloadClass> >&)
 .text._ZNSt15__uniq_ptr_implI12PayloadClassSt14default_deleteIS0_EE10_M_deleterEv
                0x0000000008001c6c       0x1a ./Core/Src/main.o
                0x0000000008001c6c                std::__uniq_ptr_impl<PayloadClass, std::default_delete<PayloadClass> >::_M_deleter()
 .text._ZNSt15__uniq_ptr_implI12PayloadClassSt14default_deleteIS0_EE7releaseEv
                0x0000000008001c86       0x2a ./Core/Src/main.o
                0x0000000008001c86                std::__uniq_ptr_impl<PayloadClass, std::default_delete<PayloadClass> >::release()
 .text._ZNSt5tupleIJP11AbstractMsgSt14default_deleteIS0_EEEC2IRS1_S2_I12PayloadClassELb1EEEOT_OT0_
                0x0000000008001cb0       0x32 ./Core/Src/main.o
                0x0000000008001cb0                std::tuple<AbstractMsg*, std::default_delete<AbstractMsg> >::tuple<AbstractMsg*&, std::default_delete<PayloadClass>, true>(AbstractMsg*&, std::default_delete<PayloadClass>&&)
                0x0000000008001cb0                std::tuple<AbstractMsg*, std::default_delete<AbstractMsg> >::tuple<AbstractMsg*&, std::default_delete<PayloadClass>, true>(AbstractMsg*&, std::default_delete<PayloadClass>&&)
 .text._ZNKSt7__cxx1110_List_baseISt10unique_ptrI11AbstractMsgSt14default_deleteIS2_EESaIS5_EE11_M_get_sizeEv
                0x0000000008001ce2       0x18 ./Core/Src/main.o
                0x0000000008001ce2                std::__cxx11::_List_base<std::unique_ptr<AbstractMsg, std::default_delete<AbstractMsg> >, std::allocator<std::unique_ptr<AbstractMsg, std::default_delete<AbstractMsg> > > >::_M_get_size() const
 .text._ZNSt7__cxx1110_List_baseISt10unique_ptrI11AbstractMsgSt14default_deleteIS2_EESaIS5_EE11_M_dec_sizeEj
                0x0000000008001cfa       0x22 ./Core/Src/main.o
                0x0000000008001cfa                std::__cxx11::_List_base<std::unique_ptr<AbstractMsg, std::default_delete<AbstractMsg> >, std::allocator<std::unique_ptr<AbstractMsg, std::default_delete<AbstractMsg> > > >::_M_dec_size(unsigned int)
 .text._ZNSt11_Tuple_implILj0EJPhSt14default_deleteIA_hEEEC2Ev
                0x0000000008001d1c       0x20 ./Core/Src/main.o
                0x0000000008001d1c                std::_Tuple_impl<0u, unsigned char*, std::default_delete<unsigned char []> >::_Tuple_impl()
                0x0000000008001d1c                std::_Tuple_impl<0u, unsigned char*, std::default_delete<unsigned char []> >::_Tuple_impl()
 .text._ZSt12__get_helperILj0EPhJSt14default_deleteIA_hEEERT0_RSt11_Tuple_implIXT_EJS4_DpT1_EE
                0x0000000008001d3c       0x18 ./Core/Src/main.o
                0x0000000008001d3c                unsigned char*& std::__get_helper<0u, unsigned char*, std::default_delete<unsigned char []> >(std::_Tuple_impl<0u, unsigned char*, std::default_delete<unsigned char []> >&)
 .text._ZSt3getILj1EJPhSt14default_deleteIA_hEEERNSt13tuple_elementIXT_ESt5tupleIJDpT0_EEE4typeERS8_
                0x0000000008001d54       0x18 ./Core/Src/main.o
                0x0000000008001d54                std::tuple_element<1u, std::tuple<unsigned char*, std::default_delete<unsigned char []> > >::type& std::get<1u, unsigned char*, std::default_delete<unsigned char []> >(std::tuple<unsigned char*, std::default_delete<unsigned char []> >&)
 .text._ZSt12__get_helperILj0EPhJSt14default_deleteIA_hEEERKT0_RKSt11_Tuple_implIXT_EJS4_DpT1_EE
                0x0000000008001d6c       0x18 ./Core/Src/main.o
                0x0000000008001d6c                unsigned char* const& std::__get_helper<0u, unsigned char*, std::default_delete<unsigned char []> >(std::_Tuple_impl<0u, unsigned char*, std::default_delete<unsigned char []> > const&)
 .text._ZN9__gnu_cxx16__aligned_membufISt10unique_ptrI11AbstractMsgSt14default_deleteIS2_EEE6_M_ptrEv
                0x0000000008001d84       0x18 ./Core/Src/main.o
                0x0000000008001d84                __gnu_cxx::__aligned_membuf<std::unique_ptr<AbstractMsg, std::default_delete<AbstractMsg> > >::_M_ptr()
 .text._ZN9__gnu_cxx13new_allocatorISt10_List_nodeISt10unique_ptrI11AbstractMsgSt14default_deleteIS3_EEEE7destroyIS6_EEvPT_
                0x0000000008001d9c       0x18 ./Core/Src/main.o
                0x0000000008001d9c                void __gnu_cxx::new_allocator<std::_List_node<std::unique_ptr<AbstractMsg, std::default_delete<AbstractMsg> > > >::destroy<std::unique_ptr<AbstractMsg, std::default_delete<AbstractMsg> > >(std::unique_ptr<AbstractMsg, std::default_delete<AbstractMsg> >*)
 .text._ZNSt16allocator_traitsISaISt10_List_nodeISt10unique_ptrI11AbstractMsgSt14default_deleteIS2_EEEEE10deallocateERS7_PS6_j
                0x0000000008001db4       0x1e ./Core/Src/main.o
                0x0000000008001db4                std::allocator_traits<std::allocator<std::_List_node<std::unique_ptr<AbstractMsg, std::default_delete<AbstractMsg> > > > >::deallocate(std::allocator<std::_List_node<std::unique_ptr<AbstractMsg, std::default_delete<AbstractMsg> > > >&, std::_List_node<std::unique_ptr<AbstractMsg, std::default_delete<AbstractMsg> > >*, unsigned int)
 .text._ZSt3getILj0EJP11AbstractMsgSt14default_deleteIS0_EEERKNSt13tuple_elementIXT_ESt5tupleIJDpT0_EEE4typeERKS8_
                0x0000000008001dd2       0x1a ./Core/Src/main.o
                0x0000000008001dd2                std::tuple_element<0u, std::tuple<AbstractMsg*, std::default_delete<AbstractMsg> > >::type const& std::get<0u, AbstractMsg*, std::default_delete<AbstractMsg> >(std::tuple<AbstractMsg*, std::default_delete<AbstractMsg> > const&)
 .text._ZNSt5tupleIJP11HeaderClassSt14default_deleteIS0_EEEC2ILb1ELb1EEEv
                0x0000000008001dec       0x1a ./Core/Src/main.o
                0x0000000008001dec                std::tuple<HeaderClass*, std::default_delete<HeaderClass> >::tuple<true, true>()
                0x0000000008001dec                std::tuple<HeaderClass*, std::default_delete<HeaderClass> >::tuple<true, true>()
 .text._ZSt12__get_helperILj0EP11HeaderClassJSt14default_deleteIS0_EEERT0_RSt11_Tuple_implIXT_EJS4_DpT1_EE
                0x0000000008001e06       0x18 ./Core/Src/main.o
                0x0000000008001e06                HeaderClass*& std::__get_helper<0u, HeaderClass*, std::default_delete<HeaderClass> >(std::_Tuple_impl<0u, HeaderClass*, std::default_delete<HeaderClass> >&)
 .text._ZSt3getILj1EJP11HeaderClassSt14default_deleteIS0_EEERNSt13tuple_elementIXT_ESt5tupleIJDpT0_EEE4typeERS8_
                0x0000000008001e1e       0x18 ./Core/Src/main.o
                0x0000000008001e1e                std::tuple_element<1u, std::tuple<HeaderClass*, std::default_delete<HeaderClass> > >::type& std::get<1u, HeaderClass*, std::default_delete<HeaderClass> >(std::tuple<HeaderClass*, std::default_delete<HeaderClass> >&)
 .text._ZSt7forwardIRP11AbstractMsgEOT_RNSt16remove_referenceIS3_E4typeE
                0x0000000008001e36       0x16 ./Core/Src/main.o
                0x0000000008001e36                AbstractMsg*& std::forward<AbstractMsg*&>(std::remove_reference<AbstractMsg*&>::type&)
 .text._ZNSt11_Tuple_implILj0EJP11AbstractMsgSt14default_deleteIS0_EEEC2IRS1_JS2_I11HeaderClassEEvEEOT_DpOT0_
                0x0000000008001e4c       0x38 ./Core/Src/main.o
                0x0000000008001e4c                std::_Tuple_impl<0u, AbstractMsg*, std::default_delete<AbstractMsg> >::_Tuple_impl<AbstractMsg*&, std::default_delete<HeaderClass>, void>(AbstractMsg*&, std::default_delete<HeaderClass>&&)
                0x0000000008001e4c                std::_Tuple_impl<0u, AbstractMsg*, std::default_delete<AbstractMsg> >::_Tuple_impl<AbstractMsg*&, std::default_delete<HeaderClass>, void>(AbstractMsg*&, std::default_delete<HeaderClass>&&)
 .text._ZSt12__get_helperILj0EP11AbstractMsgJSt14default_deleteIS0_EEERT0_RSt11_Tuple_implIXT_EJS4_DpT1_EE
                0x0000000008001e84       0x18 ./Core/Src/main.o
                0x0000000008001e84                AbstractMsg*& std::__get_helper<0u, AbstractMsg*, std::default_delete<AbstractMsg> >(std::_Tuple_impl<0u, AbstractMsg*, std::default_delete<AbstractMsg> >&)
 .text._ZSt3getILj1EJP11AbstractMsgSt14default_deleteIS0_EEERNSt13tuple_elementIXT_ESt5tupleIJDpT0_EEE4typeERS8_
                0x0000000008001e9c       0x18 ./Core/Src/main.o
                0x0000000008001e9c                std::tuple_element<1u, std::tuple<AbstractMsg*, std::default_delete<AbstractMsg> > >::type& std::get<1u, AbstractMsg*, std::default_delete<AbstractMsg> >(std::tuple<AbstractMsg*, std::default_delete<AbstractMsg> >&)
 .text._ZNSt7__cxx1110_List_baseISt10unique_ptrI11AbstractMsgSt14default_deleteIS2_EESaIS5_EE11_M_get_nodeEv
                0x0000000008001eb4       0x1c ./Core/Src/main.o
                0x0000000008001eb4                std::__cxx11::_List_base<std::unique_ptr<AbstractMsg, std::default_delete<AbstractMsg> >, std::allocator<std::unique_ptr<AbstractMsg, std::default_delete<AbstractMsg> > > >::_M_get_node()
 .text._ZNSt15__allocated_ptrISaISt10_List_nodeISt10unique_ptrI11AbstractMsgSt14default_deleteIS2_EEEEEC2ERS7_PS6_
                0x0000000008001ed0       0x28 ./Core/Src/main.o
                0x0000000008001ed0                std::__allocated_ptr<std::allocator<std::_List_node<std::unique_ptr<AbstractMsg, std::default_delete<AbstractMsg> > > > >::__allocated_ptr(std::allocator<std::_List_node<std::unique_ptr<AbstractMsg, std::default_delete<AbstractMsg> > > >&, std::_List_node<std::unique_ptr<AbstractMsg, std::default_delete<AbstractMsg> > >*)
                0x0000000008001ed0                std::__allocated_ptr<std::allocator<std::_List_node<std::unique_ptr<AbstractMsg, std::default_delete<AbstractMsg> > > > >::__allocated_ptr(std::allocator<std::_List_node<std::unique_ptr<AbstractMsg, std::default_delete<AbstractMsg> > > >&, std::_List_node<std::unique_ptr<AbstractMsg, std::default_delete<AbstractMsg> > >*)
 .text._ZNSt15__allocated_ptrISaISt10_List_nodeISt10unique_ptrI11AbstractMsgSt14default_deleteIS2_EEEEED2Ev
                0x0000000008001ef8       0x2a ./Core/Src/main.o
                0x0000000008001ef8                std::__allocated_ptr<std::allocator<std::_List_node<std::unique_ptr<AbstractMsg, std::default_delete<AbstractMsg> > > > >::~__allocated_ptr()
                0x0000000008001ef8                std::__allocated_ptr<std::allocator<std::_List_node<std::unique_ptr<AbstractMsg, std::default_delete<AbstractMsg> > > > >::~__allocated_ptr()
 .text._ZNSt16allocator_traitsISaISt10_List_nodeISt10unique_ptrI11AbstractMsgSt14default_deleteIS2_EEEEE9constructIS5_JS5_EEEvRS7_PT_DpOT0_
                0x0000000008001f22       0x26 ./Core/Src/main.o
                0x0000000008001f22                void std::allocator_traits<std::allocator<std::_List_node<std::unique_ptr<AbstractMsg, std::default_delete<AbstractMsg> > > > >::construct<std::unique_ptr<AbstractMsg, std::default_delete<AbstractMsg> >, std::unique_ptr<AbstractMsg, std::default_delete<AbstractMsg> > >(std::allocator<std::_List_node<std::unique_ptr<AbstractMsg, std::default_delete<AbstractMsg> > > >&, std::unique_ptr<AbstractMsg, std::default_delete<AbstractMsg> >*, std::unique_ptr<AbstractMsg, std::default_delete<AbstractMsg> >&&)
 .text._ZNSt15__allocated_ptrISaISt10_List_nodeISt10unique_ptrI11AbstractMsgSt14default_deleteIS2_EEEEEaSEDn
                0x0000000008001f48       0x1e ./Core/Src/main.o
                0x0000000008001f48                std::__allocated_ptr<std::allocator<std::_List_node<std::unique_ptr<AbstractMsg, std::default_delete<AbstractMsg> > > > >::operator=(decltype(nullptr))
 .text._ZNSt5tupleIJP12PayloadClassSt14default_deleteIS0_EEEC2ILb1ELb1EEEv
                0x0000000008001f66       0x1a ./Core/Src/main.o
                0x0000000008001f66                std::tuple<PayloadClass*, std::default_delete<PayloadClass> >::tuple<true, true>()
                0x0000000008001f66                std::tuple<PayloadClass*, std::default_delete<PayloadClass> >::tuple<true, true>()
 .text._ZSt12__get_helperILj0EP12PayloadClassJSt14default_deleteIS0_EEERT0_RSt11_Tuple_implIXT_EJS4_DpT1_EE
                0x0000000008001f80       0x18 ./Core/Src/main.o
                0x0000000008001f80                PayloadClass*& std::__get_helper<0u, PayloadClass*, std::default_delete<PayloadClass> >(std::_Tuple_impl<0u, PayloadClass*, std::default_delete<PayloadClass> >&)
 .text._ZSt3getILj1EJP12PayloadClassSt14default_deleteIS0_EEERNSt13tuple_elementIXT_ESt5tupleIJDpT0_EEE4typeERS8_
                0x0000000008001f98       0x18 ./Core/Src/main.o
                0x0000000008001f98                std::tuple_element<1u, std::tuple<PayloadClass*, std::default_delete<PayloadClass> > >::type& std::get<1u, PayloadClass*, std::default_delete<PayloadClass> >(std::tuple<PayloadClass*, std::default_delete<PayloadClass> >&)
 .text._ZNSt11_Tuple_implILj0EJP11AbstractMsgSt14default_deleteIS0_EEEC2IRS1_JS2_I12PayloadClassEEvEEOT_DpOT0_
                0x0000000008001fb0       0x38 ./Core/Src/main.o
                0x0000000008001fb0                std::_Tuple_impl<0u, AbstractMsg*, std::default_delete<AbstractMsg> >::_Tuple_impl<AbstractMsg*&, std::default_delete<PayloadClass>, void>(AbstractMsg*&, std::default_delete<PayloadClass>&&)
                0x0000000008001fb0                std::_Tuple_impl<0u, AbstractMsg*, std::default_delete<AbstractMsg> >::_Tuple_impl<AbstractMsg*&, std::default_delete<PayloadClass>, void>(AbstractMsg*&, std::default_delete<PayloadClass>&&)
 .text._ZNSt11_Tuple_implILj1EJSt14default_deleteIA_hEEEC2Ev
                0x0000000008001fe8       0x18 ./Core/Src/main.o
                0x0000000008001fe8                std::_Tuple_impl<1u, std::default_delete<unsigned char []> >::_Tuple_impl()
                0x0000000008001fe8                std::_Tuple_impl<1u, std::default_delete<unsigned char []> >::_Tuple_impl()
 .text._ZNSt10_Head_baseILj0EPhLb0EEC2Ev
                0x0000000008002000       0x1c ./Core/Src/main.o
                0x0000000008002000                std::_Head_base<0u, unsigned char*, false>::_Head_base()
                0x0000000008002000                std::_Head_base<0u, unsigned char*, false>::_Head_base()
 .text._ZNSt11_Tuple_implILj0EJPhSt14default_deleteIA_hEEE7_M_headERS4_
                0x000000000800201c       0x1a ./Core/Src/main.o
                0x000000000800201c                std::_Tuple_impl<0u, unsigned char*, std::default_delete<unsigned char []> >::_M_head(std::_Tuple_impl<0u, unsigned char*, std::default_delete<unsigned char []> >&)
 .text._ZSt12__get_helperILj1ESt14default_deleteIA_hEJEERT0_RSt11_Tuple_implIXT_EJS3_DpT1_EE
                0x0000000008002036       0x18 ./Core/Src/main.o
                0x0000000008002036                std::default_delete<unsigned char []>& std::__get_helper<1u, std::default_delete<unsigned char []>>(std::_Tuple_impl<1u, std::default_delete<unsigned char []>>&)
 .text._ZNSt11_Tuple_implILj0EJPhSt14default_deleteIA_hEEE7_M_headERKS4_
                0x000000000800204e       0x1a ./Core/Src/main.o
                0x000000000800204e                std::_Tuple_impl<0u, unsigned char*, std::default_delete<unsigned char []> >::_M_head(std::_Tuple_impl<0u, unsigned char*, std::default_delete<unsigned char []> > const&)
 .text._ZN9__gnu_cxx16__aligned_membufISt10unique_ptrI11AbstractMsgSt14default_deleteIS2_EEE7_M_addrEv
                0x0000000008002068       0x16 ./Core/Src/main.o
                0x0000000008002068                __gnu_cxx::__aligned_membuf<std::unique_ptr<AbstractMsg, std::default_delete<AbstractMsg> > >::_M_addr()
 .text._ZN9__gnu_cxx13new_allocatorISt10_List_nodeISt10unique_ptrI11AbstractMsgSt14default_deleteIS3_EEEE10deallocateEPS7_j
                0x000000000800207e       0x26 ./Core/Src/main.o
                0x000000000800207e                __gnu_cxx::new_allocator<std::_List_node<std::unique_ptr<AbstractMsg, std::default_delete<AbstractMsg> > > >::deallocate(std::_List_node<std::unique_ptr<AbstractMsg, std::default_delete<AbstractMsg> > >*, unsigned int)
 .text._ZSt12__get_helperILj0EP11AbstractMsgJSt14default_deleteIS0_EEERKT0_RKSt11_Tuple_implIXT_EJS4_DpT1_EE
                0x00000000080020a4       0x18 ./Core/Src/main.o
                0x00000000080020a4                AbstractMsg* const& std::__get_helper<0u, AbstractMsg*, std::default_delete<AbstractMsg> >(std::_Tuple_impl<0u, AbstractMsg*, std::default_delete<AbstractMsg> > const&)
 .text._ZNSt11_Tuple_implILj0EJP11HeaderClassSt14default_deleteIS0_EEEC2Ev
                0x00000000080020bc       0x20 ./Core/Src/main.o
                0x00000000080020bc                std::_Tuple_impl<0u, HeaderClass*, std::default_delete<HeaderClass> >::_Tuple_impl()
                0x00000000080020bc                std::_Tuple_impl<0u, HeaderClass*, std::default_delete<HeaderClass> >::_Tuple_impl()
 .text._ZNSt11_Tuple_implILj0EJP11HeaderClassSt14default_deleteIS0_EEE7_M_headERS4_
                0x00000000080020dc       0x1a ./Core/Src/main.o
                0x00000000080020dc                std::_Tuple_impl<0u, HeaderClass*, std::default_delete<HeaderClass> >::_M_head(std::_Tuple_impl<0u, HeaderClass*, std::default_delete<HeaderClass> >&)
 .text._ZSt12__get_helperILj1ESt14default_deleteI11HeaderClassEJEERT0_RSt11_Tuple_implIXT_EJS3_DpT1_EE
                0x00000000080020f6       0x18 ./Core/Src/main.o
                0x00000000080020f6                std::default_delete<HeaderClass>& std::__get_helper<1u, std::default_delete<HeaderClass>>(std::_Tuple_impl<1u, std::default_delete<HeaderClass>>&)
 .text._ZNSt11_Tuple_implILj1EJSt14default_deleteI11AbstractMsgEEEC2IS0_I11HeaderClassEEEOT_
                0x000000000800210e       0x24 ./Core/Src/main.o
                0x000000000800210e                std::_Tuple_impl<1u, std::default_delete<AbstractMsg> >::_Tuple_impl<std::default_delete<HeaderClass> >(std::default_delete<HeaderClass>&&)
                0x000000000800210e                std::_Tuple_impl<1u, std::default_delete<AbstractMsg> >::_Tuple_impl<std::default_delete<HeaderClass> >(std::default_delete<HeaderClass>&&)
 .text._ZNSt10_Head_baseILj0EP11AbstractMsgLb0EEC2IRS1_EEOT_
                0x0000000008002132       0x22 ./Core/Src/main.o
                0x0000000008002132                std::_Head_base<0u, AbstractMsg*, false>::_Head_base<AbstractMsg*&>(AbstractMsg*&)
                0x0000000008002132                std::_Head_base<0u, AbstractMsg*, false>::_Head_base<AbstractMsg*&>(AbstractMsg*&)
 .text._ZNSt11_Tuple_implILj0EJP11AbstractMsgSt14default_deleteIS0_EEE7_M_headERS4_
                0x0000000008002154       0x1a ./Core/Src/main.o
                0x0000000008002154                std::_Tuple_impl<0u, AbstractMsg*, std::default_delete<AbstractMsg> >::_M_head(std::_Tuple_impl<0u, AbstractMsg*, std::default_delete<AbstractMsg> >&)
 .text._ZSt12__get_helperILj1ESt14default_deleteI11AbstractMsgEJEERT0_RSt11_Tuple_implIXT_EJS3_DpT1_EE
                0x000000000800216e       0x18 ./Core/Src/main.o
                0x000000000800216e                std::default_delete<AbstractMsg>& std::__get_helper<1u, std::default_delete<AbstractMsg>>(std::_Tuple_impl<1u, std::default_delete<AbstractMsg>>&)
 .text._ZNSt16allocator_traitsISaISt10_List_nodeISt10unique_ptrI11AbstractMsgSt14default_deleteIS2_EEEEE8allocateERS7_j
                0x0000000008002186       0x1e ./Core/Src/main.o
                0x0000000008002186                std::allocator_traits<std::allocator<std::_List_node<std::unique_ptr<AbstractMsg, std::default_delete<AbstractMsg> > > > >::allocate(std::allocator<std::_List_node<std::unique_ptr<AbstractMsg, std::default_delete<AbstractMsg> > > >&, unsigned int)
 .text._ZSt11__addressofISaISt10_List_nodeISt10unique_ptrI11AbstractMsgSt14default_deleteIS2_EEEEEPT_RS8_
                0x00000000080021a4       0x16 ./Core/Src/main.o
                0x00000000080021a4                std::allocator<std::_List_node<std::unique_ptr<AbstractMsg, std::default_delete<AbstractMsg> > > >* std::__addressof<std::allocator<std::_List_node<std::unique_ptr<AbstractMsg, std::default_delete<AbstractMsg> > > > >(std::allocator<std::_List_node<std::unique_ptr<AbstractMsg, std::default_delete<AbstractMsg> > > >&)
 .text._ZNSt15__uniq_ptr_dataI11AbstractMsgSt14default_deleteIS0_ELb1ELb1EEC2EOS3_
                0x00000000080021ba       0x20 ./Core/Src/main.o
                0x00000000080021ba                std::__uniq_ptr_data<AbstractMsg, std::default_delete<AbstractMsg>, true, true>::__uniq_ptr_data(std::__uniq_ptr_data<AbstractMsg, std::default_delete<AbstractMsg>, true, true>&&)
                0x00000000080021ba                std::__uniq_ptr_data<AbstractMsg, std::default_delete<AbstractMsg>, true, true>::__uniq_ptr_data(std::__uniq_ptr_data<AbstractMsg, std::default_delete<AbstractMsg>, true, true>&&)
 .text._ZNSt10unique_ptrI11AbstractMsgSt14default_deleteIS0_EEC2EOS3_
                0x00000000080021da       0x20 ./Core/Src/main.o
                0x00000000080021da                std::unique_ptr<AbstractMsg, std::default_delete<AbstractMsg> >::unique_ptr(std::unique_ptr<AbstractMsg, std::default_delete<AbstractMsg> >&&)
                0x00000000080021da                std::unique_ptr<AbstractMsg, std::default_delete<AbstractMsg> >::unique_ptr(std::unique_ptr<AbstractMsg, std::default_delete<AbstractMsg> >&&)
 .text._ZN9__gnu_cxx13new_allocatorISt10_List_nodeISt10unique_ptrI11AbstractMsgSt14default_deleteIS3_EEEE9constructIS6_JS6_EEEvPT_DpOT0_
                0x00000000080021fa       0x30 ./Core/Src/main.o
                0x00000000080021fa                void __gnu_cxx::new_allocator<std::_List_node<std::unique_ptr<AbstractMsg, std::default_delete<AbstractMsg> > > >::construct<std::unique_ptr<AbstractMsg, std::default_delete<AbstractMsg> >, std::unique_ptr<AbstractMsg, std::default_delete<AbstractMsg> > >(std::unique_ptr<AbstractMsg, std::default_delete<AbstractMsg> >*, std::unique_ptr<AbstractMsg, std::default_delete<AbstractMsg> >&&)
 .text._ZNSt11_Tuple_implILj0EJP12PayloadClassSt14default_deleteIS0_EEEC2Ev
                0x000000000800222a       0x20 ./Core/Src/main.o
                0x000000000800222a                std::_Tuple_impl<0u, PayloadClass*, std::default_delete<PayloadClass> >::_Tuple_impl()
                0x000000000800222a                std::_Tuple_impl<0u, PayloadClass*, std::default_delete<PayloadClass> >::_Tuple_impl()
 .text._ZNSt11_Tuple_implILj0EJP12PayloadClassSt14default_deleteIS0_EEE7_M_headERS4_
                0x000000000800224a       0x1a ./Core/Src/main.o
                0x000000000800224a                std::_Tuple_impl<0u, PayloadClass*, std::default_delete<PayloadClass> >::_M_head(std::_Tuple_impl<0u, PayloadClass*, std::default_delete<PayloadClass> >&)
 .text._ZSt12__get_helperILj1ESt14default_deleteI12PayloadClassEJEERT0_RSt11_Tuple_implIXT_EJS3_DpT1_EE
                0x0000000008002264       0x18 ./Core/Src/main.o
                0x0000000008002264                std::default_delete<PayloadClass>& std::__get_helper<1u, std::default_delete<PayloadClass>>(std::_Tuple_impl<1u, std::default_delete<PayloadClass>>&)
 .text._ZNSt11_Tuple_implILj1EJSt14default_deleteI11AbstractMsgEEEC2IS0_I12PayloadClassEEEOT_
                0x000000000800227c       0x24 ./Core/Src/main.o
                0x000000000800227c                std::_Tuple_impl<1u, std::default_delete<AbstractMsg> >::_Tuple_impl<std::default_delete<PayloadClass> >(std::default_delete<PayloadClass>&&)
                0x000000000800227c                std::_Tuple_impl<1u, std::default_delete<AbstractMsg> >::_Tuple_impl<std::default_delete<PayloadClass> >(std::default_delete<PayloadClass>&&)
 .text._ZNSt10_Head_baseILj1ESt14default_deleteIA_hELb1EEC2Ev
                0x00000000080022a0       0x16 ./Core/Src/main.o
                0x00000000080022a0                std::_Head_base<1u, std::default_delete<unsigned char []>, true>::_Head_base()
                0x00000000080022a0                std::_Head_base<1u, std::default_delete<unsigned char []>, true>::_Head_base()
 .text._ZNSt10_Head_baseILj0EPhLb0EE7_M_headERS1_
                0x00000000080022b6       0x16 ./Core/Src/main.o
                0x00000000080022b6                std::_Head_base<0u, unsigned char*, false>::_M_head(std::_Head_base<0u, unsigned char*, false>&)
 .text._ZNSt11_Tuple_implILj1EJSt14default_deleteIA_hEEE7_M_headERS3_
                0x00000000080022cc       0x18 ./Core/Src/main.o
                0x00000000080022cc                std::_Tuple_impl<1u, std::default_delete<unsigned char []> >::_M_head(std::_Tuple_impl<1u, std::default_delete<unsigned char []> >&)
 .text._ZNSt10_Head_baseILj0EPhLb0EE7_M_headERKS1_
                0x00000000080022e4       0x16 ./Core/Src/main.o
                0x00000000080022e4                std::_Head_base<0u, unsigned char*, false>::_M_head(std::_Head_base<0u, unsigned char*, false> const&)
 .text._ZNSt11_Tuple_implILj0EJP11AbstractMsgSt14default_deleteIS0_EEE7_M_headERKS4_
                0x00000000080022fa       0x1a ./Core/Src/main.o
                0x00000000080022fa                std::_Tuple_impl<0u, AbstractMsg*, std::default_delete<AbstractMsg> >::_M_head(std::_Tuple_impl<0u, AbstractMsg*, std::default_delete<AbstractMsg> > const&)
 .text._ZNSt11_Tuple_implILj1EJSt14default_deleteI11HeaderClassEEEC2Ev
                0x0000000008002314       0x18 ./Core/Src/main.o
                0x0000000008002314                std::_Tuple_impl<1u, std::default_delete<HeaderClass> >::_Tuple_impl()
                0x0000000008002314                std::_Tuple_impl<1u, std::default_delete<HeaderClass> >::_Tuple_impl()
 .text._ZNSt10_Head_baseILj0EP11HeaderClassLb0EEC2Ev
                0x000000000800232c       0x1c ./Core/Src/main.o
                0x000000000800232c                std::_Head_base<0u, HeaderClass*, false>::_Head_base()
                0x000000000800232c                std::_Head_base<0u, HeaderClass*, false>::_Head_base()
 .text._ZNSt10_Head_baseILj0EP11HeaderClassLb0EE7_M_headERS2_
                0x0000000008002348       0x16 ./Core/Src/main.o
                0x0000000008002348                std::_Head_base<0u, HeaderClass*, false>::_M_head(std::_Head_base<0u, HeaderClass*, false>&)
 .text._ZNSt11_Tuple_implILj1EJSt14default_deleteI11HeaderClassEEE7_M_headERS3_
                0x000000000800235e       0x18 ./Core/Src/main.o
                0x000000000800235e                std::_Tuple_impl<1u, std::default_delete<HeaderClass> >::_M_head(std::_Tuple_impl<1u, std::default_delete<HeaderClass> >&)
 .text._ZNSt10_Head_baseILj1ESt14default_deleteI11AbstractMsgELb1EEC2IS0_I11HeaderClassEEEOT_
                0x0000000008002376       0x26 ./Core/Src/main.o
                0x0000000008002376                std::_Head_base<1u, std::default_delete<AbstractMsg>, true>::_Head_base<std::default_delete<HeaderClass> >(std::default_delete<HeaderClass>&&)
                0x0000000008002376                std::_Head_base<1u, std::default_delete<AbstractMsg>, true>::_Head_base<std::default_delete<HeaderClass> >(std::default_delete<HeaderClass>&&)
 .text._ZNSt10_Head_baseILj0EP11AbstractMsgLb0EE7_M_headERS2_
                0x000000000800239c       0x16 ./Core/Src/main.o
                0x000000000800239c                std::_Head_base<0u, AbstractMsg*, false>::_M_head(std::_Head_base<0u, AbstractMsg*, false>&)
 .text._ZNSt11_Tuple_implILj1EJSt14default_deleteI11AbstractMsgEEE7_M_headERS3_
                0x00000000080023b2       0x18 ./Core/Src/main.o
                0x00000000080023b2                std::_Tuple_impl<1u, std::default_delete<AbstractMsg> >::_M_head(std::_Tuple_impl<1u, std::default_delete<AbstractMsg> >&)
 *fill*         0x00000000080023ca        0x2 
 .text._ZNK9__gnu_cxx13new_allocatorISt10_List_nodeISt10unique_ptrI11AbstractMsgSt14default_deleteIS3_EEEE11_M_max_sizeEv
                0x00000000080023cc       0x1c ./Core/Src/main.o
                0x00000000080023cc                __gnu_cxx::new_allocator<std::_List_node<std::unique_ptr<AbstractMsg, std::default_delete<AbstractMsg> > > >::_M_max_size() const
 .text._ZN9__gnu_cxx13new_allocatorISt10_List_nodeISt10unique_ptrI11AbstractMsgSt14default_deleteIS3_EEEE8allocateEjPKv
                0x00000000080023e8       0x5c ./Core/Src/main.o
                0x00000000080023e8                __gnu_cxx::new_allocator<std::_List_node<std::unique_ptr<AbstractMsg, std::default_delete<AbstractMsg> > > >::allocate(unsigned int, void const*)
 .text._ZNSt11_Tuple_implILj0EJP11AbstractMsgSt14default_deleteIS0_EEEC2EOS4_
                0x0000000008002444       0x24 ./Core/Src/main.o
                0x0000000008002444                std::_Tuple_impl<0u, AbstractMsg*, std::default_delete<AbstractMsg> >::_Tuple_impl(std::_Tuple_impl<0u, AbstractMsg*, std::default_delete<AbstractMsg> >&&)
                0x0000000008002444                std::_Tuple_impl<0u, AbstractMsg*, std::default_delete<AbstractMsg> >::_Tuple_impl(std::_Tuple_impl<0u, AbstractMsg*, std::default_delete<AbstractMsg> >&&)
 .text._ZNSt5tupleIJP11AbstractMsgSt14default_deleteIS0_EEEC2EOS4_
                0x0000000008002468       0x20 ./Core/Src/main.o
                0x0000000008002468                std::tuple<AbstractMsg*, std::default_delete<AbstractMsg> >::tuple(std::tuple<AbstractMsg*, std::default_delete<AbstractMsg> >&&)
                0x0000000008002468                std::tuple<AbstractMsg*, std::default_delete<AbstractMsg> >::tuple(std::tuple<AbstractMsg*, std::default_delete<AbstractMsg> >&&)
 .text._ZNSt15__uniq_ptr_implI11AbstractMsgSt14default_deleteIS0_EEC2EOS3_
                0x0000000008002488       0x34 ./Core/Src/main.o
                0x0000000008002488                std::__uniq_ptr_impl<AbstractMsg, std::default_delete<AbstractMsg> >::__uniq_ptr_impl(std::__uniq_ptr_impl<AbstractMsg, std::default_delete<AbstractMsg> >&&)
                0x0000000008002488                std::__uniq_ptr_impl<AbstractMsg, std::default_delete<AbstractMsg> >::__uniq_ptr_impl(std::__uniq_ptr_impl<AbstractMsg, std::default_delete<AbstractMsg> >&&)
 .text._ZNSt11_Tuple_implILj1EJSt14default_deleteI12PayloadClassEEEC2Ev
                0x00000000080024bc       0x18 ./Core/Src/main.o
                0x00000000080024bc                std::_Tuple_impl<1u, std::default_delete<PayloadClass> >::_Tuple_impl()
                0x00000000080024bc                std::_Tuple_impl<1u, std::default_delete<PayloadClass> >::_Tuple_impl()
 .text._ZNSt10_Head_baseILj0EP12PayloadClassLb0EEC2Ev
                0x00000000080024d4       0x1c ./Core/Src/main.o
                0x00000000080024d4                std::_Head_base<0u, PayloadClass*, false>::_Head_base()
                0x00000000080024d4                std::_Head_base<0u, PayloadClass*, false>::_Head_base()
 .text._ZNSt10_Head_baseILj0EP12PayloadClassLb0EE7_M_headERS2_
                0x00000000080024f0       0x16 ./Core/Src/main.o
                0x00000000080024f0                std::_Head_base<0u, PayloadClass*, false>::_M_head(std::_Head_base<0u, PayloadClass*, false>&)
 .text._ZNSt11_Tuple_implILj1EJSt14default_deleteI12PayloadClassEEE7_M_headERS3_
                0x0000000008002506       0x18 ./Core/Src/main.o
                0x0000000008002506                std::_Tuple_impl<1u, std::default_delete<PayloadClass> >::_M_head(std::_Tuple_impl<1u, std::default_delete<PayloadClass> >&)
 .text._ZNSt10_Head_baseILj1ESt14default_deleteI11AbstractMsgELb1EEC2IS0_I12PayloadClassEEEOT_
                0x000000000800251e       0x26 ./Core/Src/main.o
                0x000000000800251e                std::_Head_base<1u, std::default_delete<AbstractMsg>, true>::_Head_base<std::default_delete<PayloadClass> >(std::default_delete<PayloadClass>&&)
                0x000000000800251e                std::_Head_base<1u, std::default_delete<AbstractMsg>, true>::_Head_base<std::default_delete<PayloadClass> >(std::default_delete<PayloadClass>&&)
 .text._ZNSt10_Head_baseILj1ESt14default_deleteIA_hELb1EE7_M_headERS3_
                0x0000000008002544       0x16 ./Core/Src/main.o
                0x0000000008002544                std::_Head_base<1u, std::default_delete<unsigned char []>, true>::_M_head(std::_Head_base<1u, std::default_delete<unsigned char []>, true>&)
 .text._ZNSt10_Head_baseILj0EP11AbstractMsgLb0EE7_M_headERKS2_
                0x000000000800255a       0x16 ./Core/Src/main.o
                0x000000000800255a                std::_Head_base<0u, AbstractMsg*, false>::_M_head(std::_Head_base<0u, AbstractMsg*, false> const&)
 .text._ZNSt10_Head_baseILj1ESt14default_deleteI11HeaderClassELb1EEC2Ev
                0x0000000008002570       0x16 ./Core/Src/main.o
                0x0000000008002570                std::_Head_base<1u, std::default_delete<HeaderClass>, true>::_Head_base()
                0x0000000008002570                std::_Head_base<1u, std::default_delete<HeaderClass>, true>::_Head_base()
 .text._ZNSt10_Head_baseILj1ESt14default_deleteI11HeaderClassELb1EE7_M_headERS3_
                0x0000000008002586       0x16 ./Core/Src/main.o
                0x0000000008002586                std::_Head_base<1u, std::default_delete<HeaderClass>, true>::_M_head(std::_Head_base<1u, std::default_delete<HeaderClass>, true>&)
 .text._ZNSt14default_deleteI11AbstractMsgEC2I11HeaderClassvEERKS_IT_E
                0x000000000800259c       0x18 ./Core/Src/main.o
                0x000000000800259c                std::default_delete<AbstractMsg>::default_delete<HeaderClass, void>(std::default_delete<HeaderClass> const&)
                0x000000000800259c                std::default_delete<AbstractMsg>::default_delete<HeaderClass, void>(std::default_delete<HeaderClass> const&)
 .text._ZNSt10_Head_baseILj1ESt14default_deleteI11AbstractMsgELb1EE7_M_headERS3_
                0x00000000080025b4       0x16 ./Core/Src/main.o
                0x00000000080025b4                std::_Head_base<1u, std::default_delete<AbstractMsg>, true>::_M_head(std::_Head_base<1u, std::default_delete<AbstractMsg>, true>&)
 .text._ZSt4moveIRSt5tupleIJP11AbstractMsgSt14default_deleteIS1_EEEEONSt16remove_referenceIT_E4typeEOS8_
                0x00000000080025ca       0x16 ./Core/Src/main.o
                0x00000000080025ca                std::remove_reference<std::tuple<AbstractMsg*, std::default_delete<AbstractMsg> >&>::type&& std::move<std::tuple<AbstractMsg*, std::default_delete<AbstractMsg> >&>(std::tuple<AbstractMsg*, std::default_delete<AbstractMsg> >&)
 .text._ZNSt11_Tuple_implILj1EJSt14default_deleteI11AbstractMsgEEEC2EOS3_
                0x00000000080025e0       0x18 ./Core/Src/main.o
                0x00000000080025e0                std::_Tuple_impl<1u, std::default_delete<AbstractMsg> >::_Tuple_impl(std::_Tuple_impl<1u, std::default_delete<AbstractMsg> >&&)
                0x00000000080025e0                std::_Tuple_impl<1u, std::default_delete<AbstractMsg> >::_Tuple_impl(std::_Tuple_impl<1u, std::default_delete<AbstractMsg> >&&)
 .text._ZNSt10_Head_baseILj1ESt14default_deleteI12PayloadClassELb1EEC2Ev
                0x00000000080025f8       0x16 ./Core/Src/main.o
                0x00000000080025f8                std::_Head_base<1u, std::default_delete<PayloadClass>, true>::_Head_base()
                0x00000000080025f8                std::_Head_base<1u, std::default_delete<PayloadClass>, true>::_Head_base()
 .text._ZNSt10_Head_baseILj1ESt14default_deleteI12PayloadClassELb1EE7_M_headERS3_
                0x000000000800260e       0x16 ./Core/Src/main.o
                0x000000000800260e                std::_Head_base<1u, std::default_delete<PayloadClass>, true>::_M_head(std::_Head_base<1u, std::default_delete<PayloadClass>, true>&)
 .text._ZNSt14default_deleteI11AbstractMsgEC2I12PayloadClassvEERKS_IT_E
                0x0000000008002624       0x18 ./Core/Src/main.o
                0x0000000008002624                std::default_delete<AbstractMsg>::default_delete<PayloadClass, void>(std::default_delete<PayloadClass> const&)
                0x0000000008002624                std::default_delete<AbstractMsg>::default_delete<PayloadClass, void>(std::default_delete<PayloadClass> const&)
 .text._ZN16AcknowledgeClassD2Ev
                0x000000000800263c       0x30 ./Core/Src/main.o
                0x000000000800263c                AcknowledgeClass::~AcknowledgeClass()
                0x000000000800263c                AcknowledgeClass::~AcknowledgeClass()
 .text._ZN16AcknowledgeClassD0Ev
                0x000000000800266c       0x20 ./Core/Src/main.o
                0x000000000800266c                AcknowledgeClass::~AcknowledgeClass()
 .text._ZNSt7__cxx114listISt10unique_ptrI11AbstractMsgSt14default_deleteIS2_EESaIS5_EED2Ev
                0x000000000800268c       0x1a ./Core/Src/main.o
                0x000000000800268c                std::__cxx11::list<std::unique_ptr<AbstractMsg, std::default_delete<AbstractMsg> >, std::allocator<std::unique_ptr<AbstractMsg, std::default_delete<AbstractMsg> > > >::~list()
                0x000000000800268c                std::__cxx11::list<std::unique_ptr<AbstractMsg, std::default_delete<AbstractMsg> >, std::allocator<std::unique_ptr<AbstractMsg, std::default_delete<AbstractMsg> > > >::~list()
 *fill*         0x00000000080026a6        0x2 
 .text._Z41__static_initialization_and_destruction_0ii
                0x00000000080026a8       0x54 ./Core/Src/main.o
 .text._GLOBAL__sub_I_huart2
                0x00000000080026fc       0x10 ./Core/Src/main.o
 .text._GLOBAL__sub_D_huart2
                0x000000000800270c       0x10 ./Core/Src/main.o
 .text.HAL_MspInit
                0x000000000800271c       0x50 ./Core/Src/stm32f4xx_hal_msp.o
                0x000000000800271c                HAL_MspInit
 .text.HAL_UART_MspInit
                0x000000000800276c      0x168 ./Core/Src/stm32f4xx_hal_msp.o
                0x000000000800276c                HAL_UART_MspInit
 .text.NMI_Handler
                0x00000000080028d4        0x6 ./Core/Src/stm32f4xx_it.o
                0x00000000080028d4                NMI_Handler
 .text.HardFault_Handler
                0x00000000080028da        0x6 ./Core/Src/stm32f4xx_it.o
                0x00000000080028da                HardFault_Handler
 .text.MemManage_Handler
                0x00000000080028e0        0x6 ./Core/Src/stm32f4xx_it.o
                0x00000000080028e0                MemManage_Handler
 .text.BusFault_Handler
                0x00000000080028e6        0x6 ./Core/Src/stm32f4xx_it.o
                0x00000000080028e6                BusFault_Handler
 .text.UsageFault_Handler
                0x00000000080028ec        0x6 ./Core/Src/stm32f4xx_it.o
                0x00000000080028ec                UsageFault_Handler
 .text.SVC_Handler
                0x00000000080028f2        0xe ./Core/Src/stm32f4xx_it.o
                0x00000000080028f2                SVC_Handler
 .text.DebugMon_Handler
                0x0000000008002900        0xe ./Core/Src/stm32f4xx_it.o
                0x0000000008002900                DebugMon_Handler
 .text.PendSV_Handler
                0x000000000800290e        0xe ./Core/Src/stm32f4xx_it.o
                0x000000000800290e                PendSV_Handler
 .text.SysTick_Handler
                0x000000000800291c        0xc ./Core/Src/stm32f4xx_it.o
                0x000000000800291c                SysTick_Handler
 .text.DMA1_Stream5_IRQHandler
                0x0000000008002928       0x14 ./Core/Src/stm32f4xx_it.o
                0x0000000008002928                DMA1_Stream5_IRQHandler
 .text.DMA1_Stream6_IRQHandler
                0x000000000800293c       0x14 ./Core/Src/stm32f4xx_it.o
                0x000000000800293c                DMA1_Stream6_IRQHandler
 .text.USART2_IRQHandler
                0x0000000008002950       0x14 ./Core/Src/stm32f4xx_it.o
                0x0000000008002950                USART2_IRQHandler
 .text._getpid  0x0000000008002964       0x10 ./Core/Src/syscalls.o
                0x0000000008002964                _getpid
 .text._kill    0x0000000008002974       0x20 ./Core/Src/syscalls.o
                0x0000000008002974                _kill
 .text._exit    0x0000000008002994       0x14 ./Core/Src/syscalls.o
                0x0000000008002994                _exit
 .text._sbrk    0x00000000080029a8       0x6c ./Core/Src/sysmem.o
                0x00000000080029a8                _sbrk
 .text.SystemInit
                0x0000000008002a14       0x24 ./Core/Src/system_stm32f4xx.o
                0x0000000008002a14                SystemInit
 .text.Reset_Handler
                0x0000000008002a38       0x50 ./Core/Startup/startup_stm32f446retx.o
                0x0000000008002a38                Reset_Handler
 .text.Default_Handler
                0x0000000008002a88        0x2 ./Core/Startup/startup_stm32f446retx.o
                0x0000000008002a88                RTC_Alarm_IRQHandler
                0x0000000008002a88                EXTI2_IRQHandler
                0x0000000008002a88                TIM8_CC_IRQHandler
                0x0000000008002a88                FMPI2C1_EV_IRQHandler
                0x0000000008002a88                SPI4_IRQHandler
                0x0000000008002a88                TIM1_CC_IRQHandler
                0x0000000008002a88                DMA2_Stream5_IRQHandler
                0x0000000008002a88                PVD_IRQHandler
                0x0000000008002a88                SDIO_IRQHandler
                0x0000000008002a88                TAMP_STAMP_IRQHandler
                0x0000000008002a88                CAN2_RX1_IRQHandler
                0x0000000008002a88                EXTI3_IRQHandler
                0x0000000008002a88                TIM8_TRG_COM_TIM14_IRQHandler
                0x0000000008002a88                TIM1_UP_TIM10_IRQHandler
                0x0000000008002a88                TIM8_UP_TIM13_IRQHandler
                0x0000000008002a88                I2C3_ER_IRQHandler
                0x0000000008002a88                EXTI0_IRQHandler
                0x0000000008002a88                I2C2_EV_IRQHandler
                0x0000000008002a88                DMA1_Stream2_IRQHandler
                0x0000000008002a88                CAN1_RX0_IRQHandler
                0x0000000008002a88                FPU_IRQHandler
                0x0000000008002a88                OTG_HS_WKUP_IRQHandler
                0x0000000008002a88                CAN2_SCE_IRQHandler
                0x0000000008002a88                DMA2_Stream2_IRQHandler
                0x0000000008002a88                SPI1_IRQHandler
                0x0000000008002a88                TIM6_DAC_IRQHandler
                0x0000000008002a88                TIM1_BRK_TIM9_IRQHandler
                0x0000000008002a88                DCMI_IRQHandler