Archive member included to satisfy reference by file (symbol)

C:/ST/STM32CubeIDE_1.13.2/STM32CubeIDE/plugins/com.st.stm32cube.ide.mcu.externaltools.gnu-tools-for-stm32.11.3.rel1.win32_1.1.1.202309131626/tools/bin/../lib/gcc/arm-none-eabi/11.3.1/../../../../arm-none-eabi/lib/thumb/v7e-m+fp/hard\libstdc++_nano.a(class_type_info.o)
                              ./Core/Src/main.o (vtable for __cxxabiv1::__class_type_info)
C:/ST/STM32CubeIDE_1.13.2/STM32CubeIDE/plugins/com.st.stm32cube.ide.mcu.externaltools.gnu-tools-for-stm32.11.3.rel1.win32_1.1.1.202309131626/tools/bin/../lib/gcc/arm-none-eabi/11.3.1/../../../../arm-none-eabi/lib/thumb/v7e-m+fp/hard\libstdc++_nano.a(del_ops.o)
                              ./Core/Src/main.o (operator delete(void*, unsigned int))
C:/ST/STM32CubeIDE_1.13.2/STM32CubeIDE/plugins/com.st.stm32cube.ide.mcu.externaltools.gnu-tools-for-stm32.11.3.rel1.win32_1.1.1.202309131626/tools/bin/../lib/gcc/arm-none-eabi/11.3.1/../../../../arm-none-eabi/lib/thumb/v7e-m+fp/hard\libstdc++_nano.a(del_opv.o)
                              ./Core/Src/main.o (operator delete[](void*))
C:/ST/STM32CubeIDE_1.13.2/STM32CubeIDE/plugins/com.st.stm32cube.ide.mcu.externaltools.gnu-tools-for-stm32.11.3.rel1.win32_1.1.1.202309131626/tools/bin/../lib/gcc/arm-none-eabi/11.3.1/../../../../arm-none-eabi/lib/thumb/v7e-m+fp/hard\libstdc++_nano.a(new_op.o)
                              ./Core/Src/msg_handler.o (operator new(unsigned int))
C:/ST/STM32CubeIDE_1.13.2/STM32CubeIDE/plugins/com.st.stm32cube.ide.mcu.externaltools.gnu-tools-for-stm32.11.3.rel1.win32_1.1.1.202309131626/tools/bin/../lib/gcc/arm-none-eabi/11.3.1/../../../../arm-none-eabi/lib/thumb/v7e-m+fp/hard\libstdc++_nano.a(new_opv.o)
                              ./Core/Src/main.o (operator new[](unsigned int))
C:/ST/STM32CubeIDE_1.13.2/STM32CubeIDE/plugins/com.st.stm32cube.ide.mcu.externaltools.gnu-tools-for-stm32.11.3.rel1.win32_1.1.1.202309131626/tools/bin/../lib/gcc/arm-none-eabi/11.3.1/../../../../arm-none-eabi/lib/thumb/v7e-m+fp/hard\libstdc++_nano.a(si_class_type_info.o)
                              ./Core/Src/main.o (vtable for __cxxabiv1::__si_class_type_info)
C:/ST/STM32CubeIDE_1.13.2/STM32CubeIDE/plugins/com.st.stm32cube.ide.mcu.externaltools.gnu-tools-for-stm32.11.3.rel1.win32_1.1.1.202309131626/tools/bin/../lib/gcc/arm-none-eabi/11.3.1/../../../../arm-none-eabi/lib/thumb/v7e-m+fp/hard\libstdc++_nano.a(tinfo.o)
                              C:/ST/STM32CubeIDE_1.13.2/STM32CubeIDE/plugins/com.st.stm32cube.ide.mcu.externaltools.gnu-tools-for-stm32.11.3.rel1.win32_1.1.1.202309131626/tools/bin/../lib/gcc/arm-none-eabi/11.3.1/../../../../arm-none-eabi/lib/thumb/v7e-m+fp/hard\libstdc++_nano.a(class_type_info.o) (std::type_info::~type_info())
C:/ST/STM32CubeIDE_1.13.2/STM32CubeIDE/plugins/com.st.stm32cube.ide.mcu.externaltools.gnu-tools-for-stm32.11.3.rel1.win32_1.1.1.202309131626/tools/bin/../lib/gcc/arm-none-eabi/11.3.1/../../../../arm-none-eabi/lib/thumb/v7e-m+fp/hard\libstdc++_nano.a(list.o)
                              ./Core/Src/msg_handler.o (std::__detail::_List_node_base::_M_hook(std::__detail::_List_node_base*))
C:/ST/STM32CubeIDE_1.13.2/STM32CubeIDE/plugins/com.st.stm32cube.ide.mcu.externaltools.gnu-tools-for-stm32.11.3.rel1.win32_1.1.1.202309131626/tools/bin/../lib/gcc/arm-none-eabi/11.3.1/../../../../arm-none-eabi/lib/thumb/v7e-m+fp/hard\libstdc++_nano.a(functexcept.o)
                              ./Core/Src/msg_handler.o (std::__throw_bad_alloc())
C:/ST/STM32CubeIDE_1.13.2/STM32CubeIDE/plugins/com.st.stm32cube.ide.mcu.externaltools.gnu-tools-for-stm32.11.3.rel1.win32_1.1.1.202309131626/tools/bin/../lib/gcc/arm-none-eabi/11.3.1/../../../../arm-none-eabi/lib/thumb/v7e-m+fp/hard\libstdc++_nano.a(snprintf_lite.o)
                              C:/ST/STM32CubeIDE_1.13.2/STM32CubeIDE/plugins/com.st.stm32cube.ide.mcu.externaltools.gnu-tools-for-stm32.11.3.rel1.win32_1.1.1.202309131626/tools/bin/../lib/gcc/arm-none-eabi/11.3.1/../../../../arm-none-eabi/lib/thumb/v7e-m+fp/hard\libstdc++_nano.a(functexcept.o) (__gnu_cxx::__snprintf_lite(char*, unsigned int, char const*, std::__va_list))
C:/ST/STM32CubeIDE_1.13.2/STM32CubeIDE/plugins/com.st.stm32cube.ide.mcu.externaltools.gnu-tools-for-stm32.11.3.rel1.win32_1.1.1.202309131626/tools/bin/../lib/gcc/arm-none-eabi/11.3.1/../../../../arm-none-eabi/lib/thumb/v7e-m+fp/hard\libstdc++_nano.a(del_op.o)
                              C:/ST/STM32CubeIDE_1.13.2/STM32CubeIDE/plugins/com.st.stm32cube.ide.mcu.externaltools.gnu-tools-for-stm32.11.3.rel1.win32_1.1.1.202309131626/tools/bin/../lib/gcc/arm-none-eabi/11.3.1/../../../../arm-none-eabi/lib/thumb/v7e-m+fp/hard\libstdc++_nano.a(del_ops.o) (operator delete(void*))
C:/ST/STM32CubeIDE_1.13.2/STM32CubeIDE/plugins/com.st.stm32cube.ide.mcu.externaltools.gnu-tools-for-stm32.11.3.rel1.win32_1.1.1.202309131626/tools/bin/../lib/gcc/arm-none-eabi/11.3.1/../../../../arm-none-eabi/lib/thumb/v7e-m+fp/hard\libstdc++_nano.a(new_handler.o)
[...]
Memory Configuration

Name             Origin             Length             Attributes
RAM              0x0000000020000000 0x0000000000020000 xrw
FLASH            0x0000000008000000 0x0000000000080000 xr
*default*        0x0000000000000000 0xffffffffffffffff

Linker script and memory map

LOAD C:/ST/STM32CubeIDE_1.13.2/STM32CubeIDE/plugins/com.st.stm32cube.ide.mcu.externaltools.gnu-tools-for-stm32.11.3.rel1.win32_1.1.1.202309131626/tools/bin/../lib/gcc/arm-none-eabi/11.3.1/thumb/v7e-m+fp/hard/crti.o
LOAD C:/ST/STM32CubeIDE_1.13.2/STM32CubeIDE/plugins/com.st.stm32cube.ide.mcu.externaltools.gnu-tools-for-stm32.11.3.rel1.win32_1.1.1.202309131626/tools/bin/../lib/gcc/arm-none-eabi/11.3.1/thumb/v7e-m+fp/hard/crtbegin.o
LOAD C:/ST/STM32CubeIDE_1.13.2/STM32CubeIDE/plugins/com.st.stm32cube.ide.mcu.externaltools.gnu-tools-for-stm32.11.3.rel1.win32_1.1.1.202309131626/tools/bin/../lib/gcc/arm-none-eabi/11.3.1/../../../../arm-none-eabi/lib/thumb/v7e-m+fp/hard/crt0.o
LOAD ./Core/Src/main.o
LOAD ./Core/Src/msg_handler.o
LOAD ./Core/Src/stm32f4xx_hal_msp.o
LOAD ./Core/Src/stm32f4xx_it.o
LOAD ./Core/Src/syscalls.o
LOAD ./Core/Src/sysmem.o
LOAD ./Core/Src/system_stm32f4xx.o
LOAD ./Core/Startup/startup_stm32f446retx.o
LOAD ./Drivers/STM32F4xx_HAL_Driver/Src/stm32f4xx_hal.o
LOAD ./Drivers/STM32F4xx_HAL_Driver/Src/stm32f4xx_hal_cortex.o
LOAD ./Drivers/STM32F4xx_HAL_Driver/Src/stm32f4xx_hal_dma.o
LOAD ./Drivers/STM32F4xx_HAL_Driver/Src/stm32f4xx_hal_dma_ex.o
LOAD ./Drivers/STM32F4xx_HAL_Driver/Src/stm32f4xx_hal_exti.o
LOAD ./Drivers/STM32F4xx_HAL_Driver/Src/stm32f4xx_hal_flash.o
LOAD ./Drivers/STM32F4xx_HAL_Driver/Src/stm32f4xx_hal_flash_ex.o
LOAD ./Drivers/STM32F4xx_HAL_Driver/Src/stm32f4xx_hal_flash_ramfunc.o
LOAD ./Drivers/STM32F4xx_HAL_Driver/Src/stm32f4xx_hal_gpio.o
LOAD ./Drivers/STM32F4xx_HAL_Driver/Src/stm32f4xx_hal_pwr.o
LOAD ./Drivers/STM32F4xx_HAL_Driver/Src/stm32f4xx_hal_pwr_ex.o
LOAD ./Drivers/STM32F4xx_HAL_Driver/Src/stm32f4xx_hal_rcc.o
LOAD ./Drivers/STM32F4xx_HAL_Driver/Src/stm32f4xx_hal_rcc_ex.o
LOAD ./Drivers/STM32F4xx_HAL_Driver/Src/stm32f4xx_hal_tim.o
LOAD ./Drivers/STM32F4xx_HAL_Driver/Src/stm32f4xx_hal_tim_ex.o
LOAD ./Drivers/STM32F4xx_HAL_Driver/Src/stm32f4xx_hal_uart.o
START GROUP
LOAD C:/ST/STM32CubeIDE_1.13.2/STM32CubeIDE/plugins/com.st.stm32cube.ide.mcu.externaltools.gnu-tools-for-stm32.11.3.rel1.win32_1.1.1.202309131626/tools/bin/../lib/gcc/arm-none-eabi/11.3.1/../../../../arm-none-eabi/lib/thumb/v7e-m+fp/hard\libstdc++_nano.a
LOAD C:/ST/STM32CubeIDE_1.13.2/STM32CubeIDE/plugins/com.st.stm32cube.ide.mcu.externaltools.gnu-tools-for-stm32.11.3.rel1.win32_1.1.1.202309131626/tools/bin/../lib/gcc/arm-none-eabi/11.3.1/../../../../arm-none-eabi/lib/thumb/v7e-m+fp/hard\libsupc++_nano.a
END GROUP
LOAD C:/ST/STM32CubeIDE_1.13.2/STM32CubeIDE/plugins/com.st.stm32cube.ide.mcu.externaltools.gnu-tools-for-stm32.11.3.rel1.win32_1.1.1.202309131626/tools/bin/../lib/gcc/arm-none-eabi/11.3.1/../../../../arm-none-eabi/lib/thumb/v7e-m+fp/hard\libstdc++_nano.a
LOAD C:/ST/STM32CubeIDE_1.13.2/STM32CubeIDE/plugins/com.st.stm32cube.ide.mcu.externaltools.gnu-tools-for-stm32.11.3.rel1.win32_1.1.1.202309131626/tools/bin/../lib/gcc/arm-none-eabi/11.3.1/../../../../arm-none-eabi/lib/thumb/v7e-m+fp/hard\libm.a
LOAD C:/ST/STM32CubeIDE_1.13.2/STM32CubeIDE/plugins/com.st.stm32cube.ide.mcu.externaltools.gnu-tools-for-stm32.11.3.rel1.win32_1.1.1.202309131626/tools/bin/../lib/gcc/arm-none-eabi/11.3.1/../../../../arm-none-eabi/lib/thumb/v7e-m+fp/hard\libc_nano.a
START GROUP
LOAD C:/ST/STM32CubeIDE_1.13.2/STM32CubeIDE/plugins/com.st.stm32cube.ide.mcu.externaltools.gnu-tools-for-stm32.11.3.rel1.win32_1.1.1.202309131626/tools/bin/../lib/gcc/arm-none-eabi/11.3.1/thumb/v7e-m+fp/hard\libgcc.a
LOAD C:/ST/STM32CubeIDE_1.13.2/STM32CubeIDE/plugins/com.st.stm32cube.ide.mcu.externaltools.gnu-tools-for-stm32.11.3.rel1.win32_1.1.1.202309131626/tools/bin/../lib/gcc/arm-none-eabi/11.3.1/../../../../arm-none-eabi/lib/thumb/v7e-m+fp/hard\libc_nano.a
END GROUP
START GROUP
LOAD C:/ST/STM32CubeIDE_1.13.2/STM32CubeIDE/plugins/com.st.stm32cube.ide.mcu.externaltools.gnu-tools-for-stm32.11.3.rel1.win32_1.1.1.202309131626/tools/bin/../lib/gcc/arm-none-eabi/11.3.1/thumb/v7e-m+fp/hard\libgcc.a
LOAD C:/ST/STM32CubeIDE_1.13.2/STM32CubeIDE/plugins/com.st.stm32cube.ide.mcu.externaltools.gnu-tools-for-stm32.11.3.rel1.win32_1.1.1.202309131626/tools/bin/../lib/gcc/arm-none-eabi/11.3.1/../../../../arm-none-eabi/lib/thumb/v7e-m+fp/hard\libc_nano.a
END GROUP
LOAD C:/ST/STM32CubeIDE_1.13.2/STM32CubeIDE/plugins/com.st.stm32cube.ide.mcu.externaltools.gnu-tools-for-stm32.11.3.rel1.win32_1.1.1.202309131626/tools/bin/../lib/gcc/arm-none-eabi/11.3.1/thumb/v7e-m+fp/hard/crtend.o
LOAD C:/ST/STM32CubeIDE_1.13.2/STM32CubeIDE/plugins/com.st.stm32cube.ide.mcu.externaltools.gnu-tools-for-stm32.11.3.rel1.win32_1.1.1.202309131626/tools/bin/../lib/gcc/arm-none-eabi/11.3.1/thumb/v7e-m+fp/hard/crtn.o
                0x0000000020020000                _estack = (ORIGIN (RAM) + LENGTH (RAM))
                0x0000000000000200                _Min_Heap_Size = 0x200
                0x0000000000000400                _Min_Stack_Size = 0x400

.isr_vector     0x0000000008000000      0x1c4
                0x0000000008000000                . = ALIGN (0x4)
 *(.isr_vector)
 .isr_vector    0x0000000008000000      0x1c4 ./Core/Startup/startup_stm32f446retx.o
                0x0000000008000000                g_pfnVectors
                0x00000000080001c4                . = ALIGN (0x4)

.text           0x00000000080001d0     0xb718
                0x00000000080001d0                . = ALIGN (0x4)
 *(.text)
 .text          0x00000000080001d0       0x40 C:/ST/STM32CubeIDE_1.13.2/STM32CubeIDE/plugins/com.st.stm32cube.ide.mcu.externaltools.gnu-tools-for-stm32.11.3.rel1.win32_1.1.1.202309131626/tools/bin/../lib/gcc/arm-none-eabi/11.3.1/thumb/v7e-m+fp/hard/crtbegin.o
 .text          0x0000000008000210       0x14 C:/ST/STM32CubeIDE_1.13.2/STM32CubeIDE/plugins/com.st.stm32cube.ide.mcu.externaltools.gnu-tools-for-stm32.11.3.rel1.win32_1.1.1.202309131626/tools/bin/../lib/gcc/arm-none-eabi/11.3.1/../../../../arm-none-eabi/lib/thumb/v7e-m+fp/hard\libc_nano.a(libc_a-strcmp.o)
                0x0000000008000210                strcmp
 *fill*         0x0000000008000224        0xc 
 .text          0x0000000008000230       0xa0 C:/ST/STM32CubeIDE_1.13.2/STM32CubeIDE/plugins/com.st.stm32cube.ide.mcu.externaltools.gnu-tools-for-stm32.11.3.rel1.win32_1.1.1.202309131626/tools/bin/../lib/gcc/arm-none-eabi/11.3.1/../../../../arm-none-eabi/lib/thumb/v7e-m+fp/hard\libc_nano.a(libc_a-memchr.o)
                0x0000000008000230                memchr
 .text          0x00000000080002d0       0x10 C:/ST/STM32CubeIDE_1.13.2/STM32CubeIDE/plugins/com.st.stm32cube.ide.mcu.externaltools.gnu-tools-for-stm32.11.3.rel1.win32_1.1.1.202309131626/tools/bin/../lib/gcc/arm-none-eabi/11.3.1/../../../../arm-none-eabi/lib/thumb/v7e-m+fp/hard\libc_nano.a(libc_a-strlen.o)
                0x00000000080002d0                strlen
 .text          0x00000000080002e0      0x378 C:/ST/STM32CubeIDE_1.13.2/STM32CubeIDE/plugins/com.st.stm32cube.ide.mcu.externaltools.gnu-tools-for-stm32.11.3.rel1.win32_1.1.1.202309131626/tools/bin/../lib/gcc/arm-none-eabi/11.3.1/thumb/v7e-m+fp/hard\libgcc.a(_arm_addsubdf3.o)
                0x00000000080002e0                __aeabi_drsub
                0x00000000080002e8                __aeabi_dsub
                0x00000000080002e8                __subdf3
                0x00000000080002ec                __aeabi_dadd
                0x00000000080002ec                __adddf3
                0x0000000008000564                __floatunsidf
                0x0000000008000564                __aeabi_ui2d
                0x0000000008000584                __floatsidf
                0x0000000008000584                __aeabi_i2d
                0x00000000080005a8                __aeabi_f2d
                0x00000000080005a8                __extendsfdf2
                0x00000000080005ec                __floatundidf
                0x00000000080005ec                __aeabi_ul2d
                0x00000000080005fc                __floatdidf
                0x00000000080005fc                __aeabi_l2d
 .text          0x0000000008000658      0x424 C:/ST/STM32CubeIDE_1.13.2/STM32CubeIDE/plugins/com.st.stm32cube.ide.mcu.externaltools.gnu-tools-for-stm32.11.3.rel1.win32_1.1.1.202309131626/tools/bin/../lib/gcc/arm-none-eabi/11.3.1/thumb/v7e-m+fp/hard\libgcc.a(_arm_muldivdf3.o)
                0x0000000008000658                __aeabi_dmul
                0x0000000008000658                __muldf3
                0x00000000080008ac                __divdf3
                0x00000000080008ac                __aeabi_ddiv
 .text          0x0000000008000a7c      0x110 C:/ST/STM32CubeIDE_1.13.2/STM32CubeIDE/plugins/com.st.stm32cube.ide.mcu.externaltools.gnu-tools-for-stm32.11.3.rel1.win32_1.1.1.202309131626/tools/bin/../lib/gcc/arm-none-eabi/11.3.1/thumb/v7e-m+fp/hard\libgcc.a(_arm_cmpdf2.o)
                0x0000000008000a7c                __gtdf2
                0x0000000008000a7c                __gedf2
                0x0000000008000a84                __ltdf2
                0x0000000008000a84                __ledf2
                0x0000000008000a8c                __nedf2
                0x0000000008000a8c                __eqdf2
                0x0000000008000a8c                __cmpdf2
                0x0000000008000b08                __aeabi_cdrcmple
                0x0000000008000b18                __aeabi_cdcmpeq
                0x0000000008000b18                __aeabi_cdcmple
                0x0000000008000b28                __aeabi_dcmpeq
                0x0000000008000b3c                __aeabi_dcmplt
                0x0000000008000b50                __aeabi_dcmple
                0x0000000008000b64                __aeabi_dcmpge
                0x0000000008000b78                __aeabi_dcmpgt
 .text          0x0000000008000b8c       0x2c C:/ST/STM32CubeIDE_1.13.2/STM32CubeIDE/plugins/com.st.stm32cube.ide.mcu.externaltools.gnu-tools-for-stm32.11.3.rel1.win32_1.1.1.202309131626/tools/bin/../lib/gcc/arm-none-eabi/11.3.1/thumb/v7e-m+fp/hard\libgcc.a(_arm_unorddf2.o)
                0x0000000008000b8c                __unorddf2
                0x0000000008000b8c                __aeabi_dcmpun
 .text          0x0000000008000bb8       0x50 C:/ST/STM32CubeIDE_1.13.2/STM32CubeIDE/plugins/com.st.stm32cube.ide.mcu.externaltools.gnu-tools-for-stm32.11.3.rel1.win32_1.1.1.202309131626/tools/bin/../lib/gcc/arm-none-eabi/11.3.1/thumb/v7e-m+fp/hard\libgcc.a(_arm_fixdfsi.o)
                0x0000000008000bb8                __aeabi_d2iz
                0x0000000008000bb8                __fixdfsi
 .text          0x0000000008000c08       0x30 C:/ST/STM32CubeIDE_1.13.2/STM32CubeIDE/plugins/com.st.stm32cube.ide.mcu.externaltools.gnu-tools-for-stm32.11.3.rel1.win32_1.1.1.202309131626/tools/bin/../lib/gcc/arm-none-eabi/11.3.1/thumb/v7e-m+fp/hard\libgcc.a(_aeabi_uldivmod.o)
                0x0000000008000c08                __aeabi_uldivmod
 .text          0x0000000008000c38      0x2c8 C:/ST/STM32CubeIDE_1.13.2/STM32CubeIDE/plugins/com.st.stm32cube.ide.mcu.externaltools.gnu-tools-for-stm32.11.3.rel1.win32_1.1.1.202309131626/tools/bin/../lib/gcc/arm-none-eabi/11.3.1/thumb/v7e-m+fp/hard\libgcc.a(_udivmoddi4.o)
                0x0000000008000c38                __udivmoddi4
 .text          0x0000000008000f00        0x4 C:/ST/STM32CubeIDE_1.13.2/STM32CubeIDE/plugins/com.st.stm32cube.ide.mcu.externaltools.gnu-tools-for-stm32.11.3.rel1.win32_1.1.1.202309131626/tools/bin/../lib/gcc/arm-none-eabi/11.3.1/thumb/v7e-m+fp/hard\libgcc.a(_dvmd_tls.o)
                0x0000000008000f00                __aeabi_idiv0
                0x0000000008000f00                __aeabi_ldiv0
 *(.text*)
 .text._ZNSt8__detail17_List_node_headerC2Ev
                0x0000000008000f04       0x18 ./Core/Src/main.o
                0x0000000008000f04                std::__detail::_List_node_header::_List_node_header()
                0x0000000008000f04                std::__detail::_List_node_header::_List_node_header()
 .text._ZNSt8__detail17_List_node_header7_M_initEv
                0x0000000008000f1c       0x28 ./Core/Src/main.o
                0x0000000008000f1c                std::__detail::_List_node_header::_M_init()
 .text._ZNSt16_Sp_counted_baseILN9__gnu_cxx12_Lock_policyE0EE10_M_releaseEv
                0x0000000008000f44       0x60 ./Core/Src/main.o
                0x0000000008000f44                std::_Sp_counted_base<(__gnu_cxx::_Lock_policy)0>::_M_release()
 .text._ZN11AbstractMsgD2Ev
                0x0000000008000fa4       0x20 ./Core/Src/main.o
                0x0000000008000fa4                AbstractMsg::~AbstractMsg()
                0x0000000008000fa4                AbstractMsg::~AbstractMsg()
 .text._ZN11AbstractMsgD0Ev
                0x0000000008000fc4       0x20 ./Core/Src/main.o
                0x0000000008000fc4                AbstractMsg::~AbstractMsg()
 .text._ZN11AbstractMsgC2Ev
                0x0000000008000fe4       0x20 ./Core/Src/main.o
                0x0000000008000fe4                AbstractMsg::AbstractMsg()
                0x0000000008000fe4                AbstractMsg::AbstractMsg()
 .text._ZN11HeaderClassC2Ehh
                0x0000000008001004       0x78 ./Core/Src/main.o
                0x0000000008001004                HeaderClass::HeaderClass(unsigned char, unsigned char)
                0x0000000008001004                HeaderClass::HeaderClass(unsigned char, unsigned char)
 .text._ZNK11HeaderClass8get_dataEv
                0x000000000800107c       0x1c ./Core/Src/main.o
                0x000000000800107c                HeaderClass::get_data() const
 .text._ZNK11HeaderClass8get_typeEv
                0x0000000008001098       0x16 ./Core/Src/main.o
                0x0000000008001098                HeaderClass::get_type() const
 .text._ZNK11HeaderClass13get_data_sizeEv
                0x00000000080010ae       0x16 ./Core/Src/main.o
                0x00000000080010ae                HeaderClass::get_data_size() const
 .text._ZN6AckMsgC2Ev
                0x00000000080010c4       0x70 ./Core/Src/main.o
                0x00000000080010c4                AckMsg::AckMsg()
                0x00000000080010c4                AckMsg::AckMsg()
 .text._ZNK6AckMsg8get_dataEv
                0x0000000008001134       0x1c ./Core/Src/main.o
                0x0000000008001134                AckMsg::get_data() const
 .text._ZNK6AckMsg8get_typeEv
                0x0000000008001150       0x16 ./Core/Src/main.o
                0x0000000008001150                AckMsg::get_type() const
 .text._ZNK6AckMsg13get_data_sizeEv
                0x0000000008001166       0x16 ./Core/Src/main.o
                0x0000000008001166                AckMsg::get_data_size() const
 .text._ZNSt7__cxx1110_List_baseISt10shared_ptrI11AbstractMsgESaIS3_EE10_List_implD2Ev
                0x000000000800117c       0x18 ./Core/Src/main.o
                0x000000000800117c                std::__cxx11::_List_base<std::shared_ptr<AbstractMsg>, std::allocator<std::shared_ptr<AbstractMsg> > >::_List_impl::~_List_impl()
                0x000000000800117c                std::__cxx11::_List_base<std::shared_ptr<AbstractMsg>, std::allocator<std::shared_ptr<AbstractMsg> > >::_List_impl::~_List_impl()
 .text._ZNSt7__cxx1110_List_baseISt10shared_ptrI11AbstractMsgESaIS3_EEC2Ev
                0x0000000008001194       0x1a ./Core/Src/main.o
                0x0000000008001194                std::__cxx11::_List_base<std::shared_ptr<AbstractMsg>, std::allocator<std::shared_ptr<AbstractMsg> > >::_List_base()
                0x0000000008001194                std::__cxx11::_List_base<std::shared_ptr<AbstractMsg>, std::allocator<std::shared_ptr<AbstractMsg> > >::_List_base()
 .text._ZNSt7__cxx114listISt10shared_ptrI11AbstractMsgESaIS3_EEC2Ev
                0x00000000080011ae       0x1a ./Core/Src/main.o
                0x00000000080011ae                std::__cxx11::list<std::shared_ptr<AbstractMsg>, std::allocator<std::shared_ptr<AbstractMsg> > >::list()
                0x00000000080011ae                std::__cxx11::list<std::shared_ptr<AbstractMsg>, std::allocator<std::shared_ptr<AbstractMsg> > >::list()
 .text._ZNSt7__cxx114listISt10shared_ptrI11AbstractMsgESaIS3_EED2Ev
                0x00000000080011c8       0x1a ./Core/Src/main.o
                0x00000000080011c8                std::__cxx11::list<std::shared_ptr<AbstractMsg>, std::allocator<std::shared_ptr<AbstractMsg> > >::~list()
                0x00000000080011c8                std::__cxx11::list<std::shared_ptr<AbstractMsg>, std::allocator<std::shared_ptr<AbstractMsg> > >::~list()
 .text._ZNSt12__shared_ptrI11AbstractMsgLN9__gnu_cxx12_Lock_policyE0EED2Ev
                0x00000000080011e2       0x1c ./Core/Src/main.o
                0x00000000080011e2                std::__shared_ptr<AbstractMsg, (__gnu_cxx::_Lock_policy)0>::~__shared_ptr()
                0x00000000080011e2                std::__shared_ptr<AbstractMsg, (__gnu_cxx::_Lock_policy)0>::~__shared_ptr()
 .text._ZNSt10shared_ptrI11AbstractMsgED2Ev
                0x00000000080011fe       0x1a ./Core/Src/main.o
                0x00000000080011fe                std::shared_ptr<AbstractMsg>::~shared_ptr()
                0x00000000080011fe                std::shared_ptr<AbstractMsg>::~shared_ptr()
 .text._ZN10MsgHandlerC2EP20__UART_HandleTypeDef
                0x0000000008001218       0x66 ./Core/Src/main.o
                0x0000000008001218                MsgHandler::MsgHandler(__UART_HandleTypeDef*)
                0x0000000008001218                MsgHandler::MsgHandler(__UART_HandleTypeDef*)
 *fill*         0x000000000800127e        0x2 
 .text.main     0x0000000008001280       0x8c ./Core/Src/main.o
                0x0000000008001280                main
 .text._Z18SystemClock_Configv
                0x000000000800130c      0x104 ./Core/Src/main.o
                0x000000000800130c                SystemClock_Config()
 .text._ZL12MX_TIM2_Initv
                0x0000000008001410       0xb8 ./Core/Src/main.o
 .text._ZL19MX_USART2_UART_Initv
                0x00000000080014c8       0x5c ./Core/Src/main.o
 .text._ZL11MX_DMA_Initv
                0x0000000008001524       0x50 ./Core/Src/main.o
 .text._ZL12MX_GPIO_Initv
                0x0000000008001574       0xdc ./Core/Src/main.o
 .text.HAL_UART_TxCpltCallback
                0x0000000008001650       0x28 ./Core/Src/main.o
                0x0000000008001650                HAL_UART_TxCpltCallback
 .text.HAL_UART_RxCpltCallback
                0x0000000008001678       0x28 ./Core/Src/main.o
                0x0000000008001678                HAL_UART_RxCpltCallback
 .text.HAL_TIM_PeriodElapsedCallback
                0x00000000080016a0       0x30 ./Core/Src/main.o
                0x00000000080016a0                HAL_TIM_PeriodElapsedCallback
 .text.Error_Handler
                0x00000000080016d0        0xa ./Core/Src/main.o
                0x00000000080016d0                Error_Handler
 .text._ZNSt15__uniq_ptr_dataIhSt14default_deleteIA_hELb1ELb1EECI2St15__uniq_ptr_implIhS2_EEPh
                0x00000000080016da       0x20 ./Core/Src/main.o
                0x00000000080016da                std::__uniq_ptr_data<unsigned char, std::default_delete<unsigned char []>, true, true>::__uniq_ptr_impl(unsigned char*)
                0x00000000080016da                std::__uniq_ptr_data<unsigned char, std::default_delete<unsigned char []>, true, true>::__uniq_ptr_impl(unsigned char*)
 .text._ZNSt10unique_ptrIA_hSt14default_deleteIS0_EEC2IPhS2_vbEET_
                0x00000000080016fa       0x1e ./Core/Src/main.o
                0x00000000080016fa                std::unique_ptr<unsigned char [], std::default_delete<unsigned char []> >::unique_ptr<unsigned char*, std::default_delete<unsigned char []>, void, bool>(unsigned char*)
                0x00000000080016fa                std::unique_ptr<unsigned char [], std::default_delete<unsigned char []> >::unique_ptr<unsigned char*, std::default_delete<unsigned char []>, void, bool>(unsigned char*)
 .text._ZNSt10unique_ptrIA_hSt14default_deleteIS0_EED2Ev
                0x0000000008001718       0x3e ./Core/Src/main.o
                0x0000000008001718                std::unique_ptr<unsigned char [], std::default_delete<unsigned char []> >::~unique_ptr()
                0x0000000008001718                std::unique_ptr<unsigned char [], std::default_delete<unsigned char []> >::~unique_ptr()
 .text._ZNKSt10unique_ptrIA_hSt14default_deleteIS0_EEixEj
                0x0000000008001756       0x22 ./Core/Src/main.o
                0x0000000008001756                std::unique_ptr<unsigned char [], std::default_delete<unsigned char []> >::operator[](unsigned int) const
 .text._ZNKSt10unique_ptrIA_hSt14default_deleteIS0_EE3getEv
                0x0000000008001778       0x1a ./Core/Src/main.o
                0x0000000008001778                std::unique_ptr<unsigned char [], std::default_delete<unsigned char []> >::get() const
 .text._ZNSt5tupleIJP12PayloadClassSt14default_deleteIS0_EEEC2ILb1ELb1EEEv
                0x0000000008001792       0x1a ./Core/Src/main.o
                0x0000000008001792                std::tuple<PayloadClass*, std::default_delete<PayloadClass> >::tuple<true, true>()
                0x0000000008001792                std::tuple<PayloadClass*, std::default_delete<PayloadClass> >::tuple<true, true>()
 .text._ZNSt15__uniq_ptr_implI12PayloadClassSt14default_deleteIS0_EEC2Ev
                0x00000000080017ac       0x1a ./Core/Src/main.o
                0x00000000080017ac                std::__uniq_ptr_impl<PayloadClass, std::default_delete<PayloadClass> >::__uniq_ptr_impl()
                0x00000000080017ac                std::__uniq_ptr_impl<PayloadClass, std::default_delete<PayloadClass> >::__uniq_ptr_impl()
 .text._ZNSt15__uniq_ptr_dataI12PayloadClassSt14default_deleteIS0_ELb1ELb1EECI2St15__uniq_ptr_implIS0_S2_EEv
                0x00000000080017c6       0x1a ./Core/Src/main.o
                0x00000000080017c6                std::__uniq_ptr_data<PayloadClass, std::default_delete<PayloadClass>, true, true>::__uniq_ptr_impl()
                0x00000000080017c6                std::__uniq_ptr_data<PayloadClass, std::default_delete<PayloadClass>, true, true>::__uniq_ptr_impl()
 .text._ZNSt10unique_ptrI12PayloadClassSt14default_deleteIS0_EEC2IS2_vEEv
                0x00000000080017e0       0x20 ./Core/Src/main.o
                0x00000000080017e0                std::unique_ptr<PayloadClass, std::default_delete<PayloadClass> >::unique_ptr<std::default_delete<PayloadClass>, void>()
                0x00000000080017e0                std::unique_ptr<PayloadClass, std::default_delete<PayloadClass> >::unique_ptr<std::default_delete<PayloadClass>, void>()
 .text._ZNSt10unique_ptrI12PayloadClassSt14default_deleteIS0_EED2Ev
                0x0000000008001800       0x44 ./Core/Src/main.o
                0x0000000008001800                std::unique_ptr<PayloadClass, std::default_delete<PayloadClass> >::~unique_ptr()
                0x0000000008001800                std::unique_ptr<PayloadClass, std::default_delete<PayloadClass> >::~unique_ptr()
 .text._ZNSt7__cxx1110_List_baseISt10shared_ptrI11AbstractMsgESaIS3_EE10_List_implC2Ev
                0x0000000008001844       0x20 ./Core/Src/main.o
                0x0000000008001844                std::__cxx11::_List_base<std::shared_ptr<AbstractMsg>, std::allocator<std::shared_ptr<AbstractMsg> > >::_List_impl::_List_impl()
                0x0000000008001844                std::__cxx11::_List_base<std::shared_ptr<AbstractMsg>, std::allocator<std::shared_ptr<AbstractMsg> > >::_List_impl::_List_impl()
 .text._ZNSaISt10_List_nodeISt10shared_ptrI11AbstractMsgEEED2Ev
                0x0000000008001864       0x18 ./Core/Src/main.o
                0x0000000008001864                std::allocator<std::_List_node<std::shared_ptr<AbstractMsg> > >::~allocator()
                0x0000000008001864                std::allocator<std::_List_node<std::shared_ptr<AbstractMsg> > >::~allocator()
 .text._ZNSt7__cxx1110_List_baseISt10shared_ptrI11AbstractMsgESaIS3_EED2Ev
                0x000000000800187c       0x20 ./Core/Src/main.o
                0x000000000800187c                std::__cxx11::_List_base<std::shared_ptr<AbstractMsg>, std::allocator<std::shared_ptr<AbstractMsg> > >::~_List_base()
                0x000000000800187c                std::__cxx11::_List_base<std::shared_ptr<AbstractMsg>, std::allocator<std::shared_ptr<AbstractMsg> > >::~_List_base()
 .text._ZNSt10shared_ptrI11AbstractMsgEC2Ev
                0x000000000800189c       0x1a ./Core/Src/main.o
                0x000000000800189c                std::shared_ptr<AbstractMsg>::shared_ptr()
                0x000000000800189c                std::shared_ptr<AbstractMsg>::shared_ptr()
 .text._ZNSt14__shared_countILN9__gnu_cxx12_Lock_policyE0EED2Ev
                0x00000000080018b6       0x24 ./Core/Src/main.o
                0x00000000080018b6                std::__shared_count<(__gnu_cxx::_Lock_policy)0>::~__shared_count()
                0x00000000080018b6                std::__shared_count<(__gnu_cxx::_Lock_policy)0>::~__shared_count()
 .text._ZNSt15__uniq_ptr_implIhSt14default_deleteIA_hEEC2EPh
                0x00000000080018da       0x28 ./Core/Src/main.o
                0x00000000080018da                std::__uniq_ptr_impl<unsigned char, std::default_delete<unsigned char []> >::__uniq_ptr_impl(unsigned char*)
                0x00000000080018da                std::__uniq_ptr_impl<unsigned char, std::default_delete<unsigned char []> >::__uniq_ptr_impl(unsigned char*)
 .text._ZNSt15__uniq_ptr_implIhSt14default_deleteIA_hEE6_M_ptrEv
                0x0000000008001902       0x1a ./Core/Src/main.o
                0x0000000008001902                std::__uniq_ptr_impl<unsigned char, std::default_delete<unsigned char []> >::_M_ptr()
 .text._ZNSt10unique_ptrIA_hSt14default_deleteIS0_EE11get_deleterEv
                0x000000000800191c       0x1a ./Core/Src/main.o
                0x000000000800191c                std::unique_ptr<unsigned char [], std::default_delete<unsigned char []> >::get_deleter()
 .text._ZNKSt14default_deleteIA_hEclIhEENSt9enable_ifIXsrSt14is_convertibleIPA_T_PS0_E5valueEvE4typeEPS5_
                0x0000000008001936       0x1e ./Core/Src/main.o
                0x0000000008001936                std::enable_if<std::is_convertible<unsigned char (*) [], unsigned char (*) []>::value, void>::type std::default_delete<unsigned char []>::operator()<unsigned char>(unsigned char*) const
 .text._ZNKSt15__uniq_ptr_implIhSt14default_deleteIA_hEE6_M_ptrEv
                0x0000000008001954       0x1c ./Core/Src/main.o
                0x0000000008001954                std::__uniq_ptr_impl<unsigned char, std::default_delete<unsigned char []> >::_M_ptr() const
 .text._ZNSt11_Tuple_implILj0EJP12PayloadClassSt14default_deleteIS0_EEEC2Ev
                0x0000000008001970       0x20 ./Core/Src/main.o
                0x0000000008001970                std::_Tuple_impl<0u, PayloadClass*, std::default_delete<PayloadClass> >::_Tuple_impl()
                0x0000000008001970                std::_Tuple_impl<0u, PayloadClass*, std::default_delete<PayloadClass> >::_Tuple_impl()
 .text._ZNSt15__uniq_ptr_implI12PayloadClassSt14default_deleteIS0_EE6_M_ptrEv
                0x0000000008001990       0x1a ./Core/Src/main.o
                0x0000000008001990                std::__uniq_ptr_impl<PayloadClass, std::default_delete<PayloadClass> >::_M_ptr()
 .text._ZNSt10unique_ptrI12PayloadClassSt14default_deleteIS0_EE11get_deleterEv
                0x00000000080019aa       0x1a ./Core/Src/main.o
                0x00000000080019aa                std::unique_ptr<PayloadClass, std::default_delete<PayloadClass> >::get_deleter()
 .text._ZSt4moveIRP12PayloadClassEONSt16remove_referenceIT_E4typeEOS4_
                0x00000000080019c4       0x16 ./Core/Src/main.o
                0x00000000080019c4                std::remove_reference<PayloadClass*&>::type&& std::move<PayloadClass*&>(PayloadClass*&)
 .text._ZNKSt14default_deleteI12PayloadClassEclEPS0_
                0x00000000080019da       0x22 ./Core/Src/main.o
                0x00000000080019da                std::default_delete<PayloadClass>::operator()(PayloadClass*) const
 .text._ZNSaISt10_List_nodeISt10shared_ptrI11AbstractMsgEEEC2Ev
                0x00000000080019fc       0x18 ./Core/Src/main.o
                0x00000000080019fc                std::allocator<std::_List_node<std::shared_ptr<AbstractMsg> > >::allocator()
                0x00000000080019fc                std::allocator<std::_List_node<std::shared_ptr<AbstractMsg> > >::allocator()
 .text._ZN9__gnu_cxx13new_allocatorISt10_List_nodeISt10shared_ptrI11AbstractMsgEEED2Ev
                0x0000000008001a14       0x16 ./Core/Src/main.o
                0x0000000008001a14                __gnu_cxx::new_allocator<std::_List_node<std::shared_ptr<AbstractMsg> > >::~new_allocator()
                0x0000000008001a14                __gnu_cxx::new_allocator<std::_List_node<std::shared_ptr<AbstractMsg> > >::~new_allocator()
 .text._ZNSt7__cxx1110_List_baseISt10shared_ptrI11AbstractMsgESaIS3_EE8_M_clearEv
                0x0000000008001a2a       0x4c ./Core/Src/main.o
                0x0000000008001a2a                std::__cxx11::_List_base<std::shared_ptr<AbstractMsg>, std::allocator<std::shared_ptr<AbstractMsg> > >::_M_clear()
 .text._ZNSt12__shared_ptrI11AbstractMsgLN9__gnu_cxx12_Lock_policyE0EEC2Ev
                0x0000000008001a76       0x22 ./Core/Src/main.o
                0x0000000008001a76                std::__shared_ptr<AbstractMsg, (__gnu_cxx::_Lock_policy)0>::__shared_ptr()
                0x0000000008001a76                std::__shared_ptr<AbstractMsg, (__gnu_cxx::_Lock_policy)0>::__shared_ptr()
 .text._ZNSt5tupleIJPhSt14default_deleteIA_hEEEC2ILb1ELb1EEEv
                0x0000000008001a98       0x1a ./Core/Src/main.o
                0x0000000008001a98                std::tuple<unsigned char*, std::default_delete<unsigned char []> >::tuple<true, true>()
                0x0000000008001a98                std::tuple<unsigned char*, std::default_delete<unsigned char []> >::tuple<true, true>()
 .text._ZSt3getILj0EJPhSt14default_deleteIA_hEEERNSt13tuple_elementIXT_ESt5tupleIJDpT0_EEE4typeERS8_
                0x0000000008001ab2       0x1a ./Core/Src/main.o
                0x0000000008001ab2                std::tuple_element<0u, std::tuple<unsigned char*, std::default_delete<unsigned char []> > >::type& std::get<0u, unsigned char*, std::default_delete<unsigned char []> >(std::tuple<unsigned char*, std::default_delete<unsigned char []> >&)
 .text._ZNSt15__uniq_ptr_implIhSt14default_deleteIA_hEE10_M_deleterEv
                0x0000000008001acc       0x1a ./Core/Src/main.o
                0x0000000008001acc                std::__uniq_ptr_impl<unsigned char, std::default_delete<unsigned char []> >::_M_deleter()
 .text._ZSt3getILj0EJPhSt14default_deleteIA_hEEERKNSt13tuple_elementIXT_ESt5tupleIJDpT0_EEE4typeERKS8_
                0x0000000008001ae6       0x1a ./Core/Src/main.o
                0x0000000008001ae6                std::tuple_element<0u, std::tuple<unsigned char*, std::default_delete<unsigned char []> > >::type const& std::get<0u, unsigned char*, std::default_delete<unsigned char []> >(std::tuple<unsigned char*, std::default_delete<unsigned char []> > const&)
 .text._ZNSt11_Tuple_implILj1EJSt14default_deleteI12PayloadClassEEEC2Ev
                0x0000000008001b00       0x18 ./Core/Src/main.o
                0x0000000008001b00                std::_Tuple_impl<1u, std::default_delete<PayloadClass> >::_Tuple_impl()
                0x0000000008001b00                std::_Tuple_impl<1u, std::default_delete<PayloadClass> >::_Tuple_impl()
 .text._ZNSt10_Head_baseILj0EP12PayloadClassLb0EEC2Ev
                0x0000000008001b18       0x1c ./Core/Src/main.o
                0x0000000008001b18                std::_Head_base<0u, PayloadClass*, false>::_Head_base()
                0x0000000008001b18                std::_Head_base<0u, PayloadClass*, false>::_Head_base()
 .text._ZSt3getILj0EJP12PayloadClassSt14default_deleteIS0_EEERNSt13tuple_elementIXT_ESt5tupleIJDpT0_EEE4typeERS8_
                0x0000000008001b34       0x1a ./Core/Src/main.o
                0x0000000008001b34                std::tuple_element<0u, std::tuple<PayloadClass*, std::default_delete<PayloadClass> > >::type& std::get<0u, PayloadClass*, std::default_delete<PayloadClass> >(std::tuple<PayloadClass*, std::default_delete<PayloadClass> >&)
 .text._ZNSt15__uniq_ptr_implI12PayloadClassSt14default_deleteIS0_EE10_M_deleterEv
                0x0000000008001b4e       0x1a ./Core/Src/main.o
                0x0000000008001b4e                std::__uniq_ptr_impl<PayloadClass, std::default_delete<PayloadClass> >::_M_deleter()
 .text._ZN9__gnu_cxx13new_allocatorISt10_List_nodeISt10shared_ptrI11AbstractMsgEEEC2Ev
                0x0000000008001b68       0x16 ./Core/Src/main.o
                0x0000000008001b68                __gnu_cxx::new_allocator<std::_List_node<std::shared_ptr<AbstractMsg> > >::new_allocator()
                0x0000000008001b68                __gnu_cxx::new_allocator<std::_List_node<std::shared_ptr<AbstractMsg> > >::new_allocator()
 .text._ZNSt10_List_nodeISt10shared_ptrI11AbstractMsgEE9_M_valptrEv
                0x0000000008001b7e       0x1c ./Core/Src/main.o
                0x0000000008001b7e                std::_List_node<std::shared_ptr<AbstractMsg> >::_M_valptr()
 .text._ZNSt7__cxx1110_List_baseISt10shared_ptrI11AbstractMsgESaIS3_EE21_M_get_Node_allocatorEv
                0x0000000008001b9a       0x16 ./Core/Src/main.o
                0x0000000008001b9a                std::__cxx11::_List_base<std::shared_ptr<AbstractMsg>, std::allocator<std::shared_ptr<AbstractMsg> > >::_M_get_Node_allocator()
 .text._ZNSt16allocator_traitsISaISt10_List_nodeISt10shared_ptrI11AbstractMsgEEEE7destroyIS3_EEvRS5_PT_
                0x0000000008001bb0       0x1a ./Core/Src/main.o
                0x0000000008001bb0                void std::allocator_traits<std::allocator<std::_List_node<std::shared_ptr<AbstractMsg> > > >::destroy<std::shared_ptr<AbstractMsg> >(std::allocator<std::_List_node<std::shared_ptr<AbstractMsg> > >&, std::shared_ptr<AbstractMsg>*)
 .text._ZNSt7__cxx1110_List_baseISt10shared_ptrI11AbstractMsgESaIS3_EE11_M_put_nodeEPSt10_List_nodeIS3_E
                0x0000000008001bca       0x1e ./Core/Src/main.o
                0x0000000008001bca                std::__cxx11::_List_base<std::shared_ptr<AbstractMsg>, std::allocator<std::shared_ptr<AbstractMsg> > >::_M_put_node(std::_List_node<std::shared_ptr<AbstractMsg> >*)
 .text._ZNSt14__shared_countILN9__gnu_cxx12_Lock_policyE0EEC2Ev
                0x0000000008001be8       0x1c ./Core/Src/main.o
                0x0000000008001be8                std::__shared_count<(__gnu_cxx::_Lock_policy)0>::__shared_count()
                0x0000000008001be8                std::__shared_count<(__gnu_cxx::_Lock_policy)0>::__shared_count()
 .text._ZNSt11_Tuple_implILj0EJPhSt14default_deleteIA_hEEEC2Ev
                0x0000000008001c04       0x20 ./Core/Src/main.o
                0x0000000008001c04                std::_Tuple_impl<0u, unsigned char*, std::default_delete<unsigned char []> >::_Tuple_impl()
                0x0000000008001c04                std::_Tuple_impl<0u, unsigned char*, std::default_delete<unsigned char []> >::_Tuple_impl()
 .text._ZSt12__get_helperILj0EPhJSt14default_deleteIA_hEEERT0_RSt11_Tuple_implIXT_EJS4_DpT1_EE
                0x0000000008001c24       0x18 ./Core/Src/main.o
                0x0000000008001c24                unsigned char*& std::__get_helper<0u, unsigned char*, std::default_delete<unsigned char []> >(std::_Tuple_impl<0u, unsigned char*, std::default_delete<unsigned char []> >&)
 .text._ZSt3getILj1EJPhSt14default_deleteIA_hEEERNSt13tuple_elementIXT_ESt5tupleIJDpT0_EEE4typeERS8_
                0x0000000008001c3c       0x18 ./Core/Src/main.o
                0x0000000008001c3c                std::tuple_element<1u, std::tuple<unsigned char*, std::default_delete<unsigned char []> > >::type& std::get<1u, unsigned char*, std::default_delete<unsigned char []> >(std::tuple<unsigned char*, std::default_delete<unsigned char []> >&)
 .text._ZSt12__get_helperILj0EPhJSt14default_deleteIA_hEEERKT0_RKSt11_Tuple_implIXT_EJS4_DpT1_EE
                0x0000000008001c54       0x18 ./Core/Src/main.o
                0x0000000008001c54                unsigned char* const& std::__get_helper<0u, unsigned char*, std::default_delete<unsigned char []> >(std::_Tuple_impl<0u, unsigned char*, std::default_delete<unsigned char []> > const&)
 .text._ZNSt10_Head_baseILj1ESt14default_deleteI12PayloadClassELb1EEC2Ev
                0x0000000008001c6c       0x16 ./Core/Src/main.o
                0x0000000008001c6c                std::_Head_base<1u, std::default_delete<PayloadClass>, true>::_Head_base()
                0x0000000008001c6c                std::_Head_base<1u, std::default_delete<PayloadClass>, true>::_Head_base()
 .text._ZSt12__get_helperILj0EP12PayloadClassJSt14default_deleteIS0_EEERT0_RSt11_Tuple_implIXT_EJS4_DpT1_EE
                0x0000000008001c82       0x18 ./Core/Src/main.o
                0x0000000008001c82                PayloadClass*& std::__get_helper<0u, PayloadClass*, std::default_delete<PayloadClass> >(std::_Tuple_impl<0u, PayloadClass*, std::default_delete<PayloadClass> >&)
 .text._ZSt3getILj1EJP12PayloadClassSt14default_deleteIS0_EEERNSt13tuple_elementIXT_ESt5tupleIJDpT0_EEE4typeERS8_
                0x0000000008001c9a       0x18 ./Core/Src/main.o
                0x0000000008001c9a                std::tuple_element<1u, std::tuple<PayloadClass*, std::default_delete<PayloadClass> > >::type& std::get<1u, PayloadClass*, std::default_delete<PayloadClass> >(std::tuple<PayloadClass*, std::default_delete<PayloadClass> >&)
 .text._ZN9__gnu_cxx16__aligned_membufISt10shared_ptrI11AbstractMsgEE6_M_ptrEv
                0x0000000008001cb2       0x18 ./Core/Src/main.o
                0x0000000008001cb2                __gnu_cxx::__aligned_membuf<std::shared_ptr<AbstractMsg> >::_M_ptr()
 .text._ZN9__gnu_cxx13new_allocatorISt10_List_nodeISt10shared_ptrI11AbstractMsgEEE7destroyIS4_EEvPT_
                0x0000000008001cca       0x18 ./Core/Src/main.o
                0x0000000008001cca                void __gnu_cxx::new_allocator<std::_List_node<std::shared_ptr<AbstractMsg> > >::destroy<std::shared_ptr<AbstractMsg> >(std::shared_ptr<AbstractMsg>*)
 .text._ZNSt16allocator_traitsISaISt10_List_nodeISt10shared_ptrI11AbstractMsgEEEE10deallocateERS5_PS4_j
                0x0000000008001ce2       0x1e ./Core/Src/main.o
                0x0000000008001ce2                std::allocator_traits<std::allocator<std::_List_node<std::shared_ptr<AbstractMsg> > > >::deallocate(std::allocator<std::_List_node<std::shared_ptr<AbstractMsg> > >&, std::_List_node<std::shared_ptr<AbstractMsg> >*, unsigned int)
 .text._ZNSt11_Tuple_implILj1EJSt14default_deleteIA_hEEEC2Ev
                0x0000000008001d00       0x18 ./Core/Src/main.o
                0x0000000008001d00                std::_Tuple_impl<1u, std::default_delete<unsigned char []> >::_Tuple_impl()
                0x0000000008001d00                std::_Tuple_impl<1u, std::default_delete<unsigned char []> >::_Tuple_impl()
 .text._ZNSt10_Head_baseILj0EPhLb0EEC2Ev
                0x0000000008001d18       0x1c ./Core/Src/main.o
                0x0000000008001d18                std::_Head_base<0u, unsigned char*, false>::_Head_base()
                0x0000000008001d18                std::_Head_base<0u, unsigned char*, false>::_Head_base()
 .text._ZNSt11_Tuple_implILj0EJPhSt14default_deleteIA_hEEE7_M_headERS4_
                0x0000000008001d34       0x1a ./Core/Src/main.o
                0x0000000008001d34                std::_Tuple_impl<0u, unsigned char*, std::default_delete<unsigned char []> >::_M_head(std::_Tuple_impl<0u, unsigned char*, std::default_delete<unsigned char []> >&)
 .text._ZSt12__get_helperILj1ESt14default_deleteIA_hEJEERT0_RSt11_Tuple_implIXT_EJS3_DpT1_EE
                0x0000000008001d4e       0x18 ./Core/Src/main.o
                0x0000000008001d4e                std::default_delete<unsigned char []>& std::__get_helper<1u, std::default_delete<unsigned char []>>(std::_Tuple_impl<1u, std::default_delete<unsigned char []>>&)
 .text._ZNSt11_Tuple_implILj0EJPhSt14default_deleteIA_hEEE7_M_headERKS4_
                0x0000000008001d66       0x1a ./Core/Src/main.o
                0x0000000008001d66                std::_Tuple_impl<0u, unsigned char*, std::default_delete<unsigned char []> >::_M_head(std::_Tuple_impl<0u, unsigned char*, std::default_delete<unsigned char []> > const&)
 .text._ZNSt11_Tuple_implILj0EJP12PayloadClassSt14default_deleteIS0_EEE7_M_headERS4_
                0x0000000008001d80       0x1a ./Core/Src/main.o
                0x0000000008001d80                std::_Tuple_impl<0u, PayloadClass*, std::default_delete<PayloadClass> >::_M_head(std::_Tuple_impl<0u, PayloadClass*, std::default_delete<PayloadClass> >&)
 .text._ZSt12__get_helperILj1ESt14default_deleteI12PayloadClassEJEERT0_RSt11_Tuple_implIXT_EJS3_DpT1_EE
                0x0000000008001d9a       0x18 ./Core/Src/main.o
                0x0000000008001d9a                std::default_delete<PayloadClass>& std::__get_helper<1u, std::default_delete<PayloadClass>>(std::_Tuple_impl<1u, std::default_delete<PayloadClass>>&)
 .text._ZN9__gnu_cxx16__aligned_membufISt10shared_ptrI11AbstractMsgEE7_M_addrEv
                0x0000000008001db2       0x16 ./Core/Src/main.o
                0x0000000008001db2                __gnu_cxx::__aligned_membuf<std::shared_ptr<AbstractMsg> >::_M_addr()
 .text._ZN9__gnu_cxx13new_allocatorISt10_List_nodeISt10shared_ptrI11AbstractMsgEEE10deallocateEPS5_j
                0x0000000008001dc8       0x20 ./Core/Src/main.o
                0x0000000008001dc8                __gnu_cxx::new_allocator<std::_List_node<std::shared_ptr<AbstractMsg> > >::deallocate(std::_List_node<std::shared_ptr<AbstractMsg> >*, unsigned int)
 .text._ZNSt10_Head_baseILj1ESt14default_deleteIA_hELb1EEC2Ev
                0x0000000008001de8       0x16 ./Core/Src/main.o
                0x0000000008001de8                std::_Head_base<1u, std::default_delete<unsigned char []>, true>::_Head_base()
                0x0000000008001de8                std::_Head_base<1u, std::default_delete<unsigned char []>, true>::_Head_base()
 .text._ZNSt10_Head_baseILj0EPhLb0EE7_M_headERS1_
                0x0000000008001dfe       0x16 ./Core/Src/main.o
                0x0000000008001dfe                std::_Head_base<0u, unsigned char*, false>::_M_head(std::_Head_base<0u, unsigned char*, false>&)
 .text._ZNSt11_Tuple_implILj1EJSt14default_deleteIA_hEEE7_M_headERS3_
                0x0000000008001e14       0x18 ./Core/Src/main.o
                0x0000000008001e14                std::_Tuple_impl<1u, std::default_delete<unsigned char []> >::_M_head(std::_Tuple_impl<1u, std::default_delete<unsigned char []> >&)
 .text._ZNSt10_Head_baseILj0EPhLb0EE7_M_headERKS1_
                0x0000000008001e2c       0x16 ./Core/Src/main.o
                0x0000000008001e2c                std::_Head_base<0u, unsigned char*, false>::_M_head(std::_Head_base<0u, unsigned char*, false> const&)
 .text._ZNSt10_Head_baseILj0EP12PayloadClassLb0EE7_M_headERS2_
                0x0000000008001e42       0x16 ./Core/Src/main.o
                0x0000000008001e42                std::_Head_base<0u, PayloadClass*, false>::_M_head(std::_Head_base<0u, PayloadClass*, false>&)
 .text._ZNSt11_Tuple_implILj1EJSt14default_deleteI12PayloadClassEEE7_M_headERS3_
                0x0000000008001e58       0x18 ./Core/Src/main.o
                0x0000000008001e58                std::_Tuple_impl<1u, std::default_delete<PayloadClass> >::_M_head(std::_Tuple_impl<1u, std::default_delete<PayloadClass> >&)
 .text._ZNSt10_Head_baseILj1ESt14default_deleteIA_hELb1EE7_M_headERS3_
                0x0000000008001e70       0x16 ./Core/Src/main.o
                0x0000000008001e70                std::_Head_base<1u, std::default_delete<unsigned char []>, true>::_M_head(std::_Head_base<1u, std::default_delete<unsigned char []>, true>&)
 .text._ZNSt10_Head_baseILj1ESt14default_deleteI12PayloadClassELb1EE7_M_headERS3_
                0x0000000008001e86       0x16 ./Core/Src/main.o
                0x0000000008001e86                std::_Head_base<1u, std::default_delete<PayloadClass>, true>::_M_head(std::_Head_base<1u, std::default_delete<PayloadClass>, true>&)
 .text._ZN6AckMsgD2Ev
                0x0000000008001e9c       0x30 ./Core/Src/main.o
                0x0000000008001e9c                AckMsg::~AckMsg()
                0x0000000008001e9c                AckMsg::~AckMsg()
 .text._ZN6AckMsgD0Ev
                0x0000000008001ecc       0x20 ./Core/Src/main.o
                0x0000000008001ecc                AckMsg::~AckMsg()
 .text._ZN11HeaderClassD2Ev
                0x0000000008001eec       0x30 ./Core/Src/main.o
                0x0000000008001eec                HeaderClass::~HeaderClass()
                0x0000000008001eec                HeaderClass::~HeaderClass()
 .text._ZN11HeaderClassD0Ev
                0x0000000008001f1c       0x20 ./Core/Src/main.o
                0x0000000008001f1c                HeaderClass::~HeaderClass()
 .text._ZN10MsgHandlerD2Ev
                0x0000000008001f3c       0x4e ./Core/Src/main.o
                0x0000000008001f3c                MsgHandler::~MsgHandler()
                0x0000000008001f3c                MsgHandler::~MsgHandler()
 *fill*         0x0000000008001f8a        0x2 
 .text._Z41__static_initialization_and_destruction_0ii
                0x0000000008001f8c       0x48 ./Core/Src/main.o
 .text._GLOBAL__sub_I_htim2
                0x0000000008001fd4       0x10 ./Core/Src/main.o
 .text._GLOBAL__sub_D_htim2
                0x0000000008001fe4       0x10 ./Core/Src/main.o
 .text._ZnwjPv  0x0000000008001ff4       0x18 ./Core/Src/msg_handler.o
                0x0000000008001ff4                operator new(unsigned int, void*)
 .text._ZNSt16_Sp_counted_baseILN9__gnu_cxx12_Lock_policyE0EE15_M_add_ref_copyEv
                0x000000000800200c       0x1e ./Core/Src/msg_handler.o
                0x000000000800200c                std::_Sp_counted_base<(__gnu_cxx::_Lock_policy)0>::_M_add_ref_copy()
 *fill*         0x000000000800202a        0x2 
 .text._ZNSt19_Sp_make_shared_tag5_S_tiEv
                0x000000000800202c       0x14 ./Core/Src/msg_handler.o
                0x000000000800202c                std::_Sp_make_shared_tag::_S_ti()
 .text._ZNK12PayloadClass8get_dataEv
                0x0000000008002040       0x1c ./Core/Src/msg_handler.o
                0x0000000008002040                PayloadClass::get_data() const
 .text._ZNK12PayloadClass8get_typeEv
                0x000000000800205c       0x16 ./Core/Src/msg_handler.o
                0x000000000800205c                PayloadClass::get_type() const
 .text._ZNK12PayloadClass13get_data_sizeEv
                0x0000000008002072       0x18 ./Core/Src/msg_handler.o
                0x0000000008002072                PayloadClass::get_data_size() const
 .text._ZN6AckMsgaSERKS_
                0x000000000800208a       0x70 ./Core/Src/msg_handler.o
                0x000000000800208a                AckMsg::operator=(AckMsg const&)
 .text._ZN10MsgHandler23process_txclpt_callbackEv
                0x00000000080020fa      0x108 ./Core/Src/msg_handler.o
                0x00000000080020fa                MsgHandler::process_txclpt_callback()
 .text._ZN10MsgHandler23process_rxclpt_callbackEv
                0x0000000008002202      0x25a ./Core/Src/msg_handler.o
                0x0000000008002202                MsgHandler::process_rxclpt_callback()
 .text._ZNSt12__shared_ptrI11HeaderClassLN9__gnu_cxx12_Lock_policyE0EED2Ev
                0x000000000800245c       0x1c ./Core/Src/msg_handler.o
                0x000000000800245c                std::__shared_ptr<HeaderClass, (__gnu_cxx::_Lock_policy)0>::~__shared_ptr()
                0x000000000800245c                std::__shared_ptr<HeaderClass, (__gnu_cxx::_Lock_policy)0>::~__shared_ptr()
 .text._ZNSt10shared_ptrI11HeaderClassED2Ev
                0x0000000008002478       0x1a ./Core/Src/msg_handler.o
                0x0000000008002478                std::shared_ptr<HeaderClass>::~shared_ptr()
                0x0000000008002478                std::shared_ptr<HeaderClass>::~shared_ptr()
 .text._ZNSt12__shared_ptrI12PayloadClassLN9__gnu_cxx12_Lock_policyE0EED2Ev
                0x0000000008002492       0x1c ./Core/Src/msg_handler.o
                0x0000000008002492                std::__shared_ptr<PayloadClass, (__gnu_cxx::_Lock_policy)0>::~__shared_ptr()
                0x0000000008002492                std::__shared_ptr<PayloadClass, (__gnu_cxx::_Lock_policy)0>::~__shared_ptr()
 .text._ZNSt10shared_ptrI12PayloadClassED2Ev
                0x00000000080024ae       0x1a ./Core/Src/msg_handler.o
                0x00000000080024ae                std::shared_ptr<PayloadClass>::~shared_ptr()
                0x00000000080024ae                std::shared_ptr<PayloadClass>::~shared_ptr()
 .text._ZN10MsgHandler10send_printEPKc
                0x00000000080024c8       0xe8 ./Core/Src/msg_handler.o
                0x00000000080024c8                MsgHandler::send_print(char const*)
 .text._ZN10MsgHandler10send_floatEf
                0x00000000080025b0       0xd4 ./Core/Src/msg_handler.o
                0x00000000080025b0                MsgHandler::send_float(float)
 .text._ZN10MsgHandler18transmit_front_msgEv
                0x0000000008002684       0x72 ./Core/Src/msg_handler.o
                0x0000000008002684                MsgHandler::transmit_front_msg()
 .text._ZN10MsgHandler11receive_ackEv
                0x00000000080026f6       0x38 ./Core/Src/msg_handler.o
                0x00000000080026f6                MsgHandler::receive_ack()
 *fill*         0x000000000800272e        0x2 
 .text._ZN10MsgHandler19receive_data_headerEv
                0x0000000008002730       0x48 ./Core/Src/msg_handler.o
                0x0000000008002730                MsgHandler::receive_data_header()
 .text._ZNSt15__uniq_ptr_dataI12PayloadClassSt14default_deleteIS0_ELb1ELb1EEaSEOS3_
                0x0000000008002778       0x20 ./Core/Src/msg_handler.o
                0x0000000008002778                std::__uniq_ptr_data<PayloadClass, std::default_delete<PayloadClass>, true, true>::operator=(std::__uniq_ptr_data<PayloadClass, std::default_delete<PayloadClass>, true, true>&&)
 .text._ZNSt10unique_ptrI12PayloadClassSt14default_deleteIS0_EEaSEOS3_
                0x0000000008002798       0x20 ./Core/Src/msg_handler.o
                0x0000000008002798                std::unique_ptr<PayloadClass, std::default_delete<PayloadClass> >::operator=(std::unique_ptr<PayloadClass, std::default_delete<PayloadClass> >&&)
 .text._ZN10MsgHandler14ack_msg_data_1Ev
                0x00000000080027b8       0xaa ./Core/Src/msg_handler.o
                0x00000000080027b8                MsgHandler::ack_msg_data_1()
 .text._ZN10MsgHandler13ack_msg_printEh
                0x0000000008002862       0xf8 ./Core/Src/msg_handler.o
                0x0000000008002862                MsgHandler::ack_msg_print(unsigned char)
 .text._ZN10MsgHandler12receive_dataEv
                0x000000000800295a       0x50 ./Core/Src/msg_handler.o
                0x000000000800295a                MsgHandler::receive_data()
 *fill*         0x00000000080029aa        0x2 
 .text._ZN10MsgHandler27process_received_msg_data_1EPh
                0x00000000080029ac       0x40 ./Core/Src/msg_handler.o
                0x00000000080029ac                MsgHandler::process_received_msg_data_1(unsigned char*)
 .text._ZSt3minIiERKT_S2_S2_
                0x00000000080029ec       0x28 ./Core/Src/msg_handler.o
                0x00000000080029ec                int const& std::min<int>(int const&, int const&)
 .text._ZN10MsgHandler26process_received_msg_printEPhh
                0x0000000008002a14       0xac ./Core/Src/msg_handler.o
                0x0000000008002a14                MsgHandler::process_received_msg_print(unsigned char*, unsigned char)
 .text._ZNSt12__shared_ptrI11AbstractMsgLN9__gnu_cxx12_Lock_policyE0EEaSERKS3_
                0x0000000008002ac0       0x2c ./Core/Src/msg_handler.o
                0x0000000008002ac0                std::__shared_ptr<AbstractMsg, (__gnu_cxx::_Lock_policy)0>::operator=(std::__shared_ptr<AbstractMsg, (__gnu_cxx::_Lock_policy)0> const&)
 .text._ZNSt10shared_ptrI11AbstractMsgEaSERKS1_
                0x0000000008002aec       0x20 ./Core/Src/msg_handler.o
                0x0000000008002aec                std::shared_ptr<AbstractMsg>::operator=(std::shared_ptr<AbstractMsg> const&)
 .text._ZN10MsgHandler15process_timeoutEv
                0x0000000008002b0c       0xfa ./Core/Src/msg_handler.o
                0x0000000008002b0c                MsgHandler::process_timeout()
 .text._ZNSt16_Sp_counted_baseILN9__gnu_cxx12_Lock_policyE0EE10_M_destroyEv
                0x0000000008002c06       0x22 ./Core/Src/msg_handler.o
                0x0000000008002c06                std::_Sp_counted_base<(__gnu_cxx::_Lock_policy)0>::_M_destroy()
 .text._ZNKSt10unique_ptrIA_hSt14default_deleteIS0_EEcvbEv
                0x0000000008002c28       0x22 ./Core/Src/msg_handler.o
                0x0000000008002c28                std::unique_ptr<unsigned char [], std::default_delete<unsigned char []> >::operator bool() const
 .text._ZNSt10unique_ptrIA_hSt14default_deleteIS0_EE5resetEDn
                0x0000000008002c4a       0x1a ./Core/Src/msg_handler.o
                0x0000000008002c4a                std::unique_ptr<unsigned char [], std::default_delete<unsigned char []> >::reset(decltype(nullptr))
 .text._ZNKSt7__cxx114listISt10shared_ptrI11AbstractMsgESaIS3_EE5emptyEv
                0x0000000008002c64       0x24 ./Core/Src/msg_handler.o
                0x0000000008002c64                std::__cxx11::list<std::shared_ptr<AbstractMsg>, std::allocator<std::shared_ptr<AbstractMsg> > >::empty() const
 .text._ZNSt7__cxx114listISt10shared_ptrI11AbstractMsgESaIS3_EE5frontEv
                0x0000000008002c88       0x26 ./Core/Src/msg_handler.o
                0x0000000008002c88                std::__cxx11::list<std::shared_ptr<AbstractMsg>, std::allocator<std::shared_ptr<AbstractMsg> > >::front()
 .text._ZNKSt19__shared_ptr_accessI11AbstractMsgLN9__gnu_cxx12_Lock_policyE0ELb0ELb0EEptEv
                0x0000000008002cae       0x18 ./Core/Src/msg_handler.o
                0x0000000008002cae                std::__shared_ptr_access<AbstractMsg, (__gnu_cxx::_Lock_policy)0, false, false>::operator->() const
 .text._ZNSt7__cxx114listISt10shared_ptrI11AbstractMsgESaIS3_EE9pop_frontEv
                0x0000000008002cc6       0x20 ./Core/Src/msg_handler.o
                0x0000000008002cc6                std::__cxx11::list<std::shared_ptr<AbstractMsg>, std::allocator<std::shared_ptr<AbstractMsg> > >::pop_front()
 .text._ZNKSt10unique_ptrI12PayloadClassSt14default_deleteIS0_EEptEv
                0x0000000008002ce6       0x18 ./Core/Src/msg_handler.o
                0x0000000008002ce6                std::unique_ptr<PayloadClass, std::default_delete<PayloadClass> >::operator->() const
 .text._ZSt11make_sharedI11HeaderClassJRKhjEESt10shared_ptrIT_EDpOT0_
                0x0000000008002cfe       0x46 ./Core/Src/msg_handler.o
                0x0000000008002cfe                std::shared_ptr<HeaderClass> std::make_shared<HeaderClass, unsigned char const&, unsigned int>(unsigned char const&, unsigned int&&)
 .text._ZNSt10shared_ptrI11AbstractMsgEC2I11HeaderClassvEEOS_IT_E
                0x0000000008002d44       0x26 ./Core/Src/msg_handler.o
                0x0000000008002d44                std::shared_ptr<AbstractMsg>::shared_ptr<HeaderClass, void>(std::shared_ptr<HeaderClass>&&)
                0x0000000008002d44                std::shared_ptr<AbstractMsg>::shared_ptr<HeaderClass, void>(std::shared_ptr<HeaderClass>&&)
 .text._ZNSt7__cxx114listISt10shared_ptrI11AbstractMsgESaIS3_EE9push_backEOS3_
                0x0000000008002d6a       0x2c ./Core/Src/msg_handler.o
                0x0000000008002d6a                std::__cxx11::list<std::shared_ptr<AbstractMsg>, std::allocator<std::shared_ptr<AbstractMsg> > >::push_back(std::shared_ptr<AbstractMsg>&&)
 .text._ZSt11make_sharedI12PayloadClassJRPKcjEESt10shared_ptrIT_EDpOT0_
                0x0000000008002d96       0x46 ./Core/Src/msg_handler.o
                0x0000000008002d96                std::shared_ptr<PayloadClass> std::make_shared<PayloadClass, char const*&, unsigned int>(char const*&, unsigned int&&)
 .text._ZNSt10shared_ptrI11AbstractMsgEC2I12PayloadClassvEEOS_IT_E
                0x0000000008002ddc       0x26 ./Core/Src/msg_handler.o
                0x0000000008002ddc                std::shared_ptr<AbstractMsg>::shared_ptr<PayloadClass, void>(std::shared_ptr<PayloadClass>&&)
                0x0000000008002ddc                std::shared_ptr<AbstractMsg>::shared_ptr<PayloadClass, void>(std::shared_ptr<PayloadClass>&&)
 .text._ZNKSt7__cxx114listISt10shared_ptrI11AbstractMsgESaIS3_EE4sizeEv
                0x0000000008002e02       0x18 ./Core/Src/msg_handler.o
                0x0000000008002e02                std::__cxx11::list<std::shared_ptr<AbstractMsg>, std::allocator<std::shared_ptr<AbstractMsg> > >::size() const
 .text._ZSt11make_sharedI12PayloadClassJPfjEESt10shared_ptrIT_EDpOT0_
                0x0000000008002e1a       0x46 ./Core/Src/msg_handler.o
                0x0000000008002e1a                std::shared_ptr<PayloadClass> std::make_shared<PayloadClass, float*, unsigned int>(float*&&, unsigned int&&)
 .text._ZSt7forwardIjEOT_RNSt16remove_referenceIS0_E4typeE
                0x0000000008002e60       0x16 ./Core/Src/msg_handler.o
                0x0000000008002e60                unsigned int&& std::forward<unsigned int>(std::remove_reference<unsigned int>::type&)
 .text._ZSt11make_uniqueI12PayloadClassJPfjEENSt9_MakeUniqIT_E15__single_objectEDpOT0_
                0x0000000008002e76       0x46 ./Core/Src/msg_handler.o
                0x0000000008002e76                std::_MakeUniq<PayloadClass>::__single_object std::make_unique<PayloadClass, float*, unsigned int>(float*&&, unsigned int&&)
 .text._ZNSt15__uniq_ptr_implI12PayloadClassSt14default_deleteIS0_EEaSEOS3_
                0x0000000008002ebc       0x38 ./Core/Src/msg_handler.o
                0x0000000008002ebc                std::__uniq_ptr_impl<PayloadClass, std::default_delete<PayloadClass> >::operator=(std::__uniq_ptr_impl<PayloadClass, std::default_delete<PayloadClass> >&&)
 .text._ZSt11make_uniqueI12PayloadClassJRPcRhEENSt9_MakeUniqIT_E15__single_objectEDpOT0_
                0x0000000008002ef4       0x44 ./Core/Src/msg_handler.o
                0x0000000008002ef4                std::_MakeUniq<PayloadClass>::__single_object std::make_unique<PayloadClass, char*&, unsigned char&>(char*&, unsigned char&)
 .text._ZNKSt12__shared_ptrI11AbstractMsgLN9__gnu_cxx12_Lock_policyE0EE3getEv
                0x0000000008002f38       0x18 ./Core/Src/msg_handler.o
                0x0000000008002f38                std::__shared_ptr<AbstractMsg, (__gnu_cxx::_Lock_policy)0>::get() const
 .text._ZNSt7__cxx114listISt10shared_ptrI11AbstractMsgESaIS3_EE5clearEv
                0x0000000008002f50       0x20 ./Core/Src/msg_handler.o
                0x0000000008002f50                std::__cxx11::list<std::shared_ptr<AbstractMsg>, std::allocator<std::shared_ptr<AbstractMsg> > >::clear()
 .text._ZNSt10shared_ptrI11AbstractMsgEC2EDn
                0x0000000008002f70       0x1a ./Core/Src/msg_handler.o
                0x0000000008002f70                std::shared_ptr<AbstractMsg>::shared_ptr(decltype(nullptr))
                0x0000000008002f70                std::shared_ptr<AbstractMsg>::shared_ptr(decltype(nullptr))
 .text._ZNSt10shared_ptrI11AbstractMsgEaSEOS1_
                0x0000000008002f8a       0x26 ./Core/Src/msg_handler.o
                0x0000000008002f8a                std::shared_ptr<AbstractMsg>::operator=(std::shared_ptr<AbstractMsg>&&)
 .text._ZNSt14__shared_countILN9__gnu_cxx12_Lock_policyE0EEaSERKS2_
                0x0000000008002fb0       0x48 ./Core/Src/msg_handler.o
                0x0000000008002fb0                std::__shared_count<(__gnu_cxx::_Lock_policy)0>::operator=(std::__shared_count<(__gnu_cxx::_Lock_policy)0> const&)
 .text._ZNSt16_Sp_counted_baseILN9__gnu_cxx12_Lock_policyE0EED2Ev
                0x0000000008002ff8       0x20 ./Core/Src/msg_handler.o
                0x0000000008002ff8                std::_Sp_counted_base<(__gnu_cxx::_Lock_policy)0>::~_Sp_counted_base()
                0x0000000008002ff8                std::_Sp_counted_base<(__gnu_cxx::_Lock_policy)0>::~_Sp_counted_base()
 .text._ZNSt16_Sp_counted_baseILN9__gnu_cxx12_Lock_policyE0EED0Ev
                0x0000000008003018       0x20 ./Core/Src/msg_handler.o
                0x0000000008003018                std::_Sp_counted_base<(__gnu_cxx::_Lock_policy)0>::~_Sp_counted_base()
 .text._ZNSt10unique_ptrIA_hSt14default_deleteIS0_EE5resetIPhvEEvT_
                0x0000000008003038       0x28 ./Core/Src/msg_handler.o
                0x0000000008003038                void std::unique_ptr<unsigned char [], std::default_delete<unsigned char []> >::reset<unsigned char*, void>(unsigned char*)
 .text._ZN12PayloadClassD2Ev
                0x0000000008003060       0x30 ./Core/Src/msg_handler.o
                0x0000000008003060                PayloadClass::~PayloadClass()
                0x0000000008003060                PayloadClass::~PayloadClass()
 .text._ZN12PayloadClassD0Ev
                0x0000000008003090       0x20 ./Core/Src/msg_handler.o
                0x0000000008003090                PayloadClass::~PayloadClass()
 .text._ZNSt7__cxx114listISt10shared_ptrI11AbstractMsgESaIS3_EE5beginEv
                0x00000000080030b0       0x22 ./Core/Src/msg_handler.o
                0x00000000080030b0                std::__cxx11::list<std::shared_ptr<AbstractMsg>, std::allocator<std::shared_ptr<AbstractMsg> > >::begin()
 .text._ZNKSt14_List_iteratorISt10shared_ptrI11AbstractMsgEEdeEv
                0x00000000080030d2       0x1c ./Core/Src/msg_handler.o
                0x00000000080030d2                std::_List_iterator<std::shared_ptr<AbstractMsg> >::operator*() const
 .text._ZNKSt19__shared_ptr_accessI11AbstractMsgLN9__gnu_cxx12_Lock_policyE0ELb0ELb0EE6_M_getEv
                0x00000000080030ee       0x18 ./Core/Src/msg_handler.o
                0x00000000080030ee                std::__shared_ptr_access<AbstractMsg, (__gnu_cxx::_Lock_policy)0, false, false>::_M_get() const
 .text._ZNSt7__cxx114listISt10shared_ptrI11AbstractMsgESaIS3_EE8_M_eraseESt14_List_iteratorIS3_E
                0x0000000008003106       0x4c ./Core/Src/msg_handler.o
                0x0000000008003106                std::__cxx11::list<std::shared_ptr<AbstractMsg>, std::allocator<std::shared_ptr<AbstractMsg> > >::_M_erase(std::_List_iterator<std::shared_ptr<AbstractMsg> >)
 .text._ZNKSt10unique_ptrI12PayloadClassSt14default_deleteIS0_EE3getEv
                0x0000000008003152       0x1a ./Core/Src/msg_handler.o
                0x0000000008003152                std::unique_ptr<PayloadClass, std::default_delete<PayloadClass> >::get() const
 .text._ZNSaI11HeaderClassEC2Ev
                0x000000000800316c       0x18 ./Core/Src/msg_handler.o
                0x000000000800316c                std::allocator<HeaderClass>::allocator()
                0x000000000800316c                std::allocator<HeaderClass>::allocator()
 .text._ZNSaI11HeaderClassED2Ev
                0x0000000008003184       0x18 ./Core/Src/msg_handler.o
                0x0000000008003184                std::allocator<HeaderClass>::~allocator()
                0x0000000008003184                std::allocator<HeaderClass>::~allocator()
 .text._ZSt7forwardIRKhEOT_RNSt16remove_referenceIS2_E4typeE
                0x000000000800319c       0x16 ./Core/Src/msg_handler.o
                0x000000000800319c                unsigned char const& std::forward<unsigned char const&>(std::remove_reference<unsigned char const&>::type&)
 .text._ZSt15allocate_sharedI11HeaderClassSaIS0_EJRKhjEESt10shared_ptrIT_ERKT0_DpOT1_
                0x00000000080031b2       0x32 ./Core/Src/msg_handler.o
                0x00000000080031b2                std::shared_ptr<HeaderClass> std::allocate_shared<HeaderClass, std::allocator<HeaderClass>, unsigned char const&, unsigned int>(std::allocator<HeaderClass> const&, unsigned char const&, unsigned int&&)
 .text._ZSt4moveIRSt10shared_ptrI11HeaderClassEEONSt16remove_referenceIT_E4typeEOS5_
                0x00000000080031e4       0x16 ./Core/Src/msg_handler.o
                0x00000000080031e4                std::remove_reference<std::shared_ptr<HeaderClass>&>::type&& std::move<std::shared_ptr<HeaderClass>&>(std::shared_ptr<HeaderClass>&)
 .text._ZNSt12__shared_ptrI11AbstractMsgLN9__gnu_cxx12_Lock_policyE0EEC2I11HeaderClassvEEOS_IT_LS2_0EE
                0x00000000080031fa       0x3c ./Core/Src/msg_handler.o
                0x00000000080031fa                std::__shared_ptr<AbstractMsg, (__gnu_cxx::_Lock_policy)0>::__shared_ptr<HeaderClass, void>(std::__shared_ptr<HeaderClass, (__gnu_cxx::_Lock_policy)0>&&)
                0x00000000080031fa                std::__shared_ptr<AbstractMsg, (__gnu_cxx::_Lock_policy)0>::__shared_ptr<HeaderClass, void>(std::__shared_ptr<HeaderClass, (__gnu_cxx::_Lock_policy)0>&&)
 .text._ZNSt7__cxx114listISt10shared_ptrI11AbstractMsgESaIS3_EE3endEv
                0x0000000008003236       0x20 ./Core/Src/msg_handler.o
                0x0000000008003236                std::__cxx11::list<std::shared_ptr<AbstractMsg>, std::allocator<std::shared_ptr<AbstractMsg> > >::end()
 .text._ZSt4moveIRSt10shared_ptrI11AbstractMsgEEONSt16remove_referenceIT_E4typeEOS5_
                0x0000000008003256       0x16 ./Core/Src/msg_handler.o
                0x0000000008003256                std::remove_reference<std::shared_ptr<AbstractMsg>&>::type&& std::move<std::shared_ptr<AbstractMsg>&>(std::shared_ptr<AbstractMsg>&)
 .text._ZNSt7__cxx114listISt10shared_ptrI11AbstractMsgESaIS3_EE9_M_insertIJS3_EEEvSt14_List_iteratorIS3_EDpOT_
                0x000000000800326c       0x3c ./Core/Src/msg_handler.o
                0x000000000800326c                void std::__cxx11::list<std::shared_ptr<AbstractMsg>, std::allocator<std::shared_ptr<AbstractMsg> > >::_M_insert<std::shared_ptr<AbstractMsg> >(std::_List_iterator<std::shared_ptr<AbstractMsg> >, std::shared_ptr<AbstractMsg>&&)
 .text._ZNSaI12PayloadClassEC2Ev
                0x00000000080032a8       0x18 ./Core/Src/msg_handler.o
                0x00000000080032a8                std::allocator<PayloadClass>::allocator()
                0x00000000080032a8                std::allocator<PayloadClass>::allocator()
 .text._ZNSaI12PayloadClassED2Ev
                0x00000000080032c0       0x18 ./Core/Src/msg_handler.o
                0x00000000080032c0                std::allocator<PayloadClass>::~allocator()
                0x00000000080032c0                std::allocator<PayloadClass>::~allocator()
 .text._ZSt7forwardIRPKcEOT_RNSt16remove_referenceIS3_E4typeE
                0x00000000080032d8       0x16 ./Core/Src/msg_handler.o
                0x00000000080032d8                char const*& std::forward<char const*&>(std::remove_reference<char const*&>::type&)
 .text._ZSt15allocate_sharedI12PayloadClassSaIS0_EJRPKcjEESt10shared_ptrIT_ERKT0_DpOT1_
                0x00000000080032ee       0x32 ./Core/Src/msg_handler.o
                0x00000000080032ee                std::shared_ptr<PayloadClass> std::allocate_shared<PayloadClass, std::allocator<PayloadClass>, char const*&, unsigned int>(std::allocator<PayloadClass> const&, char const*&, unsigned int&&)
 .text._ZSt4moveIRSt10shared_ptrI12PayloadClassEEONSt16remove_referenceIT_E4typeEOS5_
                0x0000000008003320       0x16 ./Core/Src/msg_handler.o
                0x0000000008003320                std::remove_reference<std::shared_ptr<PayloadClass>&>::type&& std::move<std::shared_ptr<PayloadClass>&>(std::shared_ptr<PayloadClass>&)
 .text._ZNSt12__shared_ptrI11AbstractMsgLN9__gnu_cxx12_Lock_policyE0EEC2I12PayloadClassvEEOS_IT_LS2_0EE
                0x0000000008003336       0x3c ./Core/Src/msg_handler.o
                0x0000000008003336                std::__shared_ptr<AbstractMsg, (__gnu_cxx::_Lock_policy)0>::__shared_ptr<PayloadClass, void>(std::__shared_ptr<PayloadClass, (__gnu_cxx::_Lock_policy)0>&&)
                0x0000000008003336                std::__shared_ptr<AbstractMsg, (__gnu_cxx::_Lock_policy)0>::__shared_ptr<PayloadClass, void>(std::__shared_ptr<PayloadClass, (__gnu_cxx::_Lock_policy)0>&&)
 .text._ZNKSt7__cxx114listISt10shared_ptrI11AbstractMsgESaIS3_EE13_M_node_countEv
                0x0000000008003372       0x1a ./Core/Src/msg_handler.o
                0x0000000008003372                std::__cxx11::list<std::shared_ptr<AbstractMsg>, std::allocator<std::shared_ptr<AbstractMsg> > >::_M_node_count() const
 .text._ZSt7forwardIPfEOT_RNSt16remove_referenceIS1_E4typeE
                0x000000000800338c       0x16 ./Core/Src/msg_handler.o
                0x000000000800338c                float*&& std::forward<float*>(std::remove_reference<float*>::type&)
 .text._ZSt15allocate_sharedI12PayloadClassSaIS0_EJPfjEESt10shared_ptrIT_ERKT0_DpOT1_
                0x00000000080033a2       0x32 ./Core/Src/msg_handler.o
                0x00000000080033a2                std::shared_ptr<PayloadClass> std::allocate_shared<PayloadClass, std::allocator<PayloadClass>, float*, unsigned int>(std::allocator<PayloadClass> const&, float*&&, unsigned int&&)
 .text._ZN12PayloadClassC2IfEEPT_h
                0x00000000080033d4       0x7c ./Core/Src/msg_handler.o
                0x00000000080033d4                PayloadClass::PayloadClass<float>(float*, unsigned char)
                0x00000000080033d4                PayloadClass::PayloadClass<float>(float*, unsigned char)
 .text._ZNSt15__uniq_ptr_dataI12PayloadClassSt14default_deleteIS0_ELb1ELb1EECI2St15__uniq_ptr_implIS0_S2_EEPS0_
                0x0000000008003450       0x20 ./Core/Src/msg_handler.o
                0x0000000008003450                std::__uniq_ptr_data<PayloadClass, std::default_delete<PayloadClass>, true, true>::__uniq_ptr_impl(PayloadClass*)
                0x0000000008003450                std::__uniq_ptr_data<PayloadClass, std::default_delete<PayloadClass>, true, true>::__uniq_ptr_impl(PayloadClass*)
 .text._ZNSt10unique_ptrI12PayloadClassSt14default_deleteIS0_EEC2IS2_vEEPS0_
                0x0000000008003470       0x1e ./Core/Src/msg_handler.o
                0x0000000008003470                std::unique_ptr<PayloadClass, std::default_delete<PayloadClass> >::unique_ptr<std::default_delete<PayloadClass>, void>(PayloadClass*)
                0x0000000008003470                std::unique_ptr<PayloadClass, std::default_delete<PayloadClass> >::unique_ptr<std::default_delete<PayloadClass>, void>(PayloadClass*)
 .text._ZNSt15__uniq_ptr_implI12PayloadClassSt14default_deleteIS0_EE5resetEPS0_
                0x000000000800348e       0x40 ./Core/Src/msg_handler.o
                0x000000000800348e                std::__uniq_ptr_impl<PayloadClass, std::default_delete<PayloadClass> >::reset(PayloadClass*)
 .text._ZNSt15__uniq_ptr_implI12PayloadClassSt14default_deleteIS0_EE7releaseEv
                0x00000000080034ce       0x2a ./Core/Src/msg_handler.o
                0x00000000080034ce                std::__uniq_ptr_impl<PayloadClass, std::default_delete<PayloadClass> >::release()
 .text._ZSt7forwardISt14default_deleteI12PayloadClassEEOT_RNSt16remove_referenceIS3_E4typeE
                0x00000000080034f8       0x16 ./Core/Src/msg_handler.o
                0x00000000080034f8                std::default_delete<PayloadClass>&& std::forward<std::default_delete<PayloadClass> >(std::remove_reference<std::default_delete<PayloadClass> >::type&)
 .text._ZSt7forwardIRPcEOT_RNSt16remove_referenceIS2_E4typeE
                0x000000000800350e       0x16 ./Core/Src/msg_handler.o
                0x000000000800350e                char*& std::forward<char*&>(std::remove_reference<char*&>::type&)
 .text._ZSt7forwardIRhEOT_RNSt16remove_referenceIS1_E4typeE
                0x0000000008003524       0x16 ./Core/Src/msg_handler.o
                0x0000000008003524                unsigned char& std::forward<unsigned char&>(std::remove_reference<unsigned char&>::type&)
 *fill*         0x000000000800353a        0x2 
 .text._ZN12PayloadClassC2IcEEPT_h
                0x000000000800353c       0x7c ./Core/Src/msg_handler.o
                0x000000000800353c                PayloadClass::PayloadClass<char>(char*, unsigned char)
                0x000000000800353c                PayloadClass::PayloadClass<char>(char*, unsigned char)
 .text._ZNSt7__cxx1110_List_baseISt10shared_ptrI11AbstractMsgESaIS3_EE7_M_initEv
                0x00000000080035b8       0x18 ./Core/Src/msg_handler.o
                0x00000000080035b8                std::__cxx11::_List_base<std::shared_ptr<AbstractMsg>, std::allocator<std::shared_ptr<AbstractMsg> > >::_M_init()
 .text._ZNSt12__shared_ptrI11AbstractMsgLN9__gnu_cxx12_Lock_policyE0EEaSEOS3_
                0x00000000080035d0       0x3e ./Core/Src/msg_handler.o
                0x00000000080035d0                std::__shared_ptr<AbstractMsg, (__gnu_cxx::_Lock_policy)0>::operator=(std::__shared_ptr<AbstractMsg, (__gnu_cxx::_Lock_policy)0>&&)
 .text._ZSt4moveIRPhEONSt16remove_referenceIT_E4typeEOS3_
                0x000000000800360e       0x16 ./Core/Src/msg_handler.o
                0x000000000800360e                std::remove_reference<unsigned char*&>::type&& std::move<unsigned char*&>(unsigned char*&)
 .text._ZNSt15__uniq_ptr_implIhSt14default_deleteIA_hEE5resetEPh
                0x0000000008003624       0x40 ./Core/Src/msg_handler.o
                0x0000000008003624                std::__uniq_ptr_impl<unsigned char, std::default_delete<unsigned char []> >::reset(unsigned char*)
 .text._ZNSt14_List_iteratorISt10shared_ptrI11AbstractMsgEEC2EPNSt8__detail15_List_node_baseE
                0x0000000008003664       0x1e ./Core/Src/msg_handler.o
                0x0000000008003664                std::_List_iterator<std::shared_ptr<AbstractMsg> >::_List_iterator(std::__detail::_List_node_base*)
                0x0000000008003664                std::_List_iterator<std::shared_ptr<AbstractMsg> >::_List_iterator(std::__detail::_List_node_base*)
 .text._ZNSt7__cxx1110_List_baseISt10shared_ptrI11AbstractMsgESaIS3_EE11_M_dec_sizeEj
                0x0000000008003682       0x22 ./Core/Src/msg_handler.o
                0x0000000008003682                std::__cxx11::_List_base<std::shared_ptr<AbstractMsg>, std::allocator<std::shared_ptr<AbstractMsg> > >::_M_dec_size(unsigned int)
 .text._ZNKSt15__uniq_ptr_implI12PayloadClassSt14default_deleteIS0_EE6_M_ptrEv
                0x00000000080036a4       0x1c ./Core/Src/msg_handler.o
                0x00000000080036a4                std::__uniq_ptr_impl<PayloadClass, std::default_delete<PayloadClass> >::_M_ptr() const
 .text._ZN9__gnu_cxx13new_allocatorI11HeaderClassEC2Ev
                0x00000000080036c0       0x16 ./Core/Src/msg_handler.o
                0x00000000080036c0                __gnu_cxx::new_allocator<HeaderClass>::new_allocator()
                0x00000000080036c0                __gnu_cxx::new_allocator<HeaderClass>::new_allocator()
 .text._ZN9__gnu_cxx13new_allocatorI11HeaderClassED2Ev
                0x00000000080036d6       0x16 ./Core/Src/msg_handler.o
                0x00000000080036d6                __gnu_cxx::new_allocator<HeaderClass>::~new_allocator()
                0x00000000080036d6                __gnu_cxx::new_allocator<HeaderClass>::~new_allocator()
 .text._ZNSt10shared_ptrI11HeaderClassEC2ISaIS0_EJRKhjEEESt20_Sp_alloc_shared_tagIT_EDpOT0_
                0x00000000080036ec       0x34 ./Core/Src/msg_handler.o
                0x00000000080036ec                std::shared_ptr<HeaderClass>::shared_ptr<std::allocator<HeaderClass>, unsigned char const&, unsigned int>(std::_Sp_alloc_shared_tag<std::allocator<HeaderClass> >, unsigned char const&, unsigned int&&)
                0x00000000080036ec                std::shared_ptr<HeaderClass>::shared_ptr<std::allocator<HeaderClass>, unsigned char const&, unsigned int>(std::_Sp_alloc_shared_tag<std::allocator<HeaderClass> >, unsigned char const&, unsigned int&&)
 .text._ZNSt14__shared_countILN9__gnu_cxx12_Lock_policyE0EE7_M_swapERS2_
                0x0000000008003720       0x2a ./Core/Src/msg_handler.o
                0x0000000008003720                std::__shared_count<(__gnu_cxx::_Lock_policy)0>::_M_swap(std::__shared_count<(__gnu_cxx::_Lock_policy)0>&)
 .text._ZSt7forwardISt10shared_ptrI11AbstractMsgEEOT_RNSt16remove_referenceIS3_E4typeE
                0x000000000800374a       0x16 ./Core/Src/msg_handler.o
                0x000000000800374a                std::shared_ptr<AbstractMsg>&& std::forward<std::shared_ptr<AbstractMsg> >(std::remove_reference<std::shared_ptr<AbstractMsg> >::type&)
 .text._ZNSt7__cxx114listISt10shared_ptrI11AbstractMsgESaIS3_EE14_M_create_nodeIJS3_EEEPSt10_List_nodeIS3_EDpOT_
                0x0000000008003760       0x68 ./Core/Src/msg_handler.o
                0x0000000008003760                std::_List_node<std::shared_ptr<AbstractMsg> >* std::__cxx11::list<std::shared_ptr<AbstractMsg>, std::allocator<std::shared_ptr<AbstractMsg> > >::_M_create_node<std::shared_ptr<AbstractMsg> >(std::shared_ptr<AbstractMsg>&&)
 .text._ZNSt7__cxx1110_List_baseISt10shared_ptrI11AbstractMsgESaIS3_EE11_M_inc_sizeEj
                0x00000000080037c8       0x22 ./Core/Src/msg_handler.o
                0x00000000080037c8                std::__cxx11::_List_base<std::shared_ptr<AbstractMsg>, std::allocator<std::shared_ptr<AbstractMsg> > >::_M_inc_size(unsigned int)
 .text._ZN9__gnu_cxx13new_allocatorI12PayloadClassEC2Ev
                0x00000000080037ea       0x16 ./Core/Src/msg_handler.o
                0x00000000080037ea                __gnu_cxx::new_allocator<PayloadClass>::new_allocator()
                0x00000000080037ea                __gnu_cxx::new_allocator<PayloadClass>::new_allocator()
 .text._ZN9__gnu_cxx13new_allocatorI12PayloadClassED2Ev
                0x0000000008003800       0x16 ./Core/Src/msg_handler.o
                0x0000000008003800                __gnu_cxx::new_allocator<PayloadClass>::~new_allocator()
                0x0000000008003800                __gnu_cxx::new_allocator<PayloadClass>::~new_allocator()
 .text._ZNSt10shared_ptrI12PayloadClassEC2ISaIS0_EJRPKcjEEESt20_Sp_alloc_shared_tagIT_EDpOT0_
                0x0000000008003816       0x34 ./Core/Src/msg_handler.o
                0x0000000008003816                std::shared_ptr<PayloadClass>::shared_ptr<std::allocator<PayloadClass>, char const*&, unsigned int>(std::_Sp_alloc_shared_tag<std::allocator<PayloadClass> >, char const*&, unsigned int&&)
                0x0000000008003816                std::shared_ptr<PayloadClass>::shared_ptr<std::allocator<PayloadClass>, char const*&, unsigned int>(std::_Sp_alloc_shared_tag<std::allocator<PayloadClass> >, char const*&, unsigned int&&)
 .text._ZNKSt7__cxx1110_List_baseISt10shared_ptrI11AbstractMsgESaIS3_EE11_M_get_sizeEv
                0x000000000800384a       0x18 ./Core/Src/msg_handler.o
                0x000000000800384a                std::__cxx11::_List_base<std::shared_ptr<AbstractMsg>, std::allocator<std::shared_ptr<AbstractMsg> > >::_M_get_size() const
 .text._ZNSt10shared_ptrI12PayloadClassEC2ISaIS0_EJPfjEEESt20_Sp_alloc_shared_tagIT_EDpOT0_
                0x0000000008003862       0x34 ./Core/Src/msg_handler.o
                0x0000000008003862                std::shared_ptr<PayloadClass>::shared_ptr<std::allocator<PayloadClass>, float*, unsigned int>(std::_Sp_alloc_shared_tag<std::allocator<PayloadClass> >, float*&&, unsigned int&&)
                0x0000000008003862                std::shared_ptr<PayloadClass>::shared_ptr<std::allocator<PayloadClass>, float*, unsigned int>(std::_Sp_alloc_shared_tag<std::allocator<PayloadClass> >, float*&&, unsigned int&&)
 .text._ZNSt15__uniq_ptr_implI12PayloadClassSt14default_deleteIS0_EEC2EPS0_
                0x0000000008003896       0x28 ./Core/Src/msg_handler.o
                0x0000000008003896                std::__uniq_ptr_impl<PayloadClass, std::default_delete<PayloadClass> >::__uniq_ptr_impl(PayloadClass*)
                0x0000000008003896                std::__uniq_ptr_impl<PayloadClass, std::default_delete<PayloadClass> >::__uniq_ptr_impl(PayloadClass*)
 .text._ZSt4moveIRSt12__shared_ptrI11AbstractMsgLN9__gnu_cxx12_Lock_policyE0EEEONSt16remove_referenceIT_E4typeEOS7_
                0x00000000080038be       0x16 ./Core/Src/msg_handler.o
                0x00000000080038be                std::remove_reference<std::__shared_ptr<AbstractMsg, (__gnu_cxx::_Lock_policy)0>&>::type&& std::move<std::__shared_ptr<AbstractMsg, (__gnu_cxx::_Lock_policy)0>&>(std::__shared_ptr<AbstractMsg, (__gnu_cxx::_Lock_policy)0>&)
 .text._ZNSt12__shared_ptrI11AbstractMsgLN9__gnu_cxx12_Lock_policyE0EEC2EOS3_
                0x00000000080038d4       0x3c ./Core/Src/msg_handler.o
                0x00000000080038d4                std::__shared_ptr<AbstractMsg, (__gnu_cxx::_Lock_policy)0>::__shared_ptr(std::__shared_ptr<AbstractMsg, (__gnu_cxx::_Lock_policy)0>&&)
                0x00000000080038d4                std::__shared_ptr<AbstractMsg, (__gnu_cxx::_Lock_policy)0>::__shared_ptr(std::__shared_ptr<AbstractMsg, (__gnu_cxx::_Lock_policy)0>&&)
 .text._ZNSt12__shared_ptrI11AbstractMsgLN9__gnu_cxx12_Lock_policyE0EE4swapERS3_
                0x0000000008003910       0x2e ./Core/Src/msg_handler.o
                0x0000000008003910                std::__shared_ptr<AbstractMsg, (__gnu_cxx::_Lock_policy)0>::swap(std::__shared_ptr<AbstractMsg, (__gnu_cxx::_Lock_policy)0>&)
 .text._ZSt3getILj0EJP12PayloadClassSt14default_deleteIS0_EEERKNSt13tuple_elementIXT_ESt5tupleIJDpT0_EEE4typeERKS8_
                0x000000000800393e       0x1a ./Core/Src/msg_handler.o
                0x000000000800393e                std::tuple_element<0u, std::tuple<PayloadClass*, std::default_delete<PayloadClass> > >::type const& std::get<0u, PayloadClass*, std::default_delete<PayloadClass> >(std::tuple<PayloadClass*, std::default_delete<PayloadClass> > const&)
 .text._ZNSt12__shared_ptrI11HeaderClassLN9__gnu_cxx12_Lock_policyE0EEC2ISaIS0_EJRKhjEEESt20_Sp_alloc_shared_tagIT_EDpOT0_
                0x0000000008003958       0x4e ./Core/Src/msg_handler.o
                0x0000000008003958                std::__shared_ptr<HeaderClass, (__gnu_cxx::_Lock_policy)0>::__shared_ptr<std::allocator<HeaderClass>, unsigned char const&, unsigned int>(std::_Sp_alloc_shared_tag<std::allocator<HeaderClass> >, unsigned char const&, unsigned int&&)
                0x0000000008003958                std::__shared_ptr<HeaderClass, (__gnu_cxx::_Lock_policy)0>::__shared_ptr<std::allocator<HeaderClass>, unsigned char const&, unsigned int>(std::_Sp_alloc_shared_tag<std::allocator<HeaderClass> >, unsigned char const&, unsigned int&&)
 .text._ZNSt7__cxx1110_List_baseISt10shared_ptrI11AbstractMsgESaIS3_EE11_M_get_nodeEv
                0x00000000080039a6       0x1c ./Core/Src/msg_handler.o
                0x00000000080039a6                std::__cxx11::_List_base<std::shared_ptr<AbstractMsg>, std::allocator<std::shared_ptr<AbstractMsg> > >::_M_get_node()
 .text._ZNSt15__allocated_ptrISaISt10_List_nodeISt10shared_ptrI11AbstractMsgEEEEC2ERS5_PS4_
                0x00000000080039c2       0x28 ./Core/Src/msg_handler.o
                0x00000000080039c2                std::__allocated_ptr<std::allocator<std::_List_node<std::shared_ptr<AbstractMsg> > > >::__allocated_ptr(std::allocator<std::_List_node<std::shared_ptr<AbstractMsg> > >&, std::_List_node<std::shared_ptr<AbstractMsg> >*)
                0x00000000080039c2                std::__allocated_ptr<std::allocator<std::_List_node<std::shared_ptr<AbstractMsg> > > >::__allocated_ptr(std::allocator<std::_List_node<std::shared_ptr<AbstractMsg> > >&, std::_List_node<std::shared_ptr<AbstractMsg> >*)
 .text._ZNSt15__allocated_ptrISaISt10_List_nodeISt10shared_ptrI11AbstractMsgEEEED2Ev
                0x00000000080039ea       0x2a ./Core/Src/msg_handler.o
                0x00000000080039ea                std::__allocated_ptr<std::allocator<std::_List_node<std::shared_ptr<AbstractMsg> > > >::~__allocated_ptr()
                0x00000000080039ea                std::__allocated_ptr<std::allocator<std::_List_node<std::shared_ptr<AbstractMsg> > > >::~__allocated_ptr()
 .text._ZNSt16allocator_traitsISaISt10_List_nodeISt10shared_ptrI11AbstractMsgEEEE9constructIS3_JS3_EEEvRS5_PT_DpOT0_
                0x0000000008003a14       0x26 ./Core/Src/msg_handler.o
                0x0000000008003a14                void std::allocator_traits<std::allocator<std::_List_node<std::shared_ptr<AbstractMsg> > > >::construct<std::shared_ptr<AbstractMsg>, std::shared_ptr<AbstractMsg> >(std::allocator<std::_List_node<std::shared_ptr<AbstractMsg> > >&, std::shared_ptr<AbstractMsg>*, std::shared_ptr<AbstractMsg>&&)
 .text._ZNSt15__allocated_ptrISaISt10_List_nodeISt10shared_ptrI11AbstractMsgEEEEaSEDn
                0x0000000008003a3a       0x1e ./Core/Src/msg_handler.o
                0x0000000008003a3a                std::__allocated_ptr<std::allocator<std::_List_node<std::shared_ptr<AbstractMsg> > > >::operator=(decltype(nullptr))
 .text._ZNSt12__shared_ptrI12PayloadClassLN9__gnu_cxx12_Lock_policyE0EEC2ISaIS0_EJRPKcjEEESt20_Sp_alloc_shared_tagIT_EDpOT0_
                0x0000000008003a58       0x4e ./Core/Src/msg_handler.o
                0x0000000008003a58                std::__shared_ptr<PayloadClass, (__gnu_cxx::_Lock_policy)0>::__shared_ptr<std::allocator<PayloadClass>, char const*&, unsigned int>(std::_Sp_alloc_shared_tag<std::allocator<PayloadClass> >, char const*&, unsigned int&&)
                0x0000000008003a58                std::__shared_ptr<PayloadClass, (__gnu_cxx::_Lock_policy)0>::__shared_ptr<std::allocator<PayloadClass>, char const*&, unsigned int>(std::_Sp_alloc_shared_tag<std::allocator<PayloadClass> >, char const*&, unsigned int&&)
 .text._ZNSt12__shared_ptrI12PayloadClassLN9__gnu_cxx12_Lock_policyE0EEC2ISaIS0_EJPfjEEESt20_Sp_alloc_shared_tagIT_EDpOT0_
                0x0000000008003aa6       0x4e ./Core/Src/msg_handler.o
                0x0000000008003aa6                std::__shared_ptr<PayloadClass, (__gnu_cxx::_Lock_policy)0>::__shared_ptr<std::allocator<PayloadClass>, float*, unsigned int>(std::_Sp_alloc_shared_tag<std::allocator<PayloadClass> >, float*&&, unsigned int&&)
                0x0000000008003aa6                std::__shared_ptr<PayloadClass, (__gnu_cxx::_Lock_policy)0>::__shared_ptr<std::allocator<PayloadClass>, float*, unsigned int>(std::_Sp_alloc_shared_tag<std::allocator<PayloadClass> >, float*&&, unsigned int&&)
 .text._ZSt4moveIRP11AbstractMsgEONSt16remove_referenceIT_E4typeEOS4_
                0x0000000008003af4       0x16 ./Core/Src/msg_handler.o
                0x0000000008003af4                std::remove_reference<AbstractMsg*&>::type&& std::move<AbstractMsg*&>(AbstractMsg*&)
 .text._ZSt4swapIP11AbstractMsgENSt9enable_ifIXsrSt6__and_IJSt6__not_ISt15__is_tuple_likeIT_EESt21is_move_constructibleIS6_ESt18is_move_assignableIS6_EEE5valueEvE4typeERS6_SG_
                0x0000000008003b0a       0x3e ./Core/Src/msg_handler.o
                0x0000000008003b0a                std::enable_if<std::__and_<std::__not_<std::__is_tuple_like<AbstractMsg*> >, std::is_move_constructible<AbstractMsg*>, std::is_move_assignable<AbstractMsg*> >::value, void>::type std::swap<AbstractMsg*>(AbstractMsg*&, AbstractMsg*&)
 .text._ZSt12__get_helperILj0EP12PayloadClassJSt14default_deleteIS0_EEERKT0_RKSt11_Tuple_implIXT_EJS4_DpT1_EE
                0x0000000008003b48       0x18 ./Core/Src/msg_handler.o
                0x0000000008003b48                PayloadClass* const& std::__get_helper<0u, PayloadClass*, std::default_delete<PayloadClass> >(std::_Tuple_impl<0u, PayloadClass*, std::default_delete<PayloadClass> > const&)
 .text._ZNSt14__shared_countILN9__gnu_cxx12_Lock_policyE0EEC2I11HeaderClassSaIS4_EJRKhjEEERPT_St20_Sp_alloc_shared_tagIT0_EDpOT1_
                0x0000000008003b60       0xbe ./Core/Src/msg_handler.o
                0x0000000008003b60                std::__shared_count<(__gnu_cxx::_Lock_policy)0>::__shared_count<HeaderClass, std::allocator<HeaderClass>, unsigned char const&, unsigned int>(HeaderClass*&, std::_Sp_alloc_shared_tag<std::allocator<HeaderClass> >, unsigned char const&, unsigned int&&)
                0x0000000008003b60                std::__shared_count<(__gnu_cxx::_Lock_policy)0>::__shared_count<HeaderClass, std::allocator<HeaderClass>, unsigned char const&, unsigned int>(HeaderClass*&, std::_Sp_alloc_shared_tag<std::allocator<HeaderClass> >, unsigned char const&, unsigned int&&)
 .text._ZNSt12__shared_ptrI11HeaderClassLN9__gnu_cxx12_Lock_policyE0EE31_M_enable_shared_from_this_withIS0_S0_EENSt9enable_ifIXntsrNS3_15__has_esft_baseIT0_vEE5valueEvE4typeEPT_
                0x0000000008003c1e       0x16 ./Core/Src/msg_handler.o
                0x0000000008003c1e                std::enable_if<!std::__shared_ptr<HeaderClass, (__gnu_cxx::_Lock_policy)0>::__has_esft_base<HeaderClass, void>::value, void>::type std::__shared_ptr<HeaderClass, (__gnu_cxx::_Lock_policy)0>::_M_enable_shared_from_this_with<HeaderClass, HeaderClass>(HeaderClass*)
 .text._ZNSt16allocator_traitsISaISt10_List_nodeISt10shared_ptrI11AbstractMsgEEEE8allocateERS5_j
                0x0000000008003c34       0x1e ./Core/Src/msg_handler.o
                0x0000000008003c34                std::allocator_traits<std::allocator<std::_List_node<std::shared_ptr<AbstractMsg> > > >::allocate(std::allocator<std::_List_node<std::shared_ptr<AbstractMsg> > >&, unsigned int)
 .text._ZSt11__addressofISaISt10_List_nodeISt10shared_ptrI11AbstractMsgEEEEPT_RS6_
                0x0000000008003c52       0x16 ./Core/Src/msg_handler.o
                0x0000000008003c52                std::allocator<std::_List_node<std::shared_ptr<AbstractMsg> > >* std::__addressof<std::allocator<std::_List_node<std::shared_ptr<AbstractMsg> > > >(std::allocator<std::_List_node<std::shared_ptr<AbstractMsg> > >&)
 .text._ZN9__gnu_cxx13new_allocatorISt10_List_nodeISt10shared_ptrI11AbstractMsgEEE9constructIS4_JS4_EEEvPT_DpOT0_
                0x0000000008003c68       0x30 ./Core/Src/msg_handler.o
                0x0000000008003c68                void __gnu_cxx::new_allocator<std::_List_node<std::shared_ptr<AbstractMsg> > >::construct<std::shared_ptr<AbstractMsg>, std::shared_ptr<AbstractMsg> >(std::shared_ptr<AbstractMsg>*, std::shared_ptr<AbstractMsg>&&)
 .text._ZNSt14__shared_countILN9__gnu_cxx12_Lock_policyE0EEC2I12PayloadClassSaIS4_EJRPKcjEEERPT_St20_Sp_alloc_shared_tagIT0_EDpOT1_
                0x0000000008003c98       0xbe ./Core/Src/msg_handler.o
                0x0000000008003c98                std::__shared_count<(__gnu_cxx::_Lock_policy)0>::__shared_count<PayloadClass, std::allocator<PayloadClass>, char const*&, unsigned int>(PayloadClass*&, std::_Sp_alloc_shared_tag<std::allocator<PayloadClass> >, char const*&, unsigned int&&)
                0x0000000008003c98                std::__shared_count<(__gnu_cxx::_Lock_policy)0>::__shared_count<PayloadClass, std::allocator<PayloadClass>, char const*&, unsigned int>(PayloadClass*&, std::_Sp_alloc_shared_tag<std::allocator<PayloadClass> >, char const*&, unsigned int&&)
 .text._ZNSt12__shared_ptrI12PayloadClassLN9__gnu_cxx12_Lock_policyE0EE31_M_enable_shared_from_this_withIS0_S0_EENSt9enable_ifIXntsrNS3_15__has_esft_baseIT0_vEE5valueEvE4typeEPT_
                0x0000000008003d56       0x16 ./Core/Src/msg_handler.o
                0x0000000008003d56                std::enable_if<!std::__shared_ptr<PayloadClass, (__gnu_cxx::_Lock_policy)0>::__has_esft_base<PayloadClass, void>::value, void>::type std::__shared_ptr<PayloadClass, (__gnu_cxx::_Lock_policy)0>::_M_enable_shared_from_this_with<PayloadClass, PayloadClass>(PayloadClass*)
 .text._ZNSt14__shared_countILN9__gnu_cxx12_Lock_policyE0EEC2I12PayloadClassSaIS4_EJPfjEEERPT_St20_Sp_alloc_shared_tagIT0_EDpOT1_
                0x0000000008003d6c       0xbe ./Core/Src/msg_handler.o
                0x0000000008003d6c                std::__shared_count<(__gnu_cxx::_Lock_policy)0>::__shared_count<PayloadClass, std::allocator<PayloadClass>, float*, unsigned int>(PayloadClass*&, std::_Sp_alloc_shared_tag<std::allocator<PayloadClass> >, float*&&, unsigned int&&)
                0x0000000008003d6c                std::__shared_count<(__gnu_cxx::_Lock_policy)0>::__shared_count<PayloadClass, std::allocator<PayloadClass>, float*, unsigned int>(PayloadClass*&, std::_Sp_alloc_shared_tag<std::allocator<PayloadClass> >, float*&&, unsigned int&&)
 .text._ZNSt11_Tuple_implILj0EJP12PayloadClassSt14default_deleteIS0_EEE7_M_headERKS4_
                0x0000000008003e2a       0x1a ./Core/Src/msg_handler.o
                0x0000000008003e2a                std::_Tuple_impl<0u, PayloadClass*, std::default_delete<PayloadClass> >::_M_head(std::_Tuple_impl<0u, PayloadClass*, std::default_delete<PayloadClass> > const&)
 .text._ZNSaISt23_Sp_counted_ptr_inplaceI11HeaderClassSaIS0_ELN9__gnu_cxx12_Lock_policyE0EEEC2IS0_EERKSaIT_E
                0x0000000008003e44       0x1a ./Core/Src/msg_handler.o
                0x0000000008003e44                std::allocator<std::_Sp_counted_ptr_inplace<HeaderClass, std::allocator<HeaderClass>, (__gnu_cxx::_Lock_policy)0> >::allocator<HeaderClass>(std::allocator<HeaderClass> const&)
                0x0000000008003e44                std::allocator<std::_Sp_counted_ptr_inplace<HeaderClass, std::allocator<HeaderClass>, (__gnu_cxx::_Lock_policy)0> >::allocator<HeaderClass>(std::allocator<HeaderClass> const&)
 .text._ZNSaISt23_Sp_counted_ptr_inplaceI11HeaderClassSaIS0_ELN9__gnu_cxx12_Lock_policyE0EEED2Ev
                0x0000000008003e5e       0x18 ./Core/Src/msg_handler.o
                0x0000000008003e5e                std::allocator<std::_Sp_counted_ptr_inplace<HeaderClass, std::allocator<HeaderClass>, (__gnu_cxx::_Lock_policy)0> >::~allocator()
                0x0000000008003e5e                std::allocator<std::_Sp_counted_ptr_inplace<HeaderClass, std::allocator<HeaderClass>, (__gnu_cxx::_Lock_policy)0> >::~allocator()
 .text._ZSt18__allocate_guardedISaISt23_Sp_counted_ptr_inplaceI11HeaderClassSaIS1_ELN9__gnu_cxx12_Lock_policyE0EEEESt15__allocated_ptrIT_ERS8_
                0x0000000008003e76       0x26 ./Core/Src/msg_handler.o