Archive member included to satisfy reference by file (symbol)

C:/ST/STM32CubeIDE_1.13.2/STM32CubeIDE/plugins/com.st.stm32cube.ide.mcu.externaltools.gnu-tools-for-stm32.11.3.rel1.win32_1.1.1.202309131626/tools/bin/../lib/gcc/arm-none-eabi/11.3.1/../../../../arm-none-eabi/lib/thumb/v7e-m+fp/hard\libstdc++_nano.a(class_type_info.o)
                              ./Core/Src/XNucleoIHM02A1.o (vtable for __cxxabiv1::__class_type_info)
C:/ST/STM32CubeIDE_1.13.2/STM32CubeIDE/plugins/com.st.stm32cube.ide.mcu.externaltools.gnu-tools-for-stm32.11.3.rel1.win32_1.1.1.202309131626/tools/bin/../lib/gcc/arm-none-eabi/11.3.1/../../../../arm-none-eabi/lib/thumb/v7e-m+fp/hard\libstdc++_nano.a(del_ops.o)
                              ./Core/Src/XNucleoIHM02A1.o (operator delete(void*, unsigned int))
C:/ST/STM32CubeIDE_1.13.2/STM32CubeIDE/plugins/com.st.stm32cube.ide.mcu.externaltools.gnu-tools-for-stm32.11.3.rel1.win32_1.1.1.202309131626/tools/bin/../lib/gcc/arm-none-eabi/11.3.1/../../../../arm-none-eabi/lib/thumb/v7e-m+fp/hard\libstdc++_nano.a(del_opv.o)
                              ./Core/Src/main.o (operator delete[](void*))
C:/ST/STM32CubeIDE_1.13.2/STM32CubeIDE/plugins/com.st.stm32cube.ide.mcu.externaltools.gnu-tools-for-stm32.11.3.rel1.win32_1.1.1.202309131626/tools/bin/../lib/gcc/arm-none-eabi/11.3.1/../../../../arm-none-eabi/lib/thumb/v7e-m+fp/hard\libstdc++_nano.a(new_op.o)
                              ./Core/Src/XNucleoIHM02A1.o (operator new(unsigned int))
C:/ST/STM32CubeIDE_1.13.2/STM32CubeIDE/plugins/com.st.stm32cube.ide.mcu.externaltools.gnu-tools-for-stm32.11.3.rel1.win32_1.1.1.202309131626/tools/bin/../lib/gcc/arm-none-eabi/11.3.1/../../../../arm-none-eabi/lib/thumb/v7e-m+fp/hard\libstdc++_nano.a(new_opv.o)
                              ./Core/Src/main.o (operator new[](unsigned int))
C:/ST/STM32CubeIDE_1.13.2/STM32CubeIDE/plugins/com.st.stm32cube.ide.mcu.externaltools.gnu-tools-for-stm32.11.3.rel1.win32_1.1.1.202309131626/tools/bin/../lib/gcc/arm-none-eabi/11.3.1/../../../../arm-none-eabi/lib/thumb/v7e-m+fp/hard\libstdc++_nano.a(si_class_type_info.o)
                              ./Core/Src/XNucleoIHM02A1.o (vtable for __cxxabiv1::__si_class_type_info)
C:/ST/STM32CubeIDE_1.13.2/STM32CubeIDE/plugins/com.st.stm32cube.ide.mcu.externaltools.gnu-tools-for-stm32.11.3.rel1.win32_1.1.1.202309131626/tools/bin/../lib/gcc/arm-none-eabi/11.3.1/../../../../arm-none-eabi/lib/thumb/v7e-m+fp/hard\libstdc++_nano.a(tinfo.o)
                              C:/ST/STM32CubeIDE_1.13.2/STM32CubeIDE/plugins/com.st.stm32cube.ide.mcu.externaltools.gnu-tools-for-stm32.11.3.rel1.win32_1.1.1.202309131626/tools/bin/../lib/gcc/arm-none-eabi/11.3.1/../../../../arm-none-eabi/lib/thumb/v7e-m+fp/hard\libstdc++_nano.a(class_type_info.o) (std::type_info::~type_info())
C:/ST/STM32CubeIDE_1.13.2/STM32CubeIDE/plugins/com.st.stm32cube.ide.mcu.externaltools.gnu-tools-for-stm32.11.3.rel1.win32_1.1.1.202309131626/tools/bin/../lib/gcc/arm-none-eabi/11.3.1/../../../../arm-none-eabi/lib/thumb/v7e-m+fp/hard\libstdc++_nano.a(list.o)
                              ./Core/Src/msg_handler.o (std::__detail::_List_node_base::_M_hook(std::__detail::_List_node_base*))
C:/ST/STM32CubeIDE_1.13.2/STM32CubeIDE/plugins/com.st.stm32cube.ide.mcu.externaltools.gnu-tools-for-stm32.11.3.rel1.win32_1.1.1.202309131626/tools/bin/../lib/gcc/arm-none-eabi/11.3.1/../../../../arm-none-eabi/lib/thumb/v7e-m+fp/hard\libstdc++_nano.a(functexcept.o)
                              ./Core/Src/msg_handler.o (std::__throw_bad_alloc())
C:/ST/STM32CubeIDE_1.13.2/STM32CubeIDE/plugins/com.st.stm32cube.ide.mcu.externaltools.gnu-tools-for-stm32.11.3.rel1.win32_1.1.1.202309131626/tools/bin/../lib/gcc/arm-none-eabi/11.3.1/../../../../arm-none-eabi/lib/thumb/v7e-m+fp/hard\libstdc++_nano.a(snprintf_lite.o)
                              C:/ST/STM32CubeIDE_1.13.2/STM32CubeIDE/plugins/com.st.stm32cube.ide.mcu.externaltools.gnu-tools-for-stm32.11.3.rel1.win32_1.1.1.202309131626/tools/bin/../lib/gcc/arm-none-eabi/11.3.1/../../../../arm-none-eabi/lib/thumb/v7e-m+fp/hard\libstdc++_nano.a(functexcept.o) (__gnu_cxx::__snprintf_lite(char*, unsigned int, char const*, std::__va_list))
C:/ST/STM32CubeIDE_1.13.2/STM32CubeIDE/plugins/com.st.stm32cube.ide.mcu.externaltools.gnu-tools-for-stm32.11.3.rel1.win32_1.1.1.202309131626/tools/bin/../lib/gcc/arm-none-eabi/11.3.1/../../../../arm-none-eabi/lib/thumb/v7e-m+fp/hard\libstdc++_nano.a(del_op.o)
                              C:/ST/STM32CubeIDE_1.13.2/STM32CubeIDE/plugins/com.st.stm32cube.ide.mcu.externaltools.gnu-tools-for-stm32.11.3.rel1.win32_1.1.1.202309131626/tools/bin/../lib/gcc/arm-none-eabi/11.3.1/../../../../arm-none-eabi/lib/thumb/v7e-m+fp/hard\libstdc++_nano.a(del_ops.o) (operator delete(void*))
C:/ST/STM32CubeIDE_1.13.2/STM32CubeIDE/plugins/com.st.stm32cube.ide.mcu.externaltools.gnu-tools-for-stm32.11.3.rel1.win32_1.1.1.202309131626/tools/bin/../lib/gcc/arm-none-eabi/11.3.1/../../../../arm-none-eabi/lib/thumb/v7e-m+fp/hard\libstdc++_nano.a(new_handler.o)
[...]
Memory Configuration

Name             Origin             Length             Attributes
RAM              0x0000000020000000 0x0000000000020000 xrw
FLASH            0x0000000008000000 0x0000000000080000 xr
*default*        0x0000000000000000 0xffffffffffffffff

Linker script and memory map

LOAD C:/ST/STM32CubeIDE_1.13.2/STM32CubeIDE/plugins/com.st.stm32cube.ide.mcu.externaltools.gnu-tools-for-stm32.11.3.rel1.win32_1.1.1.202309131626/tools/bin/../lib/gcc/arm-none-eabi/11.3.1/thumb/v7e-m+fp/hard/crti.o
LOAD C:/ST/STM32CubeIDE_1.13.2/STM32CubeIDE/plugins/com.st.stm32cube.ide.mcu.externaltools.gnu-tools-for-stm32.11.3.rel1.win32_1.1.1.202309131626/tools/bin/../lib/gcc/arm-none-eabi/11.3.1/thumb/v7e-m+fp/hard/crtbegin.o
LOAD C:/ST/STM32CubeIDE_1.13.2/STM32CubeIDE/plugins/com.st.stm32cube.ide.mcu.externaltools.gnu-tools-for-stm32.11.3.rel1.win32_1.1.1.202309131626/tools/bin/../lib/gcc/arm-none-eabi/11.3.1/../../../../arm-none-eabi/lib/thumb/v7e-m+fp/hard/crt0.o
LOAD ./Core/Src/L6470.o
LOAD ./Core/Src/XNucleoIHM02A1.o
LOAD ./Core/Src/main.o
LOAD ./Core/Src/msg_handler.o
LOAD ./Core/Src/stm32f4xx_hal_msp.o
LOAD ./Core/Src/stm32f4xx_it.o
LOAD ./Core/Src/syscalls.o
LOAD ./Core/Src/sysmem.o
LOAD ./Core/Src/system_stm32f4xx.o
LOAD ./Core/Startup/startup_stm32f446retx.o
LOAD ./Drivers/STM32F4xx_HAL_Driver/Src/stm32f4xx_hal.o
LOAD ./Drivers/STM32F4xx_HAL_Driver/Src/stm32f4xx_hal_cortex.o
LOAD ./Drivers/STM32F4xx_HAL_Driver/Src/stm32f4xx_hal_dma.o
LOAD ./Drivers/STM32F4xx_HAL_Driver/Src/stm32f4xx_hal_dma_ex.o
LOAD ./Drivers/STM32F4xx_HAL_Driver/Src/stm32f4xx_hal_exti.o
LOAD ./Drivers/STM32F4xx_HAL_Driver/Src/stm32f4xx_hal_flash.o
LOAD ./Drivers/STM32F4xx_HAL_Driver/Src/stm32f4xx_hal_flash_ex.o
LOAD ./Drivers/STM32F4xx_HAL_Driver/Src/stm32f4xx_hal_flash_ramfunc.o
LOAD ./Drivers/STM32F4xx_HAL_Driver/Src/stm32f4xx_hal_gpio.o
LOAD ./Drivers/STM32F4xx_HAL_Driver/Src/stm32f4xx_hal_pwr.o
LOAD ./Drivers/STM32F4xx_HAL_Driver/Src/stm32f4xx_hal_pwr_ex.o
LOAD ./Drivers/STM32F4xx_HAL_Driver/Src/stm32f4xx_hal_rcc.o
LOAD ./Drivers/STM32F4xx_HAL_Driver/Src/stm32f4xx_hal_rcc_ex.o
LOAD ./Drivers/STM32F4xx_HAL_Driver/Src/stm32f4xx_hal_spi.o
LOAD ./Drivers/STM32F4xx_HAL_Driver/Src/stm32f4xx_hal_tim.o
LOAD ./Drivers/STM32F4xx_HAL_Driver/Src/stm32f4xx_hal_tim_ex.o
LOAD ./Drivers/STM32F4xx_HAL_Driver/Src/stm32f4xx_hal_uart.o
START GROUP
LOAD C:/ST/STM32CubeIDE_1.13.2/STM32CubeIDE/plugins/com.st.stm32cube.ide.mcu.externaltools.gnu-tools-for-stm32.11.3.rel1.win32_1.1.1.202309131626/tools/bin/../lib/gcc/arm-none-eabi/11.3.1/../../../../arm-none-eabi/lib/thumb/v7e-m+fp/hard\libstdc++_nano.a
LOAD C:/ST/STM32CubeIDE_1.13.2/STM32CubeIDE/plugins/com.st.stm32cube.ide.mcu.externaltools.gnu-tools-for-stm32.11.3.rel1.win32_1.1.1.202309131626/tools/bin/../lib/gcc/arm-none-eabi/11.3.1/../../../../arm-none-eabi/lib/thumb/v7e-m+fp/hard\libsupc++_nano.a
END GROUP
LOAD C:/ST/STM32CubeIDE_1.13.2/STM32CubeIDE/plugins/com.st.stm32cube.ide.mcu.externaltools.gnu-tools-for-stm32.11.3.rel1.win32_1.1.1.202309131626/tools/bin/../lib/gcc/arm-none-eabi/11.3.1/../../../../arm-none-eabi/lib/thumb/v7e-m+fp/hard\libstdc++_nano.a
LOAD C:/ST/STM32CubeIDE_1.13.2/STM32CubeIDE/plugins/com.st.stm32cube.ide.mcu.externaltools.gnu-tools-for-stm32.11.3.rel1.win32_1.1.1.202309131626/tools/bin/../lib/gcc/arm-none-eabi/11.3.1/../../../../arm-none-eabi/lib/thumb/v7e-m+fp/hard\libm.a
LOAD C:/ST/STM32CubeIDE_1.13.2/STM32CubeIDE/plugins/com.st.stm32cube.ide.mcu.externaltools.gnu-tools-for-stm32.11.3.rel1.win32_1.1.1.202309131626/tools/bin/../lib/gcc/arm-none-eabi/11.3.1/../../../../arm-none-eabi/lib/thumb/v7e-m+fp/hard\libc_nano.a
START GROUP
LOAD C:/ST/STM32CubeIDE_1.13.2/STM32CubeIDE/plugins/com.st.stm32cube.ide.mcu.externaltools.gnu-tools-for-stm32.11.3.rel1.win32_1.1.1.202309131626/tools/bin/../lib/gcc/arm-none-eabi/11.3.1/thumb/v7e-m+fp/hard\libgcc.a
LOAD C:/ST/STM32CubeIDE_1.13.2/STM32CubeIDE/plugins/com.st.stm32cube.ide.mcu.externaltools.gnu-tools-for-stm32.11.3.rel1.win32_1.1.1.202309131626/tools/bin/../lib/gcc/arm-none-eabi/11.3.1/../../../../arm-none-eabi/lib/thumb/v7e-m+fp/hard\libc_nano.a
END GROUP
START GROUP
LOAD C:/ST/STM32CubeIDE_1.13.2/STM32CubeIDE/plugins/com.st.stm32cube.ide.mcu.externaltools.gnu-tools-for-stm32.11.3.rel1.win32_1.1.1.202309131626/tools/bin/../lib/gcc/arm-none-eabi/11.3.1/thumb/v7e-m+fp/hard\libgcc.a
LOAD C:/ST/STM32CubeIDE_1.13.2/STM32CubeIDE/plugins/com.st.stm32cube.ide.mcu.externaltools.gnu-tools-for-stm32.11.3.rel1.win32_1.1.1.202309131626/tools/bin/../lib/gcc/arm-none-eabi/11.3.1/../../../../arm-none-eabi/lib/thumb/v7e-m+fp/hard\libc_nano.a
END GROUP
LOAD C:/ST/STM32CubeIDE_1.13.2/STM32CubeIDE/plugins/com.st.stm32cube.ide.mcu.externaltools.gnu-tools-for-stm32.11.3.rel1.win32_1.1.1.202309131626/tools/bin/../lib/gcc/arm-none-eabi/11.3.1/thumb/v7e-m+fp/hard/crtend.o
LOAD C:/ST/STM32CubeIDE_1.13.2/STM32CubeIDE/plugins/com.st.stm32cube.ide.mcu.externaltools.gnu-tools-for-stm32.11.3.rel1.win32_1.1.1.202309131626/tools/bin/../lib/gcc/arm-none-eabi/11.3.1/thumb/v7e-m+fp/hard/crtn.o
                0x0000000020020000                _estack = (ORIGIN (RAM) + LENGTH (RAM))
                0x0000000000000200                _Min_Heap_Size = 0x200
                0x0000000000000400                _Min_Stack_Size = 0x400

.isr_vector     0x0000000008000000      0x1c4
                0x0000000008000000                . = ALIGN (0x4)
 *(.isr_vector)
 .isr_vector    0x0000000008000000      0x1c4 ./Core/Startup/startup_stm32f446retx.o
                0x0000000008000000                g_pfnVectors
                0x00000000080001c4                . = ALIGN (0x4)

.text           0x00000000080001d0     0xede8
                0x00000000080001d0                . = ALIGN (0x4)
 *(.text)
 .text          0x00000000080001d0       0x40 C:/ST/STM32CubeIDE_1.13.2/STM32CubeIDE/plugins/com.st.stm32cube.ide.mcu.externaltools.gnu-tools-for-stm32.11.3.rel1.win32_1.1.1.202309131626/tools/bin/../lib/gcc/arm-none-eabi/11.3.1/thumb/v7e-m+fp/hard/crtbegin.o
 .text          0x0000000008000210       0x14 C:/ST/STM32CubeIDE_1.13.2/STM32CubeIDE/plugins/com.st.stm32cube.ide.mcu.externaltools.gnu-tools-for-stm32.11.3.rel1.win32_1.1.1.202309131626/tools/bin/../lib/gcc/arm-none-eabi/11.3.1/../../../../arm-none-eabi/lib/thumb/v7e-m+fp/hard\libc_nano.a(libc_a-strcmp.o)
                0x0000000008000210                strcmp
 *fill*         0x0000000008000224        0xc 
 .text          0x0000000008000230       0xa0 C:/ST/STM32CubeIDE_1.13.2/STM32CubeIDE/plugins/com.st.stm32cube.ide.mcu.externaltools.gnu-tools-for-stm32.11.3.rel1.win32_1.1.1.202309131626/tools/bin/../lib/gcc/arm-none-eabi/11.3.1/../../../../arm-none-eabi/lib/thumb/v7e-m+fp/hard\libc_nano.a(libc_a-memchr.o)
                0x0000000008000230                memchr
 .text          0x00000000080002d0       0x10 C:/ST/STM32CubeIDE_1.13.2/STM32CubeIDE/plugins/com.st.stm32cube.ide.mcu.externaltools.gnu-tools-for-stm32.11.3.rel1.win32_1.1.1.202309131626/tools/bin/../lib/gcc/arm-none-eabi/11.3.1/../../../../arm-none-eabi/lib/thumb/v7e-m+fp/hard\libc_nano.a(libc_a-strlen.o)
                0x00000000080002d0                strlen
 .text          0x00000000080002e0      0x378 C:/ST/STM32CubeIDE_1.13.2/STM32CubeIDE/plugins/com.st.stm32cube.ide.mcu.externaltools.gnu-tools-for-stm32.11.3.rel1.win32_1.1.1.202309131626/tools/bin/../lib/gcc/arm-none-eabi/11.3.1/thumb/v7e-m+fp/hard\libgcc.a(_arm_addsubdf3.o)
                0x00000000080002e0                __aeabi_drsub
                0x00000000080002e8                __aeabi_dsub
                0x00000000080002e8                __subdf3
                0x00000000080002ec                __aeabi_dadd
                0x00000000080002ec                __adddf3
                0x0000000008000564                __floatunsidf
                0x0000000008000564                __aeabi_ui2d
                0x0000000008000584                __floatsidf
                0x0000000008000584                __aeabi_i2d
                0x00000000080005a8                __aeabi_f2d
                0x00000000080005a8                __extendsfdf2
                0x00000000080005ec                __floatundidf
                0x00000000080005ec                __aeabi_ul2d
                0x00000000080005fc                __floatdidf
                0x00000000080005fc                __aeabi_l2d
 .text          0x0000000008000658      0x424 C:/ST/STM32CubeIDE_1.13.2/STM32CubeIDE/plugins/com.st.stm32cube.ide.mcu.externaltools.gnu-tools-for-stm32.11.3.rel1.win32_1.1.1.202309131626/tools/bin/../lib/gcc/arm-none-eabi/11.3.1/thumb/v7e-m+fp/hard\libgcc.a(_arm_muldivdf3.o)
                0x0000000008000658                __aeabi_dmul
                0x0000000008000658                __muldf3
                0x00000000080008ac                __divdf3
                0x00000000080008ac                __aeabi_ddiv
 .text          0x0000000008000a7c      0x110 C:/ST/STM32CubeIDE_1.13.2/STM32CubeIDE/plugins/com.st.stm32cube.ide.mcu.externaltools.gnu-tools-for-stm32.11.3.rel1.win32_1.1.1.202309131626/tools/bin/../lib/gcc/arm-none-eabi/11.3.1/thumb/v7e-m+fp/hard\libgcc.a(_arm_cmpdf2.o)
                0x0000000008000a7c                __gtdf2
                0x0000000008000a7c                __gedf2
                0x0000000008000a84                __ltdf2
                0x0000000008000a84                __ledf2
                0x0000000008000a8c                __nedf2
                0x0000000008000a8c                __eqdf2
                0x0000000008000a8c                __cmpdf2
                0x0000000008000b08                __aeabi_cdrcmple
                0x0000000008000b18                __aeabi_cdcmpeq
                0x0000000008000b18                __aeabi_cdcmple
                0x0000000008000b28                __aeabi_dcmpeq
                0x0000000008000b3c                __aeabi_dcmplt
                0x0000000008000b50                __aeabi_dcmple
                0x0000000008000b64                __aeabi_dcmpge
                0x0000000008000b78                __aeabi_dcmpgt
 .text          0x0000000008000b8c       0x2c C:/ST/STM32CubeIDE_1.13.2/STM32CubeIDE/plugins/com.st.stm32cube.ide.mcu.externaltools.gnu-tools-for-stm32.11.3.rel1.win32_1.1.1.202309131626/tools/bin/../lib/gcc/arm-none-eabi/11.3.1/thumb/v7e-m+fp/hard\libgcc.a(_arm_unorddf2.o)
                0x0000000008000b8c                __unorddf2
                0x0000000008000b8c                __aeabi_dcmpun
 .text          0x0000000008000bb8       0x50 C:/ST/STM32CubeIDE_1.13.2/STM32CubeIDE/plugins/com.st.stm32cube.ide.mcu.externaltools.gnu-tools-for-stm32.11.3.rel1.win32_1.1.1.202309131626/tools/bin/../lib/gcc/arm-none-eabi/11.3.1/thumb/v7e-m+fp/hard\libgcc.a(_arm_fixdfsi.o)
                0x0000000008000bb8                __aeabi_d2iz
                0x0000000008000bb8                __fixdfsi
 .text          0x0000000008000c08       0x30 C:/ST/STM32CubeIDE_1.13.2/STM32CubeIDE/plugins/com.st.stm32cube.ide.mcu.externaltools.gnu-tools-for-stm32.11.3.rel1.win32_1.1.1.202309131626/tools/bin/../lib/gcc/arm-none-eabi/11.3.1/thumb/v7e-m+fp/hard\libgcc.a(_aeabi_uldivmod.o)
                0x0000000008000c08                __aeabi_uldivmod
 .text          0x0000000008000c38      0x2c8 C:/ST/STM32CubeIDE_1.13.2/STM32CubeIDE/plugins/com.st.stm32cube.ide.mcu.externaltools.gnu-tools-for-stm32.11.3.rel1.win32_1.1.1.202309131626/tools/bin/../lib/gcc/arm-none-eabi/11.3.1/thumb/v7e-m+fp/hard\libgcc.a(_udivmoddi4.o)
                0x0000000008000c38                __udivmoddi4
 .text          0x0000000008000f00        0x4 C:/ST/STM32CubeIDE_1.13.2/STM32CubeIDE/plugins/com.st.stm32cube.ide.mcu.externaltools.gnu-tools-for-stm32.11.3.rel1.win32_1.1.1.202309131626/tools/bin/../lib/gcc/arm-none-eabi/11.3.1/thumb/v7e-m+fp/hard\libgcc.a(_dvmd_tls.o)
                0x0000000008000f00                __aeabi_idiv0
                0x0000000008000f00                __aeabi_ldiv0
 *(.text*)
 .text._ZN5L64709ReadWriteEPhS0_t
                0x0000000008000f04       0x96 ./Core/Src/L6470.o
                0x0000000008000f04                L6470::ReadWrite(unsigned char*, unsigned char*, unsigned short)
 .text._ZN5L647023L6470_SPI_CommunicationEPhS0_tm
                0x0000000008000f9a       0x22 ./Core/Src/L6470.o
                0x0000000008000f9a                L6470::L6470_SPI_Communication(unsigned char*, unsigned char*, unsigned short, unsigned long)
 .text._ZN5L647020L6470_ResetAppCmdPkgEP18sL6470_AppCmdPkg_t
                0x0000000008000fbc       0x5a ./Core/Src/L6470.o
                0x0000000008000fbc                L6470::L6470_ResetAppCmdPkg(sL6470_AppCmdPkg_t*)
 .text._ZN5L647019L6470_FillAppCmdPkgEP18sL6470_AppCmdPkg_t17eL6470_AppCmdId_tmmm
                0x0000000008001016       0x54 ./Core/Src/L6470.o
                0x0000000008001016                L6470::L6470_FillAppCmdPkg(sL6470_AppCmdPkg_t*, eL6470_AppCmdId_t, unsigned long, unsigned long, unsigned long)
 *fill*         0x000000000800106a        0x2 
 .text._ZN5L647022L6470_PrepareAppCmdPkgEP18sL6470_AppCmdPkg_t17eL6470_AppCmdId_tmmm
                0x000000000800106c       0x48 ./Core/Src/L6470.o
                0x000000000800106c                L6470::L6470_PrepareAppCmdPkg(sL6470_AppCmdPkg_t*, eL6470_AppCmdId_t, unsigned long, unsigned long, unsigned long)
 .text._ZN5L647030L6470_PrepareDaisyChainCommandEP18sL6470_AppCmdPkg_tPh
                0x00000000080010b4      0x444 ./Core/Src/L6470.o
                0x00000000080010b4                L6470::L6470_PrepareDaisyChainCommand(sL6470_AppCmdPkg_t*, unsigned char*)
 .text._ZN5L647023L6470_AbsPos_2_PositionEm
                0x00000000080014f8       0x28 ./Core/Src/L6470.o
                0x00000000080014f8                L6470::L6470_AbsPos_2_Position(unsigned long)
 .text._ZN5L647023L6470_Position_2_AbsPosEl
                0x0000000008001520       0x42 ./Core/Src/L6470.o
                0x0000000008001520                L6470::L6470_Position_2_AbsPos(long)
 *fill*         0x0000000008001562        0x2 
 .text._ZN5L647020L6470_Speed_2_Step_sEm
                0x0000000008001564       0x30 ./Core/Src/L6470.o
                0x0000000008001564                L6470::L6470_Speed_2_Step_s(unsigned long)
 .text._ZN5L647020L6470_Step_s_2_SpeedEf
                0x0000000008001594       0x4c ./Core/Src/L6470.o
                0x0000000008001594                L6470::L6470_Step_s_2_Speed(float)
 .text._ZN5L647019L6470_Acc_2_Step_s2Et
                0x00000000080015e0       0x44 ./Core/Src/L6470.o
                0x00000000080015e0                L6470::L6470_Acc_2_Step_s2(unsigned short)
 .text._ZN5L647019L6470_Step_s2_2_AccEf
                0x0000000008001624       0x4c ./Core/Src/L6470.o
                0x0000000008001624                L6470::L6470_Step_s2_2_Acc(float)
 .text._ZN5L647019L6470_Dec_2_Step_s2Et
                0x0000000008001670       0x44 ./Core/Src/L6470.o
                0x0000000008001670                L6470::L6470_Dec_2_Step_s2(unsigned short)
 .text._ZN5L647019L6470_Step_s2_2_DecEf
                0x00000000080016b4       0x4c ./Core/Src/L6470.o
                0x00000000080016b4                L6470::L6470_Step_s2_2_Dec(float)
 .text._ZN5L647023L6470_MaxSpeed_2_Step_sEt
                0x0000000008001700       0x44 ./Core/Src/L6470.o
                0x0000000008001700                L6470::L6470_MaxSpeed_2_Step_s(unsigned short)
 .text._ZN5L647023L6470_Step_s_2_MaxSpeedEf
                0x0000000008001744       0x4c ./Core/Src/L6470.o
                0x0000000008001744                L6470::L6470_Step_s_2_MaxSpeed(float)
 .text._ZN5L647023L6470_MinSpeed_2_Step_sEt
                0x0000000008001790       0x44 ./Core/Src/L6470.o
                0x0000000008001790                L6470::L6470_MinSpeed_2_Step_s(unsigned short)
 .text._ZN5L647023L6470_Step_s_2_MinSpeedEf
                0x00000000080017d4       0x4c ./Core/Src/L6470.o
                0x00000000080017d4                L6470::L6470_Step_s_2_MinSpeed(float)
 .text._ZN5L647020L6470_Step_s_2_FsSpdEf
                0x0000000008001820       0x54 ./Core/Src/L6470.o
                0x0000000008001820                L6470::L6470_Step_s_2_FsSpd(float)
 .text._ZN5L647023L6470_Step_s_2_IntSpeedEf
                0x0000000008001874       0x4c ./Core/Src/L6470.o
                0x0000000008001874                L6470::L6470_Step_s_2_IntSpeed(float)
 .text._ZN5L647020L6470_s_Step_2_StSlpEf
                0x00000000080018c0       0x50 ./Core/Src/L6470.o
                0x00000000080018c0                L6470::L6470_s_Step_2_StSlp(float)
 .text._ZN5L647023L6470_s_Step_2_FnSlpAccEf
                0x0000000008001910       0x50 ./Core/Src/L6470.o
                0x0000000008001910                L6470::L6470_s_Step_2_FnSlpAcc(float)
 .text._ZN5L647023L6470_s_Step_2_FnSlpDecEf
                0x0000000008001960       0x50 ./Core/Src/L6470.o
                0x0000000008001960                L6470::L6470_s_Step_2_FnSlpDec(float)
 .text._ZN5L647016L6470_mA_2_OcdThEf
                0x00000000080019b0       0xa4 ./Core/Src/L6470.o
                0x00000000080019b0                L6470::L6470_mA_2_OcdTh(float)
 .text._ZN5L647018L6470_mA_2_StallThEf
                0x0000000008001a54       0xa4 ./Core/Src/L6470.o
                0x0000000008001a54                L6470::L6470_mA_2_StallTh(float)
 .text._ZN5L647014L6470_SetParamE14eL6470_RegId_tm
                0x0000000008001af8       0x4c ./Core/Src/L6470.o
                0x0000000008001af8                L6470::L6470_SetParam(eL6470_RegId_t, unsigned long)
 .text._ZN5L647014L6470_GetParamE14eL6470_RegId_t
                0x0000000008001b44       0x6c ./Core/Src/L6470.o
                0x0000000008001b44                L6470::L6470_GetParam(eL6470_RegId_t)
 .text._ZN5L64709L6470_RunE14eL6470_DirId_tm
                0x0000000008001bb0       0x4c ./Core/Src/L6470.o
                0x0000000008001bb0                L6470::L6470_Run(eL6470_DirId_t, unsigned long)
 .text._ZN5L647015L6470_StepClockE14eL6470_DirId_t
                0x0000000008001bfc       0x48 ./Core/Src/L6470.o
                0x0000000008001bfc                L6470::L6470_StepClock(eL6470_DirId_t)
 .text._ZN5L647010L6470_MoveE14eL6470_DirId_tm
                0x0000000008001c44       0x4c ./Core/Src/L6470.o
                0x0000000008001c44                L6470::L6470_Move(eL6470_DirId_t, unsigned long)
 .text._ZN5L647010L6470_GoToEm
                0x0000000008001c90       0x50 ./Core/Src/L6470.o
                0x0000000008001c90                L6470::L6470_GoTo(unsigned long)
 .text._ZN5L647013L6470_GoToDirE14eL6470_DirId_tm
                0x0000000008001ce0       0x54 ./Core/Src/L6470.o
                0x0000000008001ce0                L6470::L6470_GoToDir(eL6470_DirId_t, unsigned long)
 .text._ZN5L647013L6470_GoUntilE14eL6470_ActId_t14eL6470_DirId_tm
                0x0000000008001d34       0x50 ./Core/Src/L6470.o
                0x0000000008001d34                L6470::L6470_GoUntil(eL6470_ActId_t, eL6470_DirId_t, unsigned long)
 .text._ZN5L647015L6470_ReleaseSWE14eL6470_ActId_t14eL6470_DirId_t
                0x0000000008001d84       0x50 ./Core/Src/L6470.o
                0x0000000008001d84                L6470::L6470_ReleaseSW(eL6470_ActId_t, eL6470_DirId_t)
 .text._ZN5L647012L6470_GoHomeEv
                0x0000000008001dd4       0x44 ./Core/Src/L6470.o
                0x0000000008001dd4                L6470::L6470_GoHome()
 .text._ZN5L647012L6470_GoMarkEv
                0x0000000008001e18       0x44 ./Core/Src/L6470.o
                0x0000000008001e18                L6470::L6470_GoMark()
 .text._ZN5L647014L6470_ResetPosEv
                0x0000000008001e5c       0x44 ./Core/Src/L6470.o
                0x0000000008001e5c                L6470::L6470_ResetPos()
 .text._ZN5L647017L6470_ResetDeviceEv
                0x0000000008001ea0       0x44 ./Core/Src/L6470.o
                0x0000000008001ea0                L6470::L6470_ResetDevice()
 .text._ZN5L647014L6470_SoftStopEv
                0x0000000008001ee4       0x44 ./Core/Src/L6470.o
                0x0000000008001ee4                L6470::L6470_SoftStop()
 .text._ZN5L647014L6470_HardStopEv
                0x0000000008001f28       0x44 ./Core/Src/L6470.o
                0x0000000008001f28                L6470::L6470_HardStop()
 .text._ZN5L647013L6470_SoftHiZEv
                0x0000000008001f6c       0x44 ./Core/Src/L6470.o
                0x0000000008001f6c                L6470::L6470_SoftHiZ()
 .text._ZN5L647013L6470_HardHiZEv
                0x0000000008001fb0       0x44 ./Core/Src/L6470.o
                0x0000000008001fb0                L6470::L6470_HardHiZ()
 .text._ZN5L647015L6470_GetStatusEv
                0x0000000008001ff4       0x54 ./Core/Src/L6470.o
                0x0000000008001ff4                L6470::L6470_GetStatus()
 .text._ZN5L647021L6470_PrepareSetParamE14eL6470_RegId_tm
                0x0000000008002048       0x30 ./Core/Src/L6470.o
                0x0000000008002048                L6470::L6470_PrepareSetParam(eL6470_RegId_t, unsigned long)
 .text._ZN5L647021L6470_PrepareGetParamE14eL6470_RegId_t
                0x0000000008002078       0x2c ./Core/Src/L6470.o
                0x0000000008002078                L6470::L6470_PrepareGetParam(eL6470_RegId_t)
 .text._ZN5L647016L6470_PrepareRunE14eL6470_DirId_tm
                0x00000000080020a4       0x30 ./Core/Src/L6470.o
                0x00000000080020a4                L6470::L6470_PrepareRun(eL6470_DirId_t, unsigned long)
 .text._ZN5L647022L6470_PrepareStepClockE14eL6470_DirId_t
                0x00000000080020d4       0x2c ./Core/Src/L6470.o
                0x00000000080020d4                L6470::L6470_PrepareStepClock(eL6470_DirId_t)
 .text._ZN5L647017L6470_PrepareMoveE14eL6470_DirId_tm
                0x0000000008002100       0x30 ./Core/Src/L6470.o
                0x0000000008002100                L6470::L6470_PrepareMove(eL6470_DirId_t, unsigned long)
 .text._ZN5L647017L6470_PrepareGoToEm
                0x0000000008002130       0x2c ./Core/Src/L6470.o
                0x0000000008002130                L6470::L6470_PrepareGoTo(unsigned long)
 .text._ZN5L647020L6470_PrepareGoToDirE14eL6470_DirId_tm
                0x000000000800215c       0x30 ./Core/Src/L6470.o
                0x000000000800215c                L6470::L6470_PrepareGoToDir(eL6470_DirId_t, unsigned long)
 .text._ZN5L647020L6470_PrepareGoUntilE14eL6470_ActId_t14eL6470_DirId_tm
                0x000000000800218c       0x34 ./Core/Src/L6470.o
                0x000000000800218c                L6470::L6470_PrepareGoUntil(eL6470_ActId_t, eL6470_DirId_t, unsigned long)
 .text._ZN5L647022L6470_PrepareReleaseSWE14eL6470_ActId_t14eL6470_DirId_t
                0x00000000080021c0       0x34 ./Core/Src/L6470.o
                0x00000000080021c0                L6470::L6470_PrepareReleaseSW(eL6470_ActId_t, eL6470_DirId_t)
 .text._ZN5L647019L6470_PrepareGoHomeEv
                0x00000000080021f4       0x28 ./Core/Src/L6470.o
                0x00000000080021f4                L6470::L6470_PrepareGoHome()
 .text._ZN5L647019L6470_PrepareGoMarkEv
                0x000000000800221c       0x28 ./Core/Src/L6470.o
                0x000000000800221c                L6470::L6470_PrepareGoMark()
 .text._ZN5L647021L6470_PrepareResetPosEv
                0x0000000008002244       0x28 ./Core/Src/L6470.o
                0x0000000008002244                L6470::L6470_PrepareResetPos()
 .text._ZN5L647024L6470_PrepareResetDeviceEv
                0x000000000800226c       0x28 ./Core/Src/L6470.o
                0x000000000800226c                L6470::L6470_PrepareResetDevice()
 .text._ZN5L647021L6470_PrepareSoftStopEv
                0x0000000008002294       0x28 ./Core/Src/L6470.o
                0x0000000008002294                L6470::L6470_PrepareSoftStop()
 .text._ZN5L647021L6470_PrepareHardStopEv
                0x00000000080022bc       0x28 ./Core/Src/L6470.o
                0x00000000080022bc                L6470::L6470_PrepareHardStop()
 .text._ZN5L647020L6470_PrepareSoftHiZEv
                0x00000000080022e4       0x28 ./Core/Src/L6470.o
                0x00000000080022e4                L6470::L6470_PrepareSoftHiZ()
 .text._ZN5L647020L6470_PrepareHardHiZEv
                0x000000000800230c       0x28 ./Core/Src/L6470.o
                0x000000000800230c                L6470::L6470_PrepareHardHiZ()
 .text._ZN5L647022L6470_PrepareGetStatusEv
                0x0000000008002334       0x28 ./Core/Src/L6470.o
                0x0000000008002334                L6470::L6470_PrepareGetStatus()
 .text._ZN5L647039L6470_PerformPreparedApplicationCommandEv
                0x000000000800235c       0x34 ./Core/Src/L6470.o
                0x000000000800235c                L6470::L6470_PerformPreparedApplicationCommand()
 .text._ZN5L647023L6470_DaisyChainCommandEPhS0_
                0x0000000008002390       0x68 ./Core/Src/L6470.o
                0x0000000008002390                L6470::L6470_DaisyChainCommand(unsigned char*, unsigned char*)
 .text._ZN5L647025L6470_ExtractReturnedDataEPhh
                0x00000000080023f8       0x5a ./Core/Src/L6470.o
                0x00000000080023f8                L6470::L6470_ExtractReturnedData(unsigned char*, unsigned char)
 *fill*         0x0000000008002452        0x2 
 .text._ZN5L647029L6470_CheckStatusRegisterFlagEh
                0x0000000008002454      0x168 ./Core/Src/L6470.o
                0x0000000008002454                L6470::L6470_CheckStatusRegisterFlag(unsigned char)
 .text._ZN5L647012L6470_ConfigEPv
                0x00000000080025bc      0x370 ./Core/Src/L6470.o
                0x00000000080025bc                L6470::L6470_Config(void*)
 .text._ZN9ComponentD2Ev
                0x000000000800292c       0x20 ./Core/Src/XNucleoIHM02A1.o
                0x000000000800292c                Component::~Component()
                0x000000000800292c                Component::~Component()
 .text._ZN9ComponentD0Ev
                0x000000000800294c       0x20 ./Core/Src/XNucleoIHM02A1.o
                0x000000000800294c                Component::~Component()
 .text._ZN12StepperMotorD2Ev
                0x000000000800296c       0x24 ./Core/Src/XNucleoIHM02A1.o
                0x000000000800296c                StepperMotor::~StepperMotor()
                0x000000000800296c                StepperMotor::~StepperMotor()
 .text._ZN12StepperMotorD0Ev
                0x0000000008002990       0x20 ./Core/Src/XNucleoIHM02A1.o
                0x0000000008002990                StepperMotor::~StepperMotor()
 .text._ZN9ComponentC2Ev
                0x00000000080029b0       0x20 ./Core/Src/XNucleoIHM02A1.o
                0x00000000080029b0                Component::Component()
                0x00000000080029b0                Component::Component()
 .text._ZN12StepperMotorC2Ev
                0x00000000080029d0       0x24 ./Core/Src/XNucleoIHM02A1.o
                0x00000000080029d0                StepperMotor::StepperMotor()
                0x00000000080029d0                StepperMotor::StepperMotor()
 .text._ZN5L6470C2EP12GPIO_TypeDeftS1_tP19__SPI_HandleTypeDef
                0x00000000080029f4       0xcc ./Core/Src/XNucleoIHM02A1.o
                0x00000000080029f4                L6470::L6470(GPIO_TypeDef*, unsigned short, GPIO_TypeDef*, unsigned short, __SPI_HandleTypeDef*)
                0x00000000080029f4                L6470::L6470(GPIO_TypeDef*, unsigned short, GPIO_TypeDef*, unsigned short, __SPI_HandleTypeDef*)
 .text._ZN5L6470D2Ev
                0x0000000008002ac0       0x24 ./Core/Src/XNucleoIHM02A1.o
                0x0000000008002ac0                L6470::~L6470()
                0x0000000008002ac0                L6470::~L6470()
 .text._ZN5L6470D0Ev
                0x0000000008002ae4       0x20 ./Core/Src/XNucleoIHM02A1.o
                0x0000000008002ae4                L6470::~L6470()
 .text._ZN5L64704initEPv
                0x0000000008002b04       0x1c ./Core/Src/XNucleoIHM02A1.o
                0x0000000008002b04                L6470::init(void*)
 .text._ZN5L64707read_idEPh
                0x0000000008002b20       0x18 ./Core/Src/XNucleoIHM02A1.o
                0x0000000008002b20                L6470::read_id(unsigned char*)
 .text._ZN5L647010get_statusEv
                0x0000000008002b38       0x18 ./Core/Src/XNucleoIHM02A1.o
                0x0000000008002b38                L6470::get_status()
 .text._ZN5L647013get_parameterEj
                0x0000000008002b50       0x20 ./Core/Src/XNucleoIHM02A1.o
                0x0000000008002b50                L6470::get_parameter(unsigned int)
 .text._ZN5L647012get_positionEv
                0x0000000008002b70       0x24 ./Core/Src/XNucleoIHM02A1.o
                0x0000000008002b70                L6470::get_position()
 .text._ZN5L64708get_markEv
                0x0000000008002b94       0x24 ./Core/Src/XNucleoIHM02A1.o
                0x0000000008002b94                L6470::get_mark()
 .text._ZN5L64709get_speedEv
                0x0000000008002bb8       0x32 ./Core/Src/XNucleoIHM02A1.o
                0x0000000008002bb8                L6470::get_speed()
 .text._ZN5L647013get_max_speedEv
                0x0000000008002bea       0x34 ./Core/Src/XNucleoIHM02A1.o
                0x0000000008002bea                L6470::get_max_speed()
 .text._ZN5L647013get_min_speedEv
                0x0000000008002c1e       0x34 ./Core/Src/XNucleoIHM02A1.o
                0x0000000008002c1e                L6470::get_min_speed()
 .text._ZN5L647016get_accelerationEv
                0x0000000008002c52       0x34 ./Core/Src/XNucleoIHM02A1.o
                0x0000000008002c52                L6470::get_acceleration()
 .text._ZN5L647016get_decelerationEv
                0x0000000008002c86       0x34 ./Core/Src/XNucleoIHM02A1.o
                0x0000000008002c86                L6470::get_deceleration()
 .text._ZN5L647013get_directionEv
                0x0000000008002cba       0x24 ./Core/Src/XNucleoIHM02A1.o
                0x0000000008002cba                L6470::get_direction()
 .text._ZN5L647013set_parameterEjj
                0x0000000008002cde       0x22 ./Core/Src/XNucleoIHM02A1.o
                0x0000000008002cde                L6470::set_parameter(unsigned int, unsigned int)
 .text._ZN5L64708set_homeEv
                0x0000000008002d00       0x16 ./Core/Src/XNucleoIHM02A1.o
                0x0000000008002d00                L6470::set_home()
 .text._ZN5L64708set_markEv
                0x0000000008002d16       0x24 ./Core/Src/XNucleoIHM02A1.o
                0x0000000008002d16                L6470::set_mark()
 .text._ZN5L64708set_markEi
                0x0000000008002d3a       0x26 ./Core/Src/XNucleoIHM02A1.o
                0x0000000008002d3a                L6470::set_mark(int)
 .text._ZN5L647013set_max_speedEj
                0x0000000008002d60       0x34 ./Core/Src/XNucleoIHM02A1.o
                0x0000000008002d60                L6470::set_max_speed(unsigned int)
 .text._ZN5L647013set_min_speedEj
                0x0000000008002d94       0x34 ./Core/Src/XNucleoIHM02A1.o
                0x0000000008002d94                L6470::set_min_speed(unsigned int)
 .text._ZN5L647016set_accelerationEj
                0x0000000008002dc8       0x34 ./Core/Src/XNucleoIHM02A1.o
                0x0000000008002dc8                L6470::set_acceleration(unsigned int)
 .text._ZN5L647016set_decelerationEj
                0x0000000008002dfc       0x34 ./Core/Src/XNucleoIHM02A1.o
                0x0000000008002dfc                L6470::set_deceleration(unsigned int)
 .text._ZN5L647013set_step_modeEN12StepperMotor11step_mode_tE
                0x0000000008002e30       0x38 ./Core/Src/XNucleoIHM02A1.o
                0x0000000008002e30                L6470::set_step_mode(StepperMotor::step_mode_t)
 .text._ZN5L64705go_toEi
                0x0000000008002e68       0x24 ./Core/Src/XNucleoIHM02A1.o
                0x0000000008002e68                L6470::go_to(int)
 .text._ZN5L64705go_toEiN12StepperMotor11direction_tE
                0x0000000008002e8c       0x36 ./Core/Src/XNucleoIHM02A1.o
                0x0000000008002e8c                L6470::go_to(int, StepperMotor::direction_t)
 .text._ZN5L64707go_homeEv
                0x0000000008002ec2       0x16 ./Core/Src/XNucleoIHM02A1.o
                0x0000000008002ec2                L6470::go_home()
 .text._ZN5L64707go_markEv
                0x0000000008002ed8       0x16 ./Core/Src/XNucleoIHM02A1.o
                0x0000000008002ed8                L6470::go_mark()
 .text._ZN5L64708go_untilE14eL6470_ActId_tN12StepperMotor11direction_tEj
                0x0000000008002eee       0x46 ./Core/Src/XNucleoIHM02A1.o
                0x0000000008002eee                L6470::go_until(eL6470_ActId_t, StepperMotor::direction_t, unsigned int)
 .text._ZN5L64703runEN12StepperMotor11direction_tE
                0x0000000008002f34       0x34 ./Core/Src/XNucleoIHM02A1.o
                0x0000000008002f34                L6470::run(StepperMotor::direction_t)
 .text._ZN5L64703runEN12StepperMotor11direction_tEj
                0x0000000008002f68       0x42 ./Core/Src/XNucleoIHM02A1.o
                0x0000000008002f68                L6470::run(StepperMotor::direction_t, unsigned int)
 .text._ZN5L64704moveEN12StepperMotor11direction_tEj
                0x0000000008002faa       0x2c ./Core/Src/XNucleoIHM02A1.o
                0x0000000008002faa                L6470::move(StepperMotor::direction_t, unsigned int)
 .text._ZN5L64709soft_stopEv
                0x0000000008002fd6       0x16 ./Core/Src/XNucleoIHM02A1.o
                0x0000000008002fd6                L6470::soft_stop()
 .text._ZN5L64709hard_stopEv
                0x0000000008002fec       0x16 ./Core/Src/XNucleoIHM02A1.o
                0x0000000008002fec                L6470::hard_stop()
 .text._ZN5L64708soft_hizEv
                0x0000000008003002       0x16 ./Core/Src/XNucleoIHM02A1.o
                0x0000000008003002                L6470::soft_hiz()
 .text._ZN5L64708hard_hizEv
                0x0000000008003018       0x16 ./Core/Src/XNucleoIHM02A1.o
                0x0000000008003018                L6470::hard_hiz()
 .text._ZN5L647017wait_while_activeEv
                0x000000000800302e       0x2c ./Core/Src/XNucleoIHM02A1.o
                0x000000000800302e                L6470::wait_while_active()
 .text._ZN5L647010step_clockEN12StepperMotor11direction_tE
                0x000000000800305a       0x34 ./Core/Src/XNucleoIHM02A1.o
                0x000000000800305a                L6470::step_clock(StepperMotor::direction_t)
 .text._ZN5L647010release_swE14eL6470_ActId_tN12StepperMotor11direction_tE
                0x000000000800308e       0x2e ./Core/Src/XNucleoIHM02A1.o
                0x000000000800308e                L6470::release_sw(eL6470_ActId_t, StepperMotor::direction_t)
 .text._ZN5L647012reset_deviceEv
                0x00000000080030bc       0x16 ./Core/Src/XNucleoIHM02A1.o
                0x00000000080030bc                L6470::reset_device()
 .text._ZN5L647018prepare_get_statusEv
                0x00000000080030d2       0x1e ./Core/Src/XNucleoIHM02A1.o
                0x00000000080030d2                L6470::prepare_get_status()
 .text._ZN5L647021prepare_get_parameterEj
                0x00000000080030f0       0x26 ./Core/Src/XNucleoIHM02A1.o
                0x00000000080030f0                L6470::prepare_get_parameter(unsigned int)
 .text._ZN5L647020prepare_get_positionEv
                0x0000000008003116       0x20 ./Core/Src/XNucleoIHM02A1.o
                0x0000000008003116                L6470::prepare_get_position()
 .text._ZN5L647016prepare_get_markEv
                0x0000000008003136       0x20 ./Core/Src/XNucleoIHM02A1.o
                0x0000000008003136                L6470::prepare_get_mark()
 .text._ZN5L647017prepare_get_speedEv
                0x0000000008003156       0x20 ./Core/Src/XNucleoIHM02A1.o
                0x0000000008003156                L6470::prepare_get_speed()
 .text._ZN5L647021prepare_get_max_speedEv
                0x0000000008003176       0x20 ./Core/Src/XNucleoIHM02A1.o
                0x0000000008003176                L6470::prepare_get_max_speed()
 .text._ZN5L647021prepare_get_min_speedEv
                0x0000000008003196       0x20 ./Core/Src/XNucleoIHM02A1.o
                0x0000000008003196                L6470::prepare_get_min_speed()
 .text._ZN5L647024prepare_get_accelerationEv
                0x00000000080031b6       0x20 ./Core/Src/XNucleoIHM02A1.o
                0x00000000080031b6                L6470::prepare_get_acceleration()
 .text._ZN5L647024prepare_get_decelerationEv
                0x00000000080031d6       0x20 ./Core/Src/XNucleoIHM02A1.o
                0x00000000080031d6                L6470::prepare_get_deceleration()
 *fill*         0x00000000080031f6        0x2 
 .text._ZN5L647021prepare_get_directionEv
                0x00000000080031f8       0x38 ./Core/Src/XNucleoIHM02A1.o
                0x00000000080031f8                L6470::prepare_get_direction()
 .text._ZN5L647021prepare_set_parameterEjj
                0x0000000008003230       0x2a ./Core/Src/XNucleoIHM02A1.o
                0x0000000008003230                L6470::prepare_set_parameter(unsigned int, unsigned int)
 .text._ZN5L647016prepare_set_homeEv
                0x000000000800325a       0x1e ./Core/Src/XNucleoIHM02A1.o
                0x000000000800325a                L6470::prepare_set_home()
 .text._ZN5L647016prepare_set_markEv
                0x0000000008003278       0x22 ./Core/Src/XNucleoIHM02A1.o
                0x0000000008003278                L6470::prepare_set_mark()
 .text._ZN5L647016prepare_set_markEi
                0x000000000800329a       0x2e ./Core/Src/XNucleoIHM02A1.o
                0x000000000800329a                L6470::prepare_set_mark(int)
 .text._ZN5L647017prepare_set_speedEj
                0x00000000080032c8       0x3a ./Core/Src/XNucleoIHM02A1.o
                0x00000000080032c8                L6470::prepare_set_speed(unsigned int)
 .text._ZN5L647021prepare_set_max_speedEj
                0x0000000008003302       0x3a ./Core/Src/XNucleoIHM02A1.o
                0x0000000008003302                L6470::prepare_set_max_speed(unsigned int)
 .text._ZN5L647021prepare_set_min_speedEj
                0x000000000800333c       0x3a ./Core/Src/XNucleoIHM02A1.o
                0x000000000800333c                L6470::prepare_set_min_speed(unsigned int)
 .text._ZN5L647024prepare_set_accelerationEj
                0x0000000008003376       0x3a ./Core/Src/XNucleoIHM02A1.o
                0x0000000008003376                L6470::prepare_set_acceleration(unsigned int)
 .text._ZN5L647024prepare_set_decelerationEj
                0x00000000080033b0       0x3a ./Core/Src/XNucleoIHM02A1.o
                0x00000000080033b0                L6470::prepare_set_deceleration(unsigned int)
 .text._ZN5L647013prepare_go_toEi
                0x00000000080033ea       0x2c ./Core/Src/XNucleoIHM02A1.o
                0x00000000080033ea                L6470::prepare_go_to(int)
 .text._ZN5L647013prepare_go_toEiN12StepperMotor11direction_tE
                0x0000000008003416       0x3e ./Core/Src/XNucleoIHM02A1.o
                0x0000000008003416                L6470::prepare_go_to(int, StepperMotor::direction_t)
 .text._ZN5L647015prepare_go_homeEv
                0x0000000008003454       0x1e ./Core/Src/XNucleoIHM02A1.o
                0x0000000008003454                L6470::prepare_go_home()
 .text._ZN5L647015prepare_go_markEv
                0x0000000008003472       0x1e ./Core/Src/XNucleoIHM02A1.o
                0x0000000008003472                L6470::prepare_go_mark()
 .text._ZN5L647016prepare_go_untilE14eL6470_ActId_tN12StepperMotor11direction_tEj
                0x0000000008003490       0x4e ./Core/Src/XNucleoIHM02A1.o
                0x0000000008003490                L6470::prepare_go_until(eL6470_ActId_t, StepperMotor::direction_t, unsigned int)
 .text._ZN5L647011prepare_runEN12StepperMotor11direction_tE
                0x00000000080034de       0x3c ./Core/Src/XNucleoIHM02A1.o
                0x00000000080034de                L6470::prepare_run(StepperMotor::direction_t)
 .text._ZN5L647011prepare_runEN12StepperMotor11direction_tEj
                0x000000000800351a       0x4a ./Core/Src/XNucleoIHM02A1.o
                0x000000000800351a                L6470::prepare_run(StepperMotor::direction_t, unsigned int)
 .text._ZN5L647012prepare_moveEN12StepperMotor11direction_tEj
                0x0000000008003564       0x34 ./Core/Src/XNucleoIHM02A1.o
                0x0000000008003564                L6470::prepare_move(StepperMotor::direction_t, unsigned int)
 .text._ZN5L647017prepare_soft_stopEv
                0x0000000008003598       0x1e ./Core/Src/XNucleoIHM02A1.o
                0x0000000008003598                L6470::prepare_soft_stop()
 .text._ZN5L647017prepare_hard_stopEv
                0x00000000080035b6       0x1e ./Core/Src/XNucleoIHM02A1.o
                0x00000000080035b6                L6470::prepare_hard_stop()
 .text._ZN5L647016prepare_soft_hizEv
                0x00000000080035d4       0x1e ./Core/Src/XNucleoIHM02A1.o
                0x00000000080035d4                L6470::prepare_soft_hiz()
 .text._ZN5L647016prepare_hard_hizEv
                0x00000000080035f2       0x1e ./Core/Src/XNucleoIHM02A1.o
                0x00000000080035f2                L6470::prepare_hard_hiz()
 .text._ZN5L647018prepare_step_clockEN12StepperMotor11direction_tE
                0x0000000008003610       0x30 ./Core/Src/XNucleoIHM02A1.o
                0x0000000008003610                L6470::prepare_step_clock(StepperMotor::direction_t)
 .text._ZN5L647018prepare_release_swE14eL6470_ActId_tN12StepperMotor11direction_tE
                0x0000000008003640       0x36 ./Core/Src/XNucleoIHM02A1.o
                0x0000000008003640                L6470::prepare_release_sw(eL6470_ActId_t, StepperMotor::direction_t)
 .text._ZN5L647020prepare_reset_deviceEv
                0x0000000008003676       0x1e ./Core/Src/XNucleoIHM02A1.o
                0x0000000008003676                L6470::prepare_reset_device()
 .text._ZN5L647024perform_prepared_actionsEv
                0x0000000008003694       0x18 ./Core/Src/XNucleoIHM02A1.o
                0x0000000008003694                L6470::perform_prepared_actions()
 .text._ZN5L647019get_prepared_actionEv
                0x00000000080036ac       0x1a ./Core/Src/XNucleoIHM02A1.o
                0x00000000080036ac                L6470::get_prepared_action()
 *fill*         0x00000000080036c6        0x2 
 .text._ZN5L647010get_resultEPh
                0x00000000080036c8      0x18c ./Core/Src/XNucleoIHM02A1.o
                0x00000000080036c8                L6470::get_result(unsigned char*)
 .text._ZN5L647011L6470_roundEf
                0x0000000008003854       0x9a ./Core/Src/XNucleoIHM02A1.o
                0x0000000008003854                L6470::L6470_round(float)
 .text._ZN14XNucleoIHM02A124perform_prepared_actionsEv
                0x00000000080038ee       0xc4 ./Core/Src/XNucleoIHM02A1.o
                0x00000000080038ee                XNucleoIHM02A1::perform_prepared_actions()
 *fill*         0x00000000080039b2        0x2 
 .text._ZN14XNucleoIHM02A1C2EP12L6470_init_tS1_P19__SPI_HandleTypeDefP12GPIO_TypeDeftS5_t
                0x00000000080039b4       0xcc ./Core/Src/XNucleoIHM02A1.o
                0x00000000080039b4                XNucleoIHM02A1::XNucleoIHM02A1(L6470_init_t*, L6470_init_t*, __SPI_HandleTypeDef*, GPIO_TypeDef*, unsigned short, GPIO_TypeDef*, unsigned short)
                0x00000000080039b4                XNucleoIHM02A1::XNucleoIHM02A1(L6470_init_t*, L6470_init_t*, __SPI_HandleTypeDef*, GPIO_TypeDef*, unsigned short, GPIO_TypeDef*, unsigned short)
 .text._ZN14XNucleoIHM02A14initEv
                0x0000000008003a80       0x5a ./Core/Src/XNucleoIHM02A1.o
                0x0000000008003a80                XNucleoIHM02A1::init()
 .text._ZN14XNucleoIHM02A112init_L6470_0Ev
                0x0000000008003ada       0x3a ./Core/Src/XNucleoIHM02A1.o
                0x0000000008003ada                XNucleoIHM02A1::init_L6470_0()
 .text._ZN14XNucleoIHM02A112init_L6470_1Ev
                0x0000000008003b14       0x3a ./Core/Src/XNucleoIHM02A1.o
                0x0000000008003b14                XNucleoIHM02A1::init_L6470_1()
 .text._ZNSt8__detail17_List_node_headerC2Ev
                0x0000000008003b4e       0x18 ./Core/Src/main.o
                0x0000000008003b4e                std::__detail::_List_node_header::_List_node_header()
                0x0000000008003b4e                std::__detail::_List_node_header::_List_node_header()
 .text._ZNSt8__detail17_List_node_header7_M_initEv
                0x0000000008003b66       0x28 ./Core/Src/main.o
                0x0000000008003b66                std::__detail::_List_node_header::_M_init()
 .text._ZNSt16_Sp_counted_baseILN9__gnu_cxx12_Lock_policyE0EE10_M_releaseEv
                0x0000000008003b8e       0x60 ./Core/Src/main.o
                0x0000000008003b8e                std::_Sp_counted_base<(__gnu_cxx::_Lock_policy)0>::_M_release()
 *fill*         0x0000000008003bee        0x2 
 .text._ZN11AbstractMsgD2Ev
                0x0000000008003bf0       0x20 ./Core/Src/main.o
                0x0000000008003bf0                AbstractMsg::~AbstractMsg()
                0x0000000008003bf0                AbstractMsg::~AbstractMsg()
 .text._ZN11AbstractMsgD0Ev
                0x0000000008003c10       0x20 ./Core/Src/main.o
                0x0000000008003c10                AbstractMsg::~AbstractMsg()
 .text._ZN11AbstractMsgC2Ev
                0x0000000008003c30       0x20 ./Core/Src/main.o
                0x0000000008003c30                AbstractMsg::AbstractMsg()
                0x0000000008003c30                AbstractMsg::AbstractMsg()
 .text._ZN11HeaderClassC2Ehh
                0x0000000008003c50       0x78 ./Core/Src/main.o
                0x0000000008003c50                HeaderClass::HeaderClass(unsigned char, unsigned char)
                0x0000000008003c50                HeaderClass::HeaderClass(unsigned char, unsigned char)
 .text._ZNK11HeaderClass8get_dataEv
                0x0000000008003cc8       0x1c ./Core/Src/main.o
                0x0000000008003cc8                HeaderClass::get_data() const
 .text._ZNK11HeaderClass8get_typeEv
                0x0000000008003ce4       0x16 ./Core/Src/main.o
                0x0000000008003ce4                HeaderClass::get_type() const
 .text._ZNK11HeaderClass13get_data_sizeEv
                0x0000000008003cfa       0x16 ./Core/Src/main.o
                0x0000000008003cfa                HeaderClass::get_data_size() const
 .text._ZN6AckMsgC2Ev
                0x0000000008003d10       0x70 ./Core/Src/main.o
                0x0000000008003d10                AckMsg::AckMsg()
                0x0000000008003d10                AckMsg::AckMsg()
 .text._ZNK6AckMsg8get_dataEv
                0x0000000008003d80       0x1c ./Core/Src/main.o
                0x0000000008003d80                AckMsg::get_data() const
 .text._ZNK6AckMsg8get_typeEv
                0x0000000008003d9c       0x16 ./Core/Src/main.o
                0x0000000008003d9c                AckMsg::get_type() const
 .text._ZNK6AckMsg13get_data_sizeEv
                0x0000000008003db2       0x16 ./Core/Src/main.o
                0x0000000008003db2                AckMsg::get_data_size() const
 .text._ZNSt7__cxx1110_List_baseISt10shared_ptrI11AbstractMsgESaIS3_EE10_List_implD2Ev
                0x0000000008003dc8       0x18 ./Core/Src/main.o
                0x0000000008003dc8                std::__cxx11::_List_base<std::shared_ptr<AbstractMsg>, std::allocator<std::shared_ptr<AbstractMsg> > >::_List_impl::~_List_impl()
                0x0000000008003dc8                std::__cxx11::_List_base<std::shared_ptr<AbstractMsg>, std::allocator<std::shared_ptr<AbstractMsg> > >::_List_impl::~_List_impl()
 .text._ZNSt7__cxx1110_List_baseISt10shared_ptrI11AbstractMsgESaIS3_EEC2Ev
                0x0000000008003de0       0x1a ./Core/Src/main.o
                0x0000000008003de0                std::__cxx11::_List_base<std::shared_ptr<AbstractMsg>, std::allocator<std::shared_ptr<AbstractMsg> > >::_List_base()
                0x0000000008003de0                std::__cxx11::_List_base<std::shared_ptr<AbstractMsg>, std::allocator<std::shared_ptr<AbstractMsg> > >::_List_base()
 .text._ZNSt7__cxx114listISt10shared_ptrI11AbstractMsgESaIS3_EEC2Ev
                0x0000000008003dfa       0x1a ./Core/Src/main.o
                0x0000000008003dfa                std::__cxx11::list<std::shared_ptr<AbstractMsg>, std::allocator<std::shared_ptr<AbstractMsg> > >::list()
                0x0000000008003dfa                std::__cxx11::list<std::shared_ptr<AbstractMsg>, std::allocator<std::shared_ptr<AbstractMsg> > >::list()
 .text._ZNSt7__cxx114listISt10shared_ptrI11AbstractMsgESaIS3_EED2Ev
                0x0000000008003e14       0x1a ./Core/Src/main.o
                0x0000000008003e14                std::__cxx11::list<std::shared_ptr<AbstractMsg>, std::allocator<std::shared_ptr<AbstractMsg> > >::~list()
                0x0000000008003e14                std::__cxx11::list<std::shared_ptr<AbstractMsg>, std::allocator<std::shared_ptr<AbstractMsg> > >::~list()
 .text._ZNSt12__shared_ptrI11AbstractMsgLN9__gnu_cxx12_Lock_policyE0EED2Ev
                0x0000000008003e2e       0x1c ./Core/Src/main.o
                0x0000000008003e2e                std::__shared_ptr<AbstractMsg, (__gnu_cxx::_Lock_policy)0>::~__shared_ptr()
                0x0000000008003e2e                std::__shared_ptr<AbstractMsg, (__gnu_cxx::_Lock_policy)0>::~__shared_ptr()
 .text._ZNSt10shared_ptrI11AbstractMsgED2Ev
                0x0000000008003e4a       0x1a ./Core/Src/main.o
                0x0000000008003e4a                std::shared_ptr<AbstractMsg>::~shared_ptr()
                0x0000000008003e4a                std::shared_ptr<AbstractMsg>::~shared_ptr()
 .text._ZN10MsgHandlerC2EP20__UART_HandleTypeDef
                0x0000000008003e64       0x66 ./Core/Src/main.o
                0x0000000008003e64                MsgHandler::MsgHandler(__UART_HandleTypeDef*)
                0x0000000008003e64                MsgHandler::MsgHandler(__UART_HandleTypeDef*)
 .text._ZN14XNucleoIHM02A114get_componentsEv
                0x0000000008003eca       0x18 ./Core/Src/main.o
                0x0000000008003eca                XNucleoIHM02A1::get_components()
 *fill*         0x0000000008003ee2        0x2 
 .text.main     0x0000000008003ee4      0x168 ./Core/Src/main.o
                0x0000000008003ee4                main
 .text._Z18SystemClock_Configv
                0x000000000800404c      0x104 ./Core/Src/main.o
                0x000000000800404c                SystemClock_Config()
 .text._ZL12MX_SPI1_Initv
                0x0000000008004150       0x78 ./Core/Src/main.o
 .text._ZL12MX_TIM2_Initv
                0x00000000080041c8       0xb8 ./Core/Src/main.o
 .text._ZL19MX_USART2_UART_Initv
                0x0000000008004280       0x5c ./Core/Src/main.o
 .text._ZL11MX_DMA_Initv
                0x00000000080042dc       0x50 ./Core/Src/main.o
 .text._ZL12MX_GPIO_Initv
                0x000000000800432c      0x10c ./Core/Src/main.o
 .text.HAL_UART_TxCpltCallback
                0x0000000008004438       0x28 ./Core/Src/main.o
                0x0000000008004438                HAL_UART_TxCpltCallback
 .text.HAL_UART_RxCpltCallback
                0x0000000008004460       0x28 ./Core/Src/main.o
                0x0000000008004460                HAL_UART_RxCpltCallback
 .text.HAL_TIM_PeriodElapsedCallback
                0x0000000008004488       0x30 ./Core/Src/main.o
                0x0000000008004488                HAL_TIM_PeriodElapsedCallback
 .text.Error_Handler
                0x00000000080044b8        0xa ./Core/Src/main.o
                0x00000000080044b8                Error_Handler
 .text._ZNSt15__uniq_ptr_dataIhSt14default_deleteIA_hELb1ELb1EECI2St15__uniq_ptr_implIhS2_EEPh
                0x00000000080044c2       0x20 ./Core/Src/main.o
                0x00000000080044c2                std::__uniq_ptr_data<unsigned char, std::default_delete<unsigned char []>, true, true>::__uniq_ptr_impl(unsigned char*)
                0x00000000080044c2                std::__uniq_ptr_data<unsigned char, std::default_delete<unsigned char []>, true, true>::__uniq_ptr_impl(unsigned char*)
 .text._ZNSt10unique_ptrIA_hSt14default_deleteIS0_EEC2IPhS2_vbEET_
                0x00000000080044e2       0x1e ./Core/Src/main.o
                0x00000000080044e2                std::unique_ptr<unsigned char [], std::default_delete<unsigned char []> >::unique_ptr<unsigned char*, std::default_delete<unsigned char []>, void, bool>(unsigned char*)
                0x00000000080044e2                std::unique_ptr<unsigned char [], std::default_delete<unsigned char []> >::unique_ptr<unsigned char*, std::default_delete<unsigned char []>, void, bool>(unsigned char*)
 .text._ZNSt10unique_ptrIA_hSt14default_deleteIS0_EED2Ev
                0x0000000008004500       0x3e ./Core/Src/main.o
                0x0000000008004500                std::unique_ptr<unsigned char [], std::default_delete<unsigned char []> >::~unique_ptr()
                0x0000000008004500                std::unique_ptr<unsigned char [], std::default_delete<unsigned char []> >::~unique_ptr()
 .text._ZNKSt10unique_ptrIA_hSt14default_deleteIS0_EEixEj
                0x000000000800453e       0x22 ./Core/Src/main.o
                0x000000000800453e                std::unique_ptr<unsigned char [], std::default_delete<unsigned char []> >::operator[](unsigned int) const
 .text._ZNKSt10unique_ptrIA_hSt14default_deleteIS0_EE3getEv
                0x0000000008004560       0x1a ./Core/Src/main.o
                0x0000000008004560                std::unique_ptr<unsigned char [], std::default_delete<unsigned char []> >::get() const
 .text._ZNSt5tupleIJP12PayloadClassSt14default_deleteIS0_EEEC2ILb1ELb1EEEv
                0x000000000800457a       0x1a ./Core/Src/main.o
                0x000000000800457a                std::tuple<PayloadClass*, std::default_delete<PayloadClass> >::tuple<true, true>()
                0x000000000800457a                std::tuple<PayloadClass*, std::default_delete<PayloadClass> >::tuple<true, true>()
 .text._ZNSt15__uniq_ptr_implI12PayloadClassSt14default_deleteIS0_EEC2Ev
                0x0000000008004594       0x1a ./Core/Src/main.o
                0x0000000008004594                std::__uniq_ptr_impl<PayloadClass, std::default_delete<PayloadClass> >::__uniq_ptr_impl()
                0x0000000008004594                std::__uniq_ptr_impl<PayloadClass, std::default_delete<PayloadClass> >::__uniq_ptr_impl()
 .text._ZNSt15__uniq_ptr_dataI12PayloadClassSt14default_deleteIS0_ELb1ELb1EECI2St15__uniq_ptr_implIS0_S2_EEv
                0x00000000080045ae       0x1a ./Core/Src/main.o
                0x00000000080045ae                std::__uniq_ptr_data<PayloadClass, std::default_delete<PayloadClass>, true, true>::__uniq_ptr_impl()
                0x00000000080045ae                std::__uniq_ptr_data<PayloadClass, std::default_delete<PayloadClass>, true, true>::__uniq_ptr_impl()
 .text._ZNSt10unique_ptrI12PayloadClassSt14default_deleteIS0_EEC2IS2_vEEv
                0x00000000080045c8       0x20 ./Core/Src/main.o
                0x00000000080045c8                std::unique_ptr<PayloadClass, std::default_delete<PayloadClass> >::unique_ptr<std::default_delete<PayloadClass>, void>()
                0x00000000080045c8                std::unique_ptr<PayloadClass, std::default_delete<PayloadClass> >::unique_ptr<std::default_delete<PayloadClass>, void>()
 .text._ZNSt10unique_ptrI12PayloadClassSt14default_deleteIS0_EED2Ev
                0x00000000080045e8       0x44 ./Core/Src/main.o
                0x00000000080045e8                std::unique_ptr<PayloadClass, std::default_delete<PayloadClass> >::~unique_ptr()
                0x00000000080045e8                std::unique_ptr<PayloadClass, std::default_delete<PayloadClass> >::~unique_ptr()
 .text._ZNSt7__cxx1110_List_baseISt10shared_ptrI11AbstractMsgESaIS3_EE10_List_implC2Ev
                0x000000000800462c       0x20 ./Core/Src/main.o
                0x000000000800462c                std::__cxx11::_List_base<std::shared_ptr<AbstractMsg>, std::allocator<std::shared_ptr<AbstractMsg> > >::_List_impl::_List_impl()
                0x000000000800462c                std::__cxx11::_List_base<std::shared_ptr<AbstractMsg>, std::allocator<std::shared_ptr<AbstractMsg> > >::_List_impl::_List_impl()
 .text._ZNSaISt10_List_nodeISt10shared_ptrI11AbstractMsgEEED2Ev
                0x000000000800464c       0x18 ./Core/Src/main.o
                0x000000000800464c                std::allocator<std::_List_node<std::shared_ptr<AbstractMsg> > >::~allocator()
                0x000000000800464c                std::allocator<std::_List_node<std::shared_ptr<AbstractMsg> > >::~allocator()
 .text._ZNSt7__cxx1110_List_baseISt10shared_ptrI11AbstractMsgESaIS3_EED2Ev
                0x0000000008004664       0x20 ./Core/Src/main.o
                0x0000000008004664                std::__cxx11::_List_base<std::shared_ptr<AbstractMsg>, std::allocator<std::shared_ptr<AbstractMsg> > >::~_List_base()
                0x0000000008004664                std::__cxx11::_List_base<std::shared_ptr<AbstractMsg>, std::allocator<std::shared_ptr<AbstractMsg> > >::~_List_base()
 .text._ZNSt10shared_ptrI11AbstractMsgEC2Ev
                0x0000000008004684       0x1a ./Core/Src/main.o
                0x0000000008004684                std::shared_ptr<AbstractMsg>::shared_ptr()
                0x0000000008004684                std::shared_ptr<AbstractMsg>::shared_ptr()
 .text._ZNSt14__shared_countILN9__gnu_cxx12_Lock_policyE0EED2Ev
                0x000000000800469e       0x24 ./Core/Src/main.o
                0x000000000800469e                std::__shared_count<(__gnu_cxx::_Lock_policy)0>::~__shared_count()
                0x000000000800469e                std::__shared_count<(__gnu_cxx::_Lock_policy)0>::~__shared_count()
 .text._ZNSt15__uniq_ptr_implIhSt14default_deleteIA_hEEC2EPh
                0x00000000080046c2       0x28 ./Core/Src/main.o
                0x00000000080046c2                std::__uniq_ptr_impl<unsigned char, std::default_delete<unsigned char []> >::__uniq_ptr_impl(unsigned char*)
                0x00000000080046c2                std::__uniq_ptr_impl<unsigned char, std::default_delete<unsigned char []> >::__uniq_ptr_impl(unsigned char*)
 .text._ZNSt15__uniq_ptr_implIhSt14default_deleteIA_hEE6_M_ptrEv
                0x00000000080046ea       0x1a ./Core/Src/main.o
                0x00000000080046ea                std::__uniq_ptr_impl<unsigned char, std::default_delete<unsigned char []> >::_M_ptr()
 .text._ZNSt10unique_ptrIA_hSt14default_deleteIS0_EE11get_deleterEv
                0x0000000008004704       0x1a ./Core/Src/main.o
                0x0000000008004704                std::unique_ptr<unsigned char [], std::default_delete<unsigned char []> >::get_deleter()
 .text._ZNKSt14default_deleteIA_hEclIhEENSt9enable_ifIXsrSt14is_convertibleIPA_T_PS0_E5valueEvE4typeEPS5_
                0x000000000800471e       0x1e ./Core/Src/main.o
                0x000000000800471e                std::enable_if<std::is_convertible<unsigned char (*) [], unsigned char (*) []>::value, void>::type std::default_delete<unsigned char []>::operator()<unsigned char>(unsigned char*) const
 .text._ZNKSt15__uniq_ptr_implIhSt14default_deleteIA_hEE6_M_ptrEv
                0x000000000800473c       0x1c ./Core/Src/main.o
                0x000000000800473c                std::__uniq_ptr_impl<unsigned char, std::default_delete<unsigned char []> >::_M_ptr() const
 .text._ZNSt11_Tuple_implILj0EJP12PayloadClassSt14default_deleteIS0_EEEC2Ev
                0x0000000008004758       0x20 ./Core/Src/main.o
                0x0000000008004758                std::_Tuple_impl<0u, PayloadClass*, std::default_delete<PayloadClass> >::_Tuple_impl()
                0x0000000008004758                std::_Tuple_impl<0u, PayloadClass*, std::default_delete<PayloadClass> >::_Tuple_impl()
 .text._ZNSt15__uniq_ptr_implI12PayloadClassSt14default_deleteIS0_EE6_M_ptrEv
                0x0000000008004778       0x1a ./Core/Src/main.o
                0x0000000008004778                std::__uniq_ptr_impl<PayloadClass, std::default_delete<PayloadClass> >::_M_ptr()
 .text._ZNSt10unique_ptrI12PayloadClassSt14default_deleteIS0_EE11get_deleterEv
                0x0000000008004792       0x1a ./Core/Src/main.o
                0x0000000008004792                std::unique_ptr<PayloadClass, std::default_delete<PayloadClass> >::get_deleter()
 .text._ZSt4moveIRP12PayloadClassEONSt16remove_referenceIT_E4typeEOS4_
                0x00000000080047ac       0x16 ./Core/Src/main.o
                0x00000000080047ac                std::remove_reference<PayloadClass*&>::type&& std::move<PayloadClass*&>(PayloadClass*&)
 .text._ZNKSt14default_deleteI12PayloadClassEclEPS0_
                0x00000000080047c2       0x22 ./Core/Src/main.o
                0x00000000080047c2                std::default_delete<PayloadClass>::operator()(PayloadClass*) const
 .text._ZNSaISt10_List_nodeISt10shared_ptrI11AbstractMsgEEEC2Ev
                0x00000000080047e4       0x18 ./Core/Src/main.o
                0x00000000080047e4                std::allocator<std::_List_node<std::shared_ptr<AbstractMsg> > >::allocator()
                0x00000000080047e4                std::allocator<std::_List_node<std::shared_ptr<AbstractMsg> > >::allocator()
 .text._ZN9__gnu_cxx13new_allocatorISt10_List_nodeISt10shared_ptrI11AbstractMsgEEED2Ev
                0x00000000080047fc       0x16 ./Core/Src/main.o
                0x00000000080047fc                __gnu_cxx::new_allocator<std::_List_node<std::shared_ptr<AbstractMsg> > >::~new_allocator()
                0x00000000080047fc                __gnu_cxx::new_allocator<std::_List_node<std::shared_ptr<AbstractMsg> > >::~new_allocator()
 .text._ZNSt7__cxx1110_List_baseISt10shared_ptrI11AbstractMsgESaIS3_EE8_M_clearEv
                0x0000000008004812       0x4c ./Core/Src/main.o
                0x0000000008004812                std::__cxx11::_List_base<std::shared_ptr<AbstractMsg>, std::allocator<std::shared_ptr<AbstractMsg> > >::_M_clear()
 .text._ZNSt12__shared_ptrI11AbstractMsgLN9__gnu_cxx12_Lock_policyE0EEC2Ev
                0x000000000800485e       0x22 ./Core/Src/main.o
                0x000000000800485e                std::__shared_ptr<AbstractMsg, (__gnu_cxx::_Lock_policy)0>::__shared_ptr()
                0x000000000800485e                std::__shared_ptr<AbstractMsg, (__gnu_cxx::_Lock_policy)0>::__shared_ptr()
 .text._ZNSt5tupleIJPhSt14default_deleteIA_hEEEC2ILb1ELb1EEEv
                0x0000000008004880       0x1a ./Core/Src/main.o
                0x0000000008004880                std::tuple<unsigned char*, std::default_delete<unsigned char []> >::tuple<true, true>()
                0x0000000008004880                std::tuple<unsigned char*, std::default_delete<unsigned char []> >::tuple<true, true>()
 .text._ZSt3getILj0EJPhSt14default_deleteIA_hEEERNSt13tuple_elementIXT_ESt5tupleIJDpT0_EEE4typeERS8_
                0x000000000800489a       0x1a ./Core/Src/main.o
                0x000000000800489a                std::tuple_element<0u, std::tuple<unsigned char*, std::default_delete<unsigned char []> > >::type& std::get<0u, unsigned char*, std::default_delete<unsigned char []> >(std::tuple<unsigned char*, std::default_delete<unsigned char []> >&)
 .text._ZNSt15__uniq_ptr_implIhSt14default_deleteIA_hEE10_M_deleterEv
                0x00000000080048b4       0x1a ./Core/Src/main.o
                0x00000000080048b4                std::__uniq_ptr_impl<unsigned char, std::default_delete<unsigned char []> >::_M_deleter()
 .text._ZSt3getILj0EJPhSt14default_deleteIA_hEEERKNSt13tuple_elementIXT_ESt5tupleIJDpT0_EEE4typeERKS8_
                0x00000000080048ce       0x1a ./Core/Src/main.o
                0x00000000080048ce                std::tuple_element<0u, std::tuple<unsigned char*, std::default_delete<unsigned char []> > >::type const& std::get<0u, unsigned char*, std::default_delete<unsigned char []> >(std::tuple<unsigned char*, std::default_delete<unsigned char []> > const&)
 .text._ZNSt11_Tuple_implILj1EJSt14default_deleteI12PayloadClassEEEC2Ev
                0x00000000080048e8       0x18 ./Core/Src/main.o
                0x00000000080048e8                std::_Tuple_impl<1u, std::default_delete<PayloadClass> >::_Tuple_impl()
                0x00000000080048e8                std::_Tuple_impl<1u, std::default_delete<PayloadClass> >::_Tuple_impl()
 .text._ZNSt10_Head_baseILj0EP12PayloadClassLb0EEC2Ev
                0x0000000008004900       0x1c ./Core/Src/main.o
                0x0000000008004900                std::_Head_base<0u, PayloadClass*, false>::_Head_base()
                0x0000000008004900                std::_Head_base<0u, PayloadClass*, false>::_Head_base()
 .text._ZSt3getILj0EJP12PayloadClassSt14default_deleteIS0_EEERNSt13tuple_elementIXT_ESt5tupleIJDpT0_EEE4typeERS8_
                0x000000000800491c       0x1a ./Core/Src/main.o
                0x000000000800491c                std::tuple_element<0u, std::tuple<PayloadClass*, std::default_delete<PayloadClass> > >::type& std::get<0u, PayloadClass*, std::default_delete<PayloadClass> >(std::tuple<PayloadClass*, std::default_delete<PayloadClass> >&)
 .text._ZNSt15__uniq_ptr_implI12PayloadClassSt14default_deleteIS0_EE10_M_deleterEv
                0x0000000008004936       0x1a ./Core/Src/main.o
                0x0000000008004936                std::__uniq_ptr_impl<PayloadClass, std::default_delete<PayloadClass> >::_M_deleter()
 .text._ZN9__gnu_cxx13new_allocatorISt10_List_nodeISt10shared_ptrI11AbstractMsgEEEC2Ev
                0x0000000008004950       0x16 ./Core/Src/main.o
                0x0000000008004950                __gnu_cxx::new_allocator<std::_List_node<std::shared_ptr<AbstractMsg> > >::new_allocator()
                0x0000000008004950                __gnu_cxx::new_allocator<std::_List_node<std::shared_ptr<AbstractMsg> > >::new_allocator()
 .text._ZNSt10_List_nodeISt10shared_ptrI11AbstractMsgEE9_M_valptrEv
                0x0000000008004966       0x1c ./Core/Src/main.o
                0x0000000008004966                std::_List_node<std::shared_ptr<AbstractMsg> >::_M_valptr()
 .text._ZNSt7__cxx1110_List_baseISt10shared_ptrI11AbstractMsgESaIS3_EE21_M_get_Node_allocatorEv
                0x0000000008004982       0x16 ./Core/Src/main.o
                0x0000000008004982                std::__cxx11::_List_base<std::shared_ptr<AbstractMsg>, std::allocator<std::shared_ptr<AbstractMsg> > >::_M_get_Node_allocator()
 .text._ZNSt16allocator_traitsISaISt10_List_nodeISt10shared_ptrI11AbstractMsgEEEE7destroyIS3_EEvRS5_PT_
                0x0000000008004998       0x1a ./Core/Src/main.o
                0x0000000008004998                void std::allocator_traits<std::allocator<std::_List_node<std::shared_ptr<AbstractMsg> > > >::destroy<std::shared_ptr<AbstractMsg> >(std::allocator<std::_List_node<std::shared_ptr<AbstractMsg> > >&, std::shared_ptr<AbstractMsg>*)
 .text._ZNSt7__cxx1110_List_baseISt10shared_ptrI11AbstractMsgESaIS3_EE11_M_put_nodeEPSt10_List_nodeIS3_E
                0x00000000080049b2       0x1e ./Core/Src/main.o
                0x00000000080049b2                std::__cxx11::_List_base<std::shared_ptr<AbstractMsg>, std::allocator<std::shared_ptr<AbstractMsg> > >::_M_put_node(std::_List_node<std::shared_ptr<AbstractMsg> >*)
 .text._ZNSt14__shared_countILN9__gnu_cxx12_Lock_policyE0EEC2Ev
                0x00000000080049d0       0x1c ./Core/Src/main.o
                0x00000000080049d0                std::__shared_count<(__gnu_cxx::_Lock_policy)0>::__shared_count()
                0x00000000080049d0                std::__shared_count<(__gnu_cxx::_Lock_policy)0>::__shared_count()
 .text._ZNSt11_Tuple_implILj0EJPhSt14default_deleteIA_hEEEC2Ev
                0x00000000080049ec       0x20 ./Core/Src/main.o
                0x00000000080049ec                std::_Tuple_impl<0u, unsigned char*, std::default_delete<unsigned char []> >::_Tuple_impl()
                0x00000000080049ec                std::_Tuple_impl<0u, unsigned char*, std::default_delete<unsigned char []> >::_Tuple_impl()
 .text._ZSt12__get_helperILj0EPhJSt14default_deleteIA_hEEERT0_RSt11_Tuple_implIXT_EJS4_DpT1_EE
                0x0000000008004a0c       0x18 ./Core/Src/main.o
                0x0000000008004a0c                unsigned char*& std::__get_helper<0u, unsigned char*, std::default_delete<unsigned char []> >(std::_Tuple_impl<0u, unsigned char*, std::default_delete<unsigned char []> >&)
 .text._ZSt3getILj1EJPhSt14default_deleteIA_hEEERNSt13tuple_elementIXT_ESt5tupleIJDpT0_EEE4typeERS8_
                0x0000000008004a24       0x18 ./Core/Src/main.o
                0x0000000008004a24                std::tuple_element<1u, std::tuple<unsigned char*, std::default_delete<unsigned char []> > >::type& std::get<1u, unsigned char*, std::default_delete<unsigned char []> >(std::tuple<unsigned char*, std::default_delete<unsigned char []> >&)
 .text._ZSt12__get_helperILj0EPhJSt14default_deleteIA_hEEERKT0_RKSt11_Tuple_implIXT_EJS4_DpT1_EE
                0x0000000008004a3c       0x18 ./Core/Src/main.o
                0x0000000008004a3c                unsigned char* const& std::__get_helper<0u, unsigned char*, std::default_delete<unsigned char []> >(std::_Tuple_impl<0u, unsigned char*, std::default_delete<unsigned char []> > const&)
 .text._ZNSt10_Head_baseILj1ESt14default_deleteI12PayloadClassELb1EEC2Ev
                0x0000000008004a54       0x16 ./Core/Src/main.o
                0x0000000008004a54                std::_Head_base<1u, std::default_delete<PayloadClass>, true>::_Head_base()
                0x0000000008004a54                std::_Head_base<1u, std::default_delete<PayloadClass>, true>::_Head_base()
 .text._ZSt12__get_helperILj0EP12PayloadClassJSt14default_deleteIS0_EEERT0_RSt11_Tuple_implIXT_EJS4_DpT1_EE
                0x0000000008004a6a       0x18 ./Core/Src/main.o
                0x0000000008004a6a                PayloadClass*& std::__get_helper<0u, PayloadClass*, std::default_delete<PayloadClass> >(std::_Tuple_impl<0u, PayloadClass*, std::default_delete<PayloadClass> >&)
 .text._ZSt3getILj1EJP12PayloadClassSt14default_deleteIS0_EEERNSt13tuple_elementIXT_ESt5tupleIJDpT0_EEE4typeERS8_
                0x0000000008004a82       0x18 ./Core/Src/main.o
                0x0000000008004a82                std::tuple_element<1u, std::tuple<PayloadClass*, std::default_delete<PayloadClass> > >::type& std::get<1u, PayloadClass*, std::default_delete<PayloadClass> >(std::tuple<PayloadClass*, std::default_delete<PayloadClass> >&)
 .text._ZN9__gnu_cxx16__aligned_membufISt10shared_ptrI11AbstractMsgEE6_M_ptrEv
                0x0000000008004a9a       0x18 ./Core/Src/main.o
                0x0000000008004a9a                __gnu_cxx::__aligned_membuf<std::shared_ptr<AbstractMsg> >::_M_ptr()
 .text._ZN9__gnu_cxx13new_allocatorISt10_List_nodeISt10shared_ptrI11AbstractMsgEEE7destroyIS4_EEvPT_
                0x0000000008004ab2       0x18 ./Core/Src/main.o
                0x0000000008004ab2                void __gnu_cxx::new_allocator<std::_List_node<std::shared_ptr<AbstractMsg> > >::destroy<std::shared_ptr<AbstractMsg> >(std::shared_ptr<AbstractMsg>*)
 .text._ZNSt16allocator_traitsISaISt10_List_nodeISt10shared_ptrI11AbstractMsgEEEE10deallocateERS5_PS4_j
                0x0000000008004aca       0x1e ./Core/Src/main.o
                0x0000000008004aca                std::allocator_traits<std::allocator<std::_List_node<std::shared_ptr<AbstractMsg> > > >::deallocate(std::allocator<std::_List_node<std::shared_ptr<AbstractMsg> > >&, std::_List_node<std::shared_ptr<AbstractMsg> >*, unsigned int)
 .text._ZNSt11_Tuple_implILj1EJSt14default_deleteIA_hEEEC2Ev
                0x0000000008004ae8       0x18 ./Core/Src/main.o
                0x0000000008004ae8                std::_Tuple_impl<1u, std::default_delete<unsigned char []> >::_Tuple_impl()
                0x0000000008004ae8                std::_Tuple_impl<1u, std::default_delete<unsigned char []> >::_Tuple_impl()
 .text._ZNSt10_Head_baseILj0EPhLb0EEC2Ev
                0x0000000008004b00       0x1c ./Core/Src/main.o
                0x0000000008004b00                std::_Head_base<0u, unsigned char*, false>::_Head_base()
                0x0000000008004b00                std::_Head_base<0u, unsigned char*, false>::_Head_base()
 .text._ZNSt11_Tuple_implILj0EJPhSt14default_deleteIA_hEEE7_M_headERS4_
                0x0000000008004b1c       0x1a ./Core/Src/main.o
                0x0000000008004b1c                std::_Tuple_impl<0u, unsigned char*, std::default_delete<unsigned char []> >::_M_head(std::_Tuple_impl<0u, unsigned char*, std::default_delete<unsigned char []> >&)
 .text._ZSt12__get_helperILj1ESt14default_deleteIA_hEJEERT0_RSt11_Tuple_implIXT_EJS3_DpT1_EE
                0x0000000008004b36       0x18 ./Core/Src/main.o
                0x0000000008004b36                std::default_delete<unsigned char []>& std::__get_helper<1u, std::default_delete<unsigned char []>>(std::_Tuple_impl<1u, std::default_delete<unsigned char []>>&)
 .text._ZNSt11_Tuple_implILj0EJPhSt14default_deleteIA_hEEE7_M_headERKS4_
                0x0000000008004b4e       0x1a ./Core/Src/main.o
                0x0000000008004b4e                std::_Tuple_impl<0u, unsigned char*, std::default_delete<unsigned char []> >::_M_head(std::_Tuple_impl<0u, unsigned char*, std::default_delete<unsigned char []> > const&)
 .text._ZNSt11_Tuple_implILj0EJP12PayloadClassSt14default_deleteIS0_EEE7_M_headERS4_
                0x0000000008004b68       0x1a ./Core/Src/main.o
                0x0000000008004b68                std::_Tuple_impl<0u, PayloadClass*, std::default_delete<PayloadClass> >::_M_head(std::_Tuple_impl<0u, PayloadClass*, std::default_delete<PayloadClass> >&)
 .text._ZSt12__get_helperILj1ESt14default_deleteI12PayloadClassEJEERT0_RSt11_Tuple_implIXT_EJS3_DpT1_EE
                0x0000000008004b82       0x18 ./Core/Src/main.o
                0x0000000008004b82                std::default_delete<PayloadClass>& std::__get_helper<1u, std::default_delete<PayloadClass>>(std::_Tuple_impl<1u, std::default_delete<PayloadClass>>&)
 .text._ZN9__gnu_cxx16__aligned_membufISt10shared_ptrI11AbstractMsgEE7_M_addrEv
                0x0000000008004b9a       0x16 ./Core/Src/main.o
                0x0000000008004b9a                __gnu_cxx::__aligned_membuf<std::shared_ptr<AbstractMsg> >::_M_addr()
 .text._ZN9__gnu_cxx13new_allocatorISt10_List_nodeISt10shared_ptrI11AbstractMsgEEE10deallocateEPS5_j
                0x0000000008004bb0       0x20 ./Core/Src/main.o
                0x0000000008004bb0                __gnu_cxx::new_allocator<std::_List_node<std::shared_ptr<AbstractMsg> > >::deallocate(std::_List_node<std::shared_ptr<AbstractMsg> >*, unsigned int)
 .text._ZNSt10_Head_baseILj1ESt14default_deleteIA_hELb1EEC2Ev
                0x0000000008004bd0       0x16 ./Core/Src/main.o
                0x0000000008004bd0                std::_Head_base<1u, std::default_delete<unsigned char []>, true>::_Head_base()
                0x0000000008004bd0                std::_Head_base<1u, std::default_delete<unsigned char []>, true>::_Head_base()
 .text._ZNSt10_Head_baseILj0EPhLb0EE7_M_headERS1_
                0x0000000008004be6       0x16 ./Core/Src/main.o
                0x0000000008004be6                std::_Head_base<0u, unsigned char*, false>::_M_head(std::_Head_base<0u, unsigned char*, false>&)
 .text._ZNSt11_Tuple_implILj1EJSt14default_deleteIA_hEEE7_M_headERS3_
                0x0000000008004bfc       0x18 ./Core/Src/main.o
                0x0000000008004bfc                std::_Tuple_impl<1u, std::default_delete<unsigned char []> >::_M_head(std::_Tuple_impl<1u, std::default_delete<unsigned char []> >&)
 .text._ZNSt10_Head_baseILj0EPhLb0EE7_M_headERKS1_
                0x0000000008004c14       0x16 ./Core/Src/main.o
                0x0000000008004c14                std::_Head_base<0u, unsigned char*, false>::_M_head(std::_Head_base<0u, unsigned char*, false> const&)
 .text._ZNSt10_Head_baseILj0EP12PayloadClassLb0EE7_M_headERS2_
                0x0000000008004c2a       0x16 ./Core/Src/main.o
                0x0000000008004c2a                std::_Head_base<0u, PayloadClass*, false>::_M_head(std::_Head_base<0u, PayloadClass*, false>&)
 .text._ZNSt11_Tuple_implILj1EJSt14default_deleteI12PayloadClassEEE7_M_headERS3_
                0x0000000008004c40       0x18 ./Core/Src/main.o
                0x0000000008004c40                std::_Tuple_impl<1u, std::default_delete<PayloadClass> >::_M_head(std::_Tuple_impl<1u, std::default_delete<PayloadClass> >&)
 .text._ZNSt10_Head_baseILj1ESt14default_deleteIA_hELb1EE7_M_headERS3_
                0x0000000008004c58       0x16 ./Core/Src/main.o
                0x0000000008004c58                std::_Head_base<1u, std::default_delete<unsigned char []>, true>::_M_head(std::_Head_base<1u, std::default_delete<unsigned char []>, true>&)
 .text._ZNSt10_Head_baseILj1ESt14default_deleteI12PayloadClassELb1EE7_M_headERS3_
                0x0000000008004c6e       0x16 ./Core/Src/main.o
                0x0000000008004c6e                std::_Head_base<1u, std::default_delete<PayloadClass>, true>::_M_head(std::_Head_base<1u, std::default_delete<PayloadClass>, true>&)
 .text._ZN6AckMsgD2Ev
                0x0000000008004c84       0x30 ./Core/Src/main.o
                0x0000000008004c84                AckMsg::~AckMsg()
                0x0000000008004c84                AckMsg::~AckMsg()
 .text._ZN6AckMsgD0Ev
                0x0000000008004cb4       0x20 ./Core/Src/main.o
                0x0000000008004cb4                AckMsg::~AckMsg()
 .text._ZN11HeaderClassD2Ev
                0x0000000008004cd4       0x30 ./Core/Src/main.o
                0x0000000008004cd4                HeaderClass::~HeaderClass()
                0x0000000008004cd4                HeaderClass::~HeaderClass()
 .text._ZN11HeaderClassD0Ev
                0x0000000008004d04       0x20 ./Core/Src/main.o
                0x0000000008004d04                HeaderClass::~HeaderClass()
 .text._ZN10MsgHandlerD2Ev
                0x0000000008004d24       0x4e ./Core/Src/main.o
                0x0000000008004d24                MsgHandler::~MsgHandler()
                0x0000000008004d24                MsgHandler::~MsgHandler()
 *fill*         0x0000000008004d72        0x2 
 .text._Z41__static_initialization_and_destruction_0ii
                0x0000000008004d74       0x48 ./Core/Src/main.o
 .text._GLOBAL__sub_I_hspi1
                0x0000000008004dbc       0x10 ./Core/Src/main.o
 .text._GLOBAL__sub_D_hspi1
                0x0000000008004dcc       0x10 ./Core/Src/main.o
 .text._ZnwjPv  0x0000000008004ddc       0x18 ./Core/Src/msg_handler.o
                0x0000000008004ddc                operator new(unsigned int, void*)
 .text._ZNSt16_Sp_counted_baseILN9__gnu_cxx12_Lock_policyE0EE15_M_add_ref_copyEv
                0x0000000008004df4       0x1e ./Core/Src/msg_handler.o
                0x0000000008004df4                std::_Sp_counted_base<(__gnu_cxx::_Lock_policy)0>::_M_add_ref_copy()
 *fill*         0x0000000008004e12        0x2 
 .text._ZNSt19_Sp_make_shared_tag5_S_tiEv
                0x0000000008004e14       0x14 ./Core/Src/msg_handler.o
                0x0000000008004e14                std::_Sp_make_shared_tag::_S_ti()
 .text._ZNK12PayloadClass8get_dataEv
                0x0000000008004e28       0x1c ./Core/Src/msg_handler.o
                0x0000000008004e28                PayloadClass::get_data() const
 .text._ZNK12PayloadClass8get_typeEv
                0x0000000008004e44       0x16 ./Core/Src/msg_handler.o
                0x0000000008004e44                PayloadClass::get_type() const
 .text._ZNK12PayloadClass13get_data_sizeEv
                0x0000000008004e5a       0x18 ./Core/Src/msg_handler.o
                0x0000000008004e5a                PayloadClass::get_data_size() const
 .text._ZN6AckMsgaSERKS_
                0x0000000008004e72       0x70 ./Core/Src/msg_handler.o
                0x0000000008004e72                AckMsg::operator=(AckMsg const&)
 .text._ZN10MsgHandler23process_txclpt_callbackEv
                0x0000000008004ee2      0x108 ./Core/Src/msg_handler.o
                0x0000000008004ee2                MsgHandler::process_txclpt_callback()
 .text._ZN10MsgHandler23process_rxclpt_callbackEv
                0x0000000008004fea      0x25a ./Core/Src/msg_handler.o
                0x0000000008004fea                MsgHandler::process_rxclpt_callback()
 .text._ZNSt12__shared_ptrI11HeaderClassLN9__gnu_cxx12_Lock_policyE0EED2Ev
                0x0000000008005244       0x1c ./Core/Src/msg_handler.o
                0x0000000008005244                std::__shared_ptr<HeaderClass, (__gnu_cxx::_Lock_policy)0>::~__shared_ptr()
                0x0000000008005244                std::__shared_ptr<HeaderClass, (__gnu_cxx::_Lock_policy)0>::~__shared_ptr()
 .text._ZNSt10shared_ptrI11HeaderClassED2Ev
                0x0000000008005260       0x1a ./Core/Src/msg_handler.o
                0x0000000008005260                std::shared_ptr<HeaderClass>::~shared_ptr()
                0x0000000008005260                std::shared_ptr<HeaderClass>::~shared_ptr()
 .text._ZNSt12__shared_ptrI12PayloadClassLN9__gnu_cxx12_Lock_policyE0EED2Ev
                0x000000000800527a       0x1c ./Core/Src/msg_handler.o
                0x000000000800527a                std::__shared_ptr<PayloadClass, (__gnu_cxx::_Lock_policy)0>::~__shared_ptr()
                0x000000000800527a                std::__shared_ptr<PayloadClass, (__gnu_cxx::_Lock_policy)0>::~__shared_ptr()
 .text._ZNSt10shared_ptrI12PayloadClassED2Ev
                0x0000000008005296       0x1a ./Core/Src/msg_handler.o
                0x0000000008005296                std::shared_ptr<PayloadClass>::~shared_ptr()
                0x0000000008005296                std::shared_ptr<PayloadClass>::~shared_ptr()
 .text._ZN10MsgHandler10send_printEPKc
                0x00000000080052b0       0xe8 ./Core/Src/msg_handler.o
                0x00000000080052b0                MsgHandler::send_print(char const*)
 .text._ZN10MsgHandler18transmit_front_msgEv
                0x0000000008005398       0x72 ./Core/Src/msg_handler.o
                0x0000000008005398                MsgHandler::transmit_front_msg()
 .text._ZN10MsgHandler11receive_ackEv
                0x000000000800540a       0x38 ./Core/Src/msg_handler.o
                0x000000000800540a                MsgHandler::receive_ack()
 *fill*         0x0000000008005442        0x2 
 .text._ZN10MsgHandler19receive_data_headerEv
                0x0000000008005444       0x48 ./Core/Src/msg_handler.o
                0x0000000008005444                MsgHandler::receive_data_header()
 .text._ZNSt15__uniq_ptr_dataI12PayloadClassSt14default_deleteIS0_ELb1ELb1EEaSEOS3_
                0x000000000800548c       0x20 ./Core/Src/msg_handler.o
                0x000000000800548c                std::__uniq_ptr_data<PayloadClass, std::default_delete<PayloadClass>, true, true>::operator=(std::__uniq_ptr_data<PayloadClass, std::default_delete<PayloadClass>, true, true>&&)
 .text._ZNSt10unique_ptrI12PayloadClassSt14default_deleteIS0_EEaSEOS3_
                0x00000000080054ac       0x20 ./Core/Src/msg_handler.o
                0x00000000080054ac                std::unique_ptr<PayloadClass, std::default_delete<PayloadClass> >::operator=(std::unique_ptr<PayloadClass, std::default_delete<PayloadClass> >&&)
 .text._ZN10MsgHandler14ack_msg_data_1Ev
                0x00000000080054cc       0xaa ./Core/Src/msg_handler.o
                0x00000000080054cc                MsgHandler::ack_msg_data_1()
 .text._ZN10MsgHandler13ack_msg_printEh
                0x0000000008005576       0xf8 ./Core/Src/msg_handler.o
                0x0000000008005576                MsgHandler::ack_msg_print(unsigned char)
 .text._ZN10MsgHandler12receive_dataEv
                0x000000000800566e       0x50 ./Core/Src/msg_handler.o
                0x000000000800566e                MsgHandler::receive_data()
 *fill*         0x00000000080056be        0x2 
 .text._ZN10MsgHandler27process_received_msg_data_1EPh
                0x00000000080056c0       0x40 ./Core/Src/msg_handler.o
                0x00000000080056c0                MsgHandler::process_received_msg_data_1(unsigned char*)
 .text._ZSt3minIiERKT_S2_S2_
                0x0000000008005700       0x28 ./Core/Src/msg_handler.o
                0x0000000008005700                int const& std::min<int>(int const&, int const&)
 .text._ZN10MsgHandler26process_received_msg_printEPhh
                0x0000000008005728       0xac ./Core/Src/msg_handler.o
                0x0000000008005728                MsgHandler::process_received_msg_print(unsigned char*, unsigned char)
 .text._ZNSt12__shared_ptrI11AbstractMsgLN9__gnu_cxx12_Lock_policyE0EEaSERKS3_
                0x00000000080057d4       0x2c ./Core/Src/msg_handler.o
                0x00000000080057d4                std::__shared_ptr<AbstractMsg, (__gnu_cxx::_Lock_policy)0>::operator=(std::__shared_ptr<AbstractMsg, (__gnu_cxx::_Lock_policy)0> const&)
 .text._ZNSt10shared_ptrI11AbstractMsgEaSERKS1_
                0x0000000008005800       0x20 ./Core/Src/msg_handler.o
                0x0000000008005800                std::shared_ptr<AbstractMsg>::operator=(std::shared_ptr<AbstractMsg> const&)
 .text._ZN10MsgHandler15process_timeoutEv
                0x0000000008005820       0xfa ./Core/Src/msg_handler.o
                0x0000000008005820                MsgHandler::process_timeout()
 .text._ZNSt16_Sp_counted_baseILN9__gnu_cxx12_Lock_policyE0EE10_M_destroyEv
                0x000000000800591a       0x22 ./Core/Src/msg_handler.o
                0x000000000800591a                std::_Sp_counted_base<(__gnu_cxx::_Lock_policy)0>::_M_destroy()
 .text._ZNKSt10unique_ptrIA_hSt14default_deleteIS0_EEcvbEv
                0x000000000800593c       0x22 ./Core/Src/msg_handler.o
                0x000000000800593c                std::unique_ptr<unsigned char [], std::default_delete<unsigned char []> >::operator bool() const
 .text._ZNSt10unique_ptrIA_hSt14default_deleteIS0_EE5resetEDn
                0x000000000800595e       0x1a ./Core/Src/msg_handler.o
                0x000000000800595e                std::unique_ptr<unsigned char [], std::default_delete<unsigned char []> >::reset(decltype(nullptr))
 .text._ZNKSt7__cxx114listISt10shared_ptrI11AbstractMsgESaIS3_EE5emptyEv
                0x0000000008005978       0x24 ./Core/Src/msg_handler.o
                0x0000000008005978                std::__cxx11::list<std::shared_ptr<AbstractMsg>, std::allocator<std::shared_ptr<AbstractMsg> > >::empty() const
 .text._ZNSt7__cxx114listISt10shared_ptrI11AbstractMsgESaIS3_EE5frontEv
                0x000000000800599c       0x26 ./Core/Src/msg_handler.o
                0x000000000800599c                std::__cxx11::list<std::shared_ptr<AbstractMsg>, std::allocator<std::shared_ptr<AbstractMsg> > >::front()
 .text._ZNKSt19__shared_ptr_accessI11AbstractMsgLN9__gnu_cxx12_Lock_policyE0ELb0ELb0EEptEv
                0x00000000080059c2       0x18 ./Core/Src/msg_handler.o
                0x00000000080059c2                std::__shared_ptr_access<AbstractMsg, (__gnu_cxx::_Lock_policy)0, false, false>::operator->() const
 .text._ZNSt7__cxx114listISt10shared_ptrI11AbstractMsgESaIS3_EE9pop_frontEv
                0x00000000080059da       0x20 ./Core/Src/msg_handler.o
                0x00000000080059da                std::__cxx11::list<std::shared_ptr<AbstractMsg>, std::allocator<std::shared_ptr<AbstractMsg> > >::pop_front()
 .text._ZNKSt10unique_ptrI12PayloadClassSt14default_deleteIS0_EEptEv
                0x00000000080059fa       0x18 ./Core/Src/msg_handler.o
                0x00000000080059fa                std::unique_ptr<PayloadClass, std::default_delete<PayloadClass> >::operator->() const
 .text._ZSt11make_sharedI11HeaderClassJRKhjEESt10shared_ptrIT_EDpOT0_
                0x0000000008005a12       0x46 ./Core/Src/msg_handler.o
                0x0000000008005a12                std::shared_ptr<HeaderClass> std::make_shared<HeaderClass, unsigned char const&, unsigned int>(unsigned char const&, unsigned int&&)
 .text._ZNSt10shared_ptrI11AbstractMsgEC2I11HeaderClassvEEOS_IT_E
                0x0000000008005a58       0x26 ./Core/Src/msg_handler.o
                0x0000000008005a58                std::shared_ptr<AbstractMsg>::shared_ptr<HeaderClass, void>(std::shared_ptr<HeaderClass>&&)
                0x0000000008005a58                std::shared_ptr<AbstractMsg>::shared_ptr<HeaderClass, void>(std::shared_ptr<HeaderClass>&&)
 .text._ZNSt7__cxx114listISt10shared_ptrI11AbstractMsgESaIS3_EE9push_backEOS3_
                0x0000000008005a7e       0x2c ./Core/Src/msg_handler.o
                0x0000000008005a7e                std::__cxx11::list<std::shared_ptr<AbstractMsg>, std::allocator<std::shared_ptr<AbstractMsg> > >::push_back(std::shared_ptr<AbstractMsg>&&)
 .text._ZSt11make_sharedI12PayloadClassJRPKcjEESt10shared_ptrIT_EDpOT0_
                0x0000000008005aaa       0x46 ./Core/Src/msg_handler.o
                0x0000000008005aaa                std::shared_ptr<PayloadClass> std::make_shared<PayloadClass, char const*&, unsigned int>(char const*&, unsigned int&&)
 .text._ZNSt10shared_ptrI11AbstractMsgEC2I12PayloadClassvEEOS_IT_E
                0x0000000008005af0       0x26 ./Core/Src/msg_handler.o
                0x0000000008005af0                std::shared_ptr<AbstractMsg>::shared_ptr<PayloadClass, void>(std::shared_ptr<PayloadClass>&&)
                0x0000000008005af0                std::shared_ptr<AbstractMsg>::shared_ptr<PayloadClass, void>(std::shared_ptr<PayloadClass>&&)
 .text._ZNKSt7__cxx114listISt10shared_ptrI11AbstractMsgESaIS3_EE4sizeEv
                0x0000000008005b16       0x18 ./Core/Src/msg_handler.o
                0x0000000008005b16                std::__cxx11::list<std::shared_ptr<AbstractMsg>, std::allocator<std::shared_ptr<AbstractMsg> > >::size() const
 .text._ZSt7forwardIjEOT_RNSt16remove_referenceIS0_E4typeE
                0x0000000008005b2e       0x16 ./Core/Src/msg_handler.o
                0x0000000008005b2e                unsigned int&& std::forward<unsigned int>(std::remove_reference<unsigned int>::type&)
 .text._ZSt11make_uniqueI12PayloadClassJPfjEENSt9_MakeUniqIT_E15__single_objectEDpOT0_
                0x0000000008005b44       0x46 ./Core/Src/msg_handler.o
                0x0000000008005b44                std::_MakeUniq<PayloadClass>::__single_object std::make_unique<PayloadClass, float*, unsigned int>(float*&&, unsigned int&&)
 .text._ZNSt15__uniq_ptr_implI12PayloadClassSt14default_deleteIS0_EEaSEOS3_
                0x0000000008005b8a       0x38 ./Core/Src/msg_handler.o
                0x0000000008005b8a                std::__uniq_ptr_impl<PayloadClass, std::default_delete<PayloadClass> >::operator=(std::__uniq_ptr_impl<PayloadClass, std::default_delete<PayloadClass> >&&)
 .text._ZSt11make_uniqueI12PayloadClassJRPcRhEENSt9_MakeUniqIT_E15__single_objectEDpOT0_
                0x0000000008005bc2       0x44 ./Core/Src/msg_handler.o
                0x0000000008005bc2                std::_MakeUniq<PayloadClass>::__single_object std::make_unique<PayloadClass, char*&, unsigned char&>(char*&, unsigned char&)
 .text._ZNKSt12__shared_ptrI11AbstractMsgLN9__gnu_cxx12_Lock_policyE0EE3getEv
                0x0000000008005c06       0x18 ./Core/Src/msg_handler.o
                0x0000000008005c06                std::__shared_ptr<AbstractMsg, (__gnu_cxx::_Lock_policy)0>::get() const
 .text._ZNSt7__cxx114listISt10shared_ptrI11AbstractMsgESaIS3_EE5clearEv
                0x0000000008005c1e       0x20 ./Core/Src/msg_handler.o
                0x0000000008005c1e                std::__cxx11::list<std::shared_ptr<AbstractMsg>, std::allocator<std::shared_ptr<AbstractMsg> > >::clear()
 .text._ZNSt10shared_ptrI11AbstractMsgEC2EDn
                0x0000000008005c3e       0x1a ./Core/Src/msg_handler.o
                0x0000000008005c3e                std::shared_ptr<AbstractMsg>::shared_ptr(decltype(nullptr))
                0x0000000008005c3e                std::shared_ptr<AbstractMsg>::shared_ptr(decltype(nullptr))
 .text._ZNSt10shared_ptrI11AbstractMsgEaSEOS1_
                0x0000000008005c58       0x26 ./Core/Src/msg_handler.o
                0x0000000008005c58                std::shared_ptr<AbstractMsg>::operator=(std::shared_ptr<AbstractMsg>&&)
 .text._ZNSt14__shared_countILN9__gnu_cxx12_Lock_policyE0EEaSERKS2_
                0x0000000008005c7e       0x48 ./Core/Src/msg_handler.o
                0x0000000008005c7e                std::__shared_count<(__gnu_cxx::_Lock_policy)0>::operator=(std::__shared_count<(__gnu_cxx::_Lock_policy)0> const&)
 *fill*         0x0000000008005cc6        0x2 
 .text._ZNSt16_Sp_counted_baseILN9__gnu_cxx12_Lock_policyE0EED2Ev
                0x0000000008005cc8       0x20 ./Core/Src/msg_handler.o
                0x0000000008005cc8                std::_Sp_counted_base<(__gnu_cxx::_Lock_policy)0>::~_Sp_counted_base()
                0x0000000008005cc8                std::_Sp_counted_base<(__gnu_cxx::_Lock_policy)0>::~_Sp_counted_base()
 .text._ZNSt16_Sp_counted_baseILN9__gnu_cxx12_Lock_policyE0EED0Ev
                0x0000000008005ce8       0x20 ./Core/Src/msg_handler.o
                0x0000000008005ce8                std::_Sp_counted_base<(__gnu_cxx::_Lock_policy)0>::~_Sp_counted_base()
 .text._ZNSt10unique_ptrIA_hSt14default_deleteIS0_EE5resetIPhvEEvT_
                0x0000000008005d08       0x28 ./Core/Src/msg_handler.o
                0x0000000008005d08                void std::unique_ptr<unsigned char [], std::default_delete<unsigned char []> >::reset<unsigned char*, void>(unsigned char*)
 .text._ZN12PayloadClassD2Ev
                0x0000000008005d30       0x30 ./Core/Src/msg_handler.o
                0x0000000008005d30                PayloadClass::~PayloadClass()
                0x0000000008005d30                PayloadClass::~PayloadClass()
 .text._ZN12PayloadClassD0Ev
                0x0000000008005d60       0x20 ./Core/Src/msg_handler.o
                0x0000000008005d60                PayloadClass::~PayloadClass()
 .text._ZNSt7__cxx114listISt10shared_ptrI11AbstractMsgESaIS3_EE5beginEv
                0x0000000008005d80       0x22 ./Core/Src/msg_handler.o
                0x0000000008005d80                std::__cxx11::list<std::shared_ptr<AbstractMsg>, std::allocator<std::shared_ptr<AbstractMsg> > >::begin()
 .text._ZNKSt14_List_iteratorISt10shared_ptrI11AbstractMsgEEdeEv
                0x0000000008005da2       0x1c ./Core/Src/msg_handler.o
                0x0000000008005da2                std::_List_iterator<std::shared_ptr<AbstractMsg> >::operator*() const