../Drivers/STM32F4xx_HAL_Driver/Src/stm32f4xx_hal_tim.c:266:19:HAL_TIM_Base_Init	16	static
../Drivers/STM32F4xx_HAL_Driver/Src/stm32f4xx_hal_tim.c:325:19:HAL_TIM_Base_DeInit	16	static
../Drivers/STM32F4xx_HAL_Driver/Src/stm32f4xx_hal_tim.c:368:13:HAL_TIM_Base_MspInit	16	static
../Drivers/STM32F4xx_HAL_Driver/Src/stm32f4xx_hal_tim.c:383:13:HAL_TIM_Base_MspDeInit	16	static
../Drivers/STM32F4xx_HAL_Driver/Src/stm32f4xx_hal_tim.c:399:19:HAL_TIM_Base_Start	24	static
../Drivers/STM32F4xx_HAL_Driver/Src/stm32f4xx_hal_tim.c:438:19:HAL_TIM_Base_Stop	16	static
../Drivers/STM32F4xx_HAL_Driver/Src/stm32f4xx_hal_tim.c:458:19:HAL_TIM_Base_Start_IT	24	static
../Drivers/STM32F4xx_HAL_Driver/Src/stm32f4xx_hal_tim.c:500:19:HAL_TIM_Base_Stop_IT	16	static
../Drivers/STM32F4xx_HAL_Driver/Src/stm32f4xx_hal_tim.c:525:19:HAL_TIM_Base_Start_DMA	32	static
../Drivers/STM32F4xx_HAL_Driver/Src/stm32f4xx_hal_tim.c:594:19:HAL_TIM_Base_Stop_DMA	16	static
../Drivers/STM32F4xx_HAL_Driver/Src/stm32f4xx_hal_tim.c:649:19:HAL_TIM_OC_Init	16	static
../Drivers/STM32F4xx_HAL_Driver/Src/stm32f4xx_hal_tim.c:708:19:HAL_TIM_OC_DeInit	16	static
../Drivers/STM32F4xx_HAL_Driver/Src/stm32f4xx_hal_tim.c:751:13:HAL_TIM_OC_MspInit	16	static
../Drivers/STM32F4xx_HAL_Driver/Src/stm32f4xx_hal_tim.c:766:13:HAL_TIM_OC_MspDeInit	16	static
../Drivers/STM32F4xx_HAL_Driver/Src/stm32f4xx_hal_tim.c:787:19:HAL_TIM_OC_Start	24	static
../Drivers/STM32F4xx_HAL_Driver/Src/stm32f4xx_hal_tim.c:841:19:HAL_TIM_OC_Stop	16	static
../Drivers/STM32F4xx_HAL_Driver/Src/stm32f4xx_hal_tim.c:876:19:HAL_TIM_OC_Start_IT	24	static
../Drivers/STM32F4xx_HAL_Driver/Src/stm32f4xx_hal_tim.c:969:19:HAL_TIM_OC_Stop_IT	24	static
../Drivers/STM32F4xx_HAL_Driver/Src/stm32f4xx_hal_tim.c:1046:19:HAL_TIM_OC_Start_DMA	32	static
../Drivers/STM32F4xx_HAL_Driver/Src/stm32f4xx_hal_tim.c:1210:19:HAL_TIM_OC_Stop_DMA	24	static
../Drivers/STM32F4xx_HAL_Driver/Src/stm32f4xx_hal_tim.c:1313:19:HAL_TIM_PWM_Init	16	static
../Drivers/STM32F4xx_HAL_Driver/Src/stm32f4xx_hal_tim.c:1372:19:HAL_TIM_PWM_DeInit	16	static
../Drivers/STM32F4xx_HAL_Driver/Src/stm32f4xx_hal_tim.c:1415:13:HAL_TIM_PWM_MspInit	16	static
../Drivers/STM32F4xx_HAL_Driver/Src/stm32f4xx_hal_tim.c:1430:13:HAL_TIM_PWM_MspDeInit	16	static
../Drivers/STM32F4xx_HAL_Driver/Src/stm32f4xx_hal_tim.c:1451:19:HAL_TIM_PWM_Start	24	static
../Drivers/STM32F4xx_HAL_Driver/Src/stm32f4xx_hal_tim.c:1505:19:HAL_TIM_PWM_Stop	16	static
../Drivers/STM32F4xx_HAL_Driver/Src/stm32f4xx_hal_tim.c:1540:19:HAL_TIM_PWM_Start_IT	24	static
../Drivers/STM32F4xx_HAL_Driver/Src/stm32f4xx_hal_tim.c:1633:19:HAL_TIM_PWM_Stop_IT	24	static
../Drivers/STM32F4xx_HAL_Driver/Src/stm32f4xx_hal_tim.c:1710:19:HAL_TIM_PWM_Start_DMA	32	static
../Drivers/STM32F4xx_HAL_Driver/Src/stm32f4xx_hal_tim.c:1873:19:HAL_TIM_PWM_Stop_DMA	24	static
../Drivers/STM32F4xx_HAL_Driver/Src/stm32f4xx_hal_tim.c:1976:19:HAL_TIM_IC_Init	16	static
../Drivers/STM32F4xx_HAL_Driver/Src/stm32f4xx_hal_tim.c:2035:19:HAL_TIM_IC_DeInit	16	static
../Drivers/STM32F4xx_HAL_Driver/Src/stm32f4xx_hal_tim.c:2078:13:HAL_TIM_IC_MspInit	16	static
../Drivers/STM32F4xx_HAL_Driver/Src/stm32f4xx_hal_tim.c:2093:13:HAL_TIM_IC_MspDeInit	16	static
../Drivers/STM32F4xx_HAL_Driver/Src/stm32f4xx_hal_tim.c:2114:19:HAL_TIM_IC_Start	24	static
../Drivers/STM32F4xx_HAL_Driver/Src/stm32f4xx_hal_tim.c:2166:19:HAL_TIM_IC_Stop	16	static
../Drivers/STM32F4xx_HAL_Driver/Src/stm32f4xx_hal_tim.c:2196:19:HAL_TIM_IC_Start_IT	24	static
../Drivers/STM32F4xx_HAL_Driver/Src/stm32f4xx_hal_tim.c:2288:19:HAL_TIM_IC_Stop_IT	24	static
../Drivers/STM32F4xx_HAL_Driver/Src/stm32f4xx_hal_tim.c:2360:19:HAL_TIM_IC_Start_DMA	32	static
../Drivers/STM32F4xx_HAL_Driver/Src/stm32f4xx_hal_tim.c:2519:19:HAL_TIM_IC_Stop_DMA	24	static
../Drivers/STM32F4xx_HAL_Driver/Src/stm32f4xx_hal_tim.c:2624:19:HAL_TIM_OnePulse_Init	16	static
../Drivers/STM32F4xx_HAL_Driver/Src/stm32f4xx_hal_tim.c:2692:19:HAL_TIM_OnePulse_DeInit	16	static
../Drivers/STM32F4xx_HAL_Driver/Src/stm32f4xx_hal_tim.c:2737:13:HAL_TIM_OnePulse_MspInit	16	static
../Drivers/STM32F4xx_HAL_Driver/Src/stm32f4xx_hal_tim.c:2752:13:HAL_TIM_OnePulse_MspDeInit	16	static
../Drivers/STM32F4xx_HAL_Driver/Src/stm32f4xx_hal_tim.c:2772:19:HAL_TIM_OnePulse_Start	24	static
../Drivers/STM32F4xx_HAL_Driver/Src/stm32f4xx_hal_tim.c:2829:19:HAL_TIM_OnePulse_Stop	16	static
../Drivers/STM32F4xx_HAL_Driver/Src/stm32f4xx_hal_tim.c:2872:19:HAL_TIM_OnePulse_Start_IT	24	static
../Drivers/STM32F4xx_HAL_Driver/Src/stm32f4xx_hal_tim.c:2935:19:HAL_TIM_OnePulse_Stop_IT	16	static
../Drivers/STM32F4xx_HAL_Driver/Src/stm32f4xx_hal_tim.c:3014:19:HAL_TIM_Encoder_Init	32	static
../Drivers/STM32F4xx_HAL_Driver/Src/stm32f4xx_hal_tim.c:3128:19:HAL_TIM_Encoder_DeInit	16	static
../Drivers/STM32F4xx_HAL_Driver/Src/stm32f4xx_hal_tim.c:3173:13:HAL_TIM_Encoder_MspInit	16	static
../Drivers/STM32F4xx_HAL_Driver/Src/stm32f4xx_hal_tim.c:3188:13:HAL_TIM_Encoder_MspDeInit	16	static
../Drivers/STM32F4xx_HAL_Driver/Src/stm32f4xx_hal_tim.c:3208:19:HAL_TIM_Encoder_Start	24	static
../Drivers/STM32F4xx_HAL_Driver/Src/stm32f4xx_hal_tim.c:3302:19:HAL_TIM_Encoder_Stop	16	static
../Drivers/STM32F4xx_HAL_Driver/Src/stm32f4xx_hal_tim.c:3362:19:HAL_TIM_Encoder_Start_IT	24	static
../Drivers/STM32F4xx_HAL_Driver/Src/stm32f4xx_hal_tim.c:3462:19:HAL_TIM_Encoder_Stop_IT	16	static
../Drivers/STM32F4xx_HAL_Driver/Src/stm32f4xx_hal_tim.c:3527:19:HAL_TIM_Encoder_Start_DMA	32	static
../Drivers/STM32F4xx_HAL_Driver/Src/stm32f4xx_hal_tim.c:3740:19:HAL_TIM_Encoder_Stop_DMA	16	static
../Drivers/STM32F4xx_HAL_Driver/Src/stm32f4xx_hal_tim.c:3817:6:HAL_TIM_IRQHandler	16	static
../Drivers/STM32F4xx_HAL_Driver/Src/stm32f4xx_hal_tim.c:4032:19:HAL_TIM_OC_ConfigChannel	32	static
../Drivers/STM32F4xx_HAL_Driver/Src/stm32f4xx_hal_tim.c:4111:19:HAL_TIM_IC_ConfigChannel	32	static
../Drivers/STM32F4xx_HAL_Driver/Src/stm32f4xx_hal_tim.c:4210:19:HAL_TIM_PWM_ConfigChannel	32	static
../Drivers/STM32F4xx_HAL_Driver/Src/stm32f4xx_hal_tim.c:4324:19:HAL_TIM_OnePulse_ConfigChannel	56	static
../Drivers/STM32F4xx_HAL_Driver/Src/stm32f4xx_hal_tim.c:4472:19:HAL_TIM_DMABurst_WriteStart	40	static
../Drivers/STM32F4xx_HAL_Driver/Src/stm32f4xx_hal_tim.c:4524:19:HAL_TIM_DMABurst_MultiWriteStart	32	static
../Drivers/STM32F4xx_HAL_Driver/Src/stm32f4xx_hal_tim.c:4708:19:HAL_TIM_DMABurst_WriteStop	24	static
../Drivers/STM32F4xx_HAL_Driver/Src/stm32f4xx_hal_tim.c:4809:19:HAL_TIM_DMABurst_ReadStart	40	static
../Drivers/STM32F4xx_HAL_Driver/Src/stm32f4xx_hal_tim.c:4860:19:HAL_TIM_DMABurst_MultiReadStart	32	static
../Drivers/STM32F4xx_HAL_Driver/Src/stm32f4xx_hal_tim.c:5044:19:HAL_TIM_DMABurst_ReadStop	24	static
../Drivers/STM32F4xx_HAL_Driver/Src/stm32f4xx_hal_tim.c:5127:19:HAL_TIM_GenerateEvent	16	static
../Drivers/STM32F4xx_HAL_Driver/Src/stm32f4xx_hal_tim.c:5164:19:HAL_TIM_ConfigOCrefClear	32	static
../Drivers/STM32F4xx_HAL_Driver/Src/stm32f4xx_hal_tim.c:5294:19:HAL_TIM_ConfigClockSource	24	static
../Drivers/STM32F4xx_HAL_Driver/Src/stm32f4xx_hal_tim.c:5448:19:HAL_TIM_ConfigTI1Input	24	static
../Drivers/STM32F4xx_HAL_Driver/Src/stm32f4xx_hal_tim.c:5480:19:HAL_TIM_SlaveConfigSynchro	16	static
../Drivers/STM32F4xx_HAL_Driver/Src/stm32f4xx_hal_tim.c:5520:19:HAL_TIM_SlaveConfigSynchro_IT	16	static
../Drivers/STM32F4xx_HAL_Driver/Src/stm32f4xx_hal_tim.c:5563:10:HAL_TIM_ReadCapturedValue	24	static
../Drivers/STM32F4xx_HAL_Driver/Src/stm32f4xx_hal_tim.c:5647:13:HAL_TIM_PeriodElapsedCallback	16	static
../Drivers/STM32F4xx_HAL_Driver/Src/stm32f4xx_hal_tim.c:5662:13:HAL_TIM_PeriodElapsedHalfCpltCallback	16	static
../Drivers/STM32F4xx_HAL_Driver/Src/stm32f4xx_hal_tim.c:5677:13:HAL_TIM_OC_DelayElapsedCallback	16	static
../Drivers/STM32F4xx_HAL_Driver/Src/stm32f4xx_hal_tim.c:5692:13:HAL_TIM_IC_CaptureCallback	16	static
../Drivers/STM32F4xx_HAL_Driver/Src/stm32f4xx_hal_tim.c:5707:13:HAL_TIM_IC_CaptureHalfCpltCallback	16	static
../Drivers/STM32F4xx_HAL_Driver/Src/stm32f4xx_hal_tim.c:5722:13:HAL_TIM_PWM_PulseFinishedCallback	16	static
../Drivers/STM32F4xx_HAL_Driver/Src/stm32f4xx_hal_tim.c:5737:13:HAL_TIM_PWM_PulseFinishedHalfCpltCallback	16	static
../Drivers/STM32F4xx_HAL_Driver/Src/stm32f4xx_hal_tim.c:5752:13:HAL_TIM_TriggerCallback	16	static
../Drivers/STM32F4xx_HAL_Driver/Src/stm32f4xx_hal_tim.c:5767:13:HAL_TIM_TriggerHalfCpltCallback	16	static
../Drivers/STM32F4xx_HAL_Driver/Src/stm32f4xx_hal_tim.c:5782:13:HAL_TIM_ErrorCallback	16	static
../Drivers/STM32F4xx_HAL_Driver/Src/stm32f4xx_hal_tim.c:6340:22:HAL_TIM_Base_GetState	16	static
../Drivers/STM32F4xx_HAL_Driver/Src/stm32f4xx_hal_tim.c:6350:22:HAL_TIM_OC_GetState	16	static
../Drivers/STM32F4xx_HAL_Driver/Src/stm32f4xx_hal_tim.c:6360:22:HAL_TIM_PWM_GetState	16	static
../Drivers/STM32F4xx_HAL_Driver/Src/stm32f4xx_hal_tim.c:6370:22:HAL_TIM_IC_GetState	16	static
../Drivers/STM32F4xx_HAL_Driver/Src/stm32f4xx_hal_tim.c:6380:22:HAL_TIM_OnePulse_GetState	16	static
../Drivers/STM32F4xx_HAL_Driver/Src/stm32f4xx_hal_tim.c:6390:22:HAL_TIM_Encoder_GetState	16	static
../Drivers/STM32F4xx_HAL_Driver/Src/stm32f4xx_hal_tim.c:6400:23:HAL_TIM_GetActiveChannel	16	static
../Drivers/STM32F4xx_HAL_Driver/Src/stm32f4xx_hal_tim.c:6418:29:HAL_TIM_GetChannelState	24	static
../Drivers/STM32F4xx_HAL_Driver/Src/stm32f4xx_hal_tim.c:6435:30:HAL_TIM_DMABurstState	16	static
../Drivers/STM32F4xx_HAL_Driver/Src/stm32f4xx_hal_tim.c:6460:6:TIM_DMAError	24	static
../Drivers/STM32F4xx_HAL_Driver/Src/stm32f4xx_hal_tim.c:6503:13:TIM_DMADelayPulseCplt	24	static
../Drivers/STM32F4xx_HAL_Driver/Src/stm32f4xx_hal_tim.c:6562:6:TIM_DMADelayPulseHalfCplt	24	static
../Drivers/STM32F4xx_HAL_Driver/Src/stm32f4xx_hal_tim.c:6601:6:TIM_DMACaptureCplt	24	static
../Drivers/STM32F4xx_HAL_Driver/Src/stm32f4xx_hal_tim.c:6664:6:TIM_DMACaptureHalfCplt	24	static
../Drivers/STM32F4xx_HAL_Driver/Src/stm32f4xx_hal_tim.c:6703:13:TIM_DMAPeriodElapsedCplt	24	static
../Drivers/STM32F4xx_HAL_Driver/Src/stm32f4xx_hal_tim.c:6724:13:TIM_DMAPeriodElapsedHalfCplt	24	static
../Drivers/STM32F4xx_HAL_Driver/Src/stm32f4xx_hal_tim.c:6740:13:TIM_DMATriggerCplt	24	static
../Drivers/STM32F4xx_HAL_Driver/Src/stm32f4xx_hal_tim.c:6761:13:TIM_DMATriggerHalfCplt	24	static
../Drivers/STM32F4xx_HAL_Driver/Src/stm32f4xx_hal_tim.c:6778:6:TIM_Base_SetConfig	24	static
../Drivers/STM32F4xx_HAL_Driver/Src/stm32f4xx_hal_tim.c:6826:13:TIM_OC1_SetConfig	32	static
../Drivers/STM32F4xx_HAL_Driver/Src/stm32f4xx_hal_tim.c:6901:6:TIM_OC2_SetConfig	32	static
../Drivers/STM32F4xx_HAL_Driver/Src/stm32f4xx_hal_tim.c:6977:13:TIM_OC3_SetConfig	32	static
../Drivers/STM32F4xx_HAL_Driver/Src/stm32f4xx_hal_tim.c:7051:13:TIM_OC4_SetConfig	32	static
../Drivers/STM32F4xx_HAL_Driver/Src/stm32f4xx_hal_tim.c:7111:26:TIM_SlaveTimer_SetConfig	32	static
../Drivers/STM32F4xx_HAL_Driver/Src/stm32f4xx_hal_tim.c:7245:6:TIM_TI1_SetConfig	32	static
../Drivers/STM32F4xx_HAL_Driver/Src/stm32f4xx_hal_tim.c:7292:13:TIM_TI1_ConfigInputStage	32	static
../Drivers/STM32F4xx_HAL_Driver/Src/stm32f4xx_hal_tim.c:7335:13:TIM_TI2_SetConfig	32	static
../Drivers/STM32F4xx_HAL_Driver/Src/stm32f4xx_hal_tim.c:7375:13:TIM_TI2_ConfigInputStage	32	static
../Drivers/STM32F4xx_HAL_Driver/Src/stm32f4xx_hal_tim.c:7418:13:TIM_TI3_SetConfig	32	static
../Drivers/STM32F4xx_HAL_Driver/Src/stm32f4xx_hal_tim.c:7466:13:TIM_TI4_SetConfig	32	static
../Drivers/STM32F4xx_HAL_Driver/Src/stm32f4xx_hal_tim.c:7509:13:TIM_ITRx_SetConfig	24	static
../Drivers/STM32F4xx_HAL_Driver/Src/stm32f4xx_hal_tim.c:7539:6:TIM_ETR_SetConfig	32	static
../Drivers/STM32F4xx_HAL_Driver/Src/stm32f4xx_hal_tim.c:7569:6:TIM_CCxChannelCmd	32	static
