../Drivers/STM32F4xx_HAL_Driver/Src/stm32f4xx_hal_spi.c:311:19:HAL_SPI_Init	16	static
../Drivers/STM32F4xx_HAL_Driver/Src/stm32f4xx_hal_spi.c:437:19:HAL_SPI_DeInit	16	static
../Drivers/STM32F4xx_HAL_Driver/Src/stm32f4xx_hal_spi.c:481:13:HAL_SPI_MspInit	16	static
../Drivers/STM32F4xx_HAL_Driver/Src/stm32f4xx_hal_spi.c:497:13:HAL_SPI_MspDeInit	16	static
../Drivers/STM32F4xx_HAL_Driver/Src/stm32f4xx_hal_spi.c:769:19:HAL_SPI_Transmit	40	static
../Drivers/STM32F4xx_HAL_Driver/Src/stm32f4xx_hal_spi.c:939:19:HAL_SPI_Receive	40	static
../Drivers/STM32F4xx_HAL_Driver/Src/stm32f4xx_hal_spi.c:1142:19:HAL_SPI_TransmitReceive	56	static
../Drivers/STM32F4xx_HAL_Driver/Src/stm32f4xx_hal_spi.c:1376:19:HAL_SPI_Transmit_IT	32	static
../Drivers/STM32F4xx_HAL_Driver/Src/stm32f4xx_hal_spi.c:1462:19:HAL_SPI_Receive_IT	32	static
../Drivers/STM32F4xx_HAL_Driver/Src/stm32f4xx_hal_spi.c:1558:19:HAL_SPI_TransmitReceive_IT	32	static
../Drivers/STM32F4xx_HAL_Driver/Src/stm32f4xx_hal_spi.c:1647:19:HAL_SPI_Transmit_DMA	32	static
../Drivers/STM32F4xx_HAL_Driver/Src/stm32f4xx_hal_spi.c:1754:19:HAL_SPI_Receive_DMA	32	static
../Drivers/STM32F4xx_HAL_Driver/Src/stm32f4xx_hal_spi.c:1868:19:HAL_SPI_TransmitReceive_DMA	32	static
../Drivers/STM32F4xx_HAL_Driver/Src/stm32f4xx_hal_spi.c:2012:19:HAL_SPI_Abort	40	static
../Drivers/STM32F4xx_HAL_Driver/Src/stm32f4xx_hal_spi.c:2157:19:HAL_SPI_Abort_IT	40	static
../Drivers/STM32F4xx_HAL_Driver/Src/stm32f4xx_hal_spi.c:2318:19:HAL_SPI_DMAPause	16	static
../Drivers/STM32F4xx_HAL_Driver/Src/stm32f4xx_hal_spi.c:2338:19:HAL_SPI_DMAResume	16	static
../Drivers/STM32F4xx_HAL_Driver/Src/stm32f4xx_hal_spi.c:2358:19:HAL_SPI_DMAStop	24	static
../Drivers/STM32F4xx_HAL_Driver/Src/stm32f4xx_hal_spi.c:2398:6:HAL_SPI_IRQHandler	40	static
../Drivers/STM32F4xx_HAL_Driver/Src/stm32f4xx_hal_spi.c:2505:13:HAL_SPI_TxCpltCallback	16	static
../Drivers/STM32F4xx_HAL_Driver/Src/stm32f4xx_hal_spi.c:2521:13:HAL_SPI_RxCpltCallback	16	static
../Drivers/STM32F4xx_HAL_Driver/Src/stm32f4xx_hal_spi.c:2537:13:HAL_SPI_TxRxCpltCallback	16	static
../Drivers/STM32F4xx_HAL_Driver/Src/stm32f4xx_hal_spi.c:2553:13:HAL_SPI_TxHalfCpltCallback	16	static
../Drivers/STM32F4xx_HAL_Driver/Src/stm32f4xx_hal_spi.c:2569:13:HAL_SPI_RxHalfCpltCallback	16	static
../Drivers/STM32F4xx_HAL_Driver/Src/stm32f4xx_hal_spi.c:2585:13:HAL_SPI_TxRxHalfCpltCallback	16	static
../Drivers/STM32F4xx_HAL_Driver/Src/stm32f4xx_hal_spi.c:2601:13:HAL_SPI_ErrorCallback	16	static
../Drivers/STM32F4xx_HAL_Driver/Src/stm32f4xx_hal_spi.c:2619:13:HAL_SPI_AbortCpltCallback	16	static
../Drivers/STM32F4xx_HAL_Driver/Src/stm32f4xx_hal_spi.c:2654:22:HAL_SPI_GetState	16	static
../Drivers/STM32F4xx_HAL_Driver/Src/stm32f4xx_hal_spi.c:2666:10:HAL_SPI_GetError	16	static
../Drivers/STM32F4xx_HAL_Driver/Src/stm32f4xx_hal_spi.c:2691:13:SPI_DMATransmitCplt	32	static
../Drivers/STM32F4xx_HAL_Driver/Src/stm32f4xx_hal_spi.c:2748:13:SPI_DMAReceiveCplt	24	static
../Drivers/STM32F4xx_HAL_Driver/Src/stm32f4xx_hal_spi.c:2837:13:SPI_DMATransmitReceiveCplt	24	static
../Drivers/STM32F4xx_HAL_Driver/Src/stm32f4xx_hal_spi.c:2917:13:SPI_DMAHalfTransmitCplt	24	static
../Drivers/STM32F4xx_HAL_Driver/Src/stm32f4xx_hal_spi.c:2935:13:SPI_DMAHalfReceiveCplt	24	static
../Drivers/STM32F4xx_HAL_Driver/Src/stm32f4xx_hal_spi.c:2953:13:SPI_DMAHalfTransmitReceiveCplt	24	static
../Drivers/STM32F4xx_HAL_Driver/Src/stm32f4xx_hal_spi.c:2971:13:SPI_DMAError	24	static
../Drivers/STM32F4xx_HAL_Driver/Src/stm32f4xx_hal_spi.c:2994:13:SPI_DMAAbortOnError	24	static
../Drivers/STM32F4xx_HAL_Driver/Src/stm32f4xx_hal_spi.c:3016:13:SPI_DMATxAbortCallback	32	static
../Drivers/STM32F4xx_HAL_Driver/Src/stm32f4xx_hal_spi.c:3081:13:SPI_DMARxAbortCallback	32	static
../Drivers/STM32F4xx_HAL_Driver/Src/stm32f4xx_hal_spi.c:3140:13:SPI_2linesRxISR_8BIT	16	static
../Drivers/STM32F4xx_HAL_Driver/Src/stm32f4xx_hal_spi.c:3203:13:SPI_2linesTxISR_8BIT	16	static
../Drivers/STM32F4xx_HAL_Driver/Src/stm32f4xx_hal_spi.c:3239:13:SPI_2linesRxISR_16BIT	16	static
../Drivers/STM32F4xx_HAL_Driver/Src/stm32f4xx_hal_spi.c:3295:13:SPI_2linesTxISR_16BIT	16	static
../Drivers/STM32F4xx_HAL_Driver/Src/stm32f4xx_hal_spi.c:3355:13:SPI_RxISR_8BIT	16	static
../Drivers/STM32F4xx_HAL_Driver/Src/stm32f4xx_hal_spi.c:3411:13:SPI_RxISR_16BIT	16	static
../Drivers/STM32F4xx_HAL_Driver/Src/stm32f4xx_hal_spi.c:3444:13:SPI_TxISR_8BIT	16	static
../Drivers/STM32F4xx_HAL_Driver/Src/stm32f4xx_hal_spi.c:3469:13:SPI_TxISR_16BIT	16	static
../Drivers/STM32F4xx_HAL_Driver/Src/stm32f4xx_hal_spi.c:3499:26:SPI_WaitFlagStateUntilTimeout	40	static
../Drivers/STM32F4xx_HAL_Driver/Src/stm32f4xx_hal_spi.c:3566:26:SPI_EndRxTransaction	32	static
../Drivers/STM32F4xx_HAL_Driver/Src/stm32f4xx_hal_spi.c:3616:26:SPI_EndRxTxTransaction	40	static
../Drivers/STM32F4xx_HAL_Driver/Src/stm32f4xx_hal_spi.c:3656:13:SPI_CloseRxTx_ISR	32	static
../Drivers/STM32F4xx_HAL_Driver/Src/stm32f4xx_hal_spi.c:3751:13:SPI_CloseRx_ISR	24	static
../Drivers/STM32F4xx_HAL_Driver/Src/stm32f4xx_hal_spi.c:3814:13:SPI_CloseTx_ISR	32	static
../Drivers/STM32F4xx_HAL_Driver/Src/stm32f4xx_hal_spi.c:3875:13:SPI_AbortRx_ISR	24	static
../Drivers/STM32F4xx_HAL_Driver/Src/stm32f4xx_hal_spi.c:3911:13:SPI_AbortTx_ISR	16	static
