/opt/st/stm32cubeide_1.13.2/plugins/com.st.stm32cube.ide.mcu.externaltools.gnu-tools-for-stm32.11.3.rel1.linux64_1.1.1.202309131626/tools/arm-none-eabi/include/c++/11.3.1/arm-none-eabi/thumb/v7e-m+fp/hard/bits/gthr-default.h:229:1:int __gthread_key_delete(__gthread_key_t)	16	static
../Core/Inc/XNucleoIHM02A1.h:30:2:XNucleoIHM02A1::XNucleoIHM02A1(L6470_init_t*, L6470_init_t*, SPI_HandleTypeDef*, GPIO_TypeDef*, uint16_t, GPIO_TypeDef*, uint16_t)	56	static
../Core/Inc/XNucleoIHM02A1.h:90:10:bool XNucleoIHM02A1::init() const	16	static
../Core/Inc/XNucleoIHM02A1.h:116:21:abstractL6470** XNucleoIHM02A1::get_motor_drivers() const	16	static
../Core/Inc/XNucleoIHM02A1.h:128:15:uint32_t* XNucleoIHM02A1::perform_prepared_actions()	40	static
../Core/Inc/XNucleoIHM02A1.h:159:10:bool XNucleoIHM02A1::init_all_motor_drivers() const	24	static
../Core/Src/BlocMoteurs.cpp:16:1:BlocMoteurs::BlocMoteurs(SPI_HandleTypeDef*, GPIO_TypeDef*, uint16_t, GPIO_TypeDef*, uint16_t, GPIO_TypeDef*, uint16_t, GPIO_TypeDef*, uint16_t)	56	static
../Core/Src/BlocMoteurs.cpp:49:7:float BlocMoteurs::rad_to_step(float)	16	static
../Core/Src/BlocMoteurs.cpp:53:7:float BlocMoteurs::step_to_rad(unsigned int)	16	static
../Core/Src/BlocMoteurs.cpp:62:1:BlocMoteurs::~BlocMoteurs()	16	static
../Core/Src/BlocMoteurs.cpp:75:6:void BlocMoteurs::commande_vitesses_normalisees(float, float, float, float)	88	static
../Core/Src/BlocMoteurs.cpp:122:6:void BlocMoteurs::set_vitesse_moteur(unsigned int, StepperMotor::direction_t, id_moteurs)	24	static
../Core/Src/BlocMoteurs.cpp:142:6:void BlocMoteurs::commande_vitesses_absolues(float, float, float, float)	48	static
../Core/Src/BlocMoteurs.cpp:158:6:void BlocMoteurs::commande_step(unsigned int, StepperMotor::direction_t, StepperMotor::direction_t, StepperMotor::direction_t, StepperMotor::direction_t)	24	static
../Core/Src/BlocMoteurs.cpp:176:6:void BlocMoteurs::set_step_moteur(unsigned int, StepperMotor::direction_t, id_moteurs)	24	static
../Core/Src/BlocMoteurs.cpp:193:6:void BlocMoteurs::avancer_step(unsigned int)	24	static
../Core/Src/BlocMoteurs.cpp:204:6:void BlocMoteurs::reculer_step(unsigned int)	24	static
../Core/Src/BlocMoteurs.cpp:214:6:void BlocMoteurs::gauche_step(unsigned int)	24	static
../Core/Src/BlocMoteurs.cpp:230:6:void BlocMoteurs::droite_step(unsigned int)	24	static
../Core/Src/BlocMoteurs.cpp:243:6:void BlocMoteurs::avancer_vitesse_abs(float)	32	static
../Core/Src/BlocMoteurs.cpp:253:6:void BlocMoteurs::reculer_vitesse_abs(float)	32	static
../Core/Src/BlocMoteurs.cpp:263:6:void BlocMoteurs::gauche_vitesse_abs(float)	32	static
../Core/Src/BlocMoteurs.cpp:278:6:void BlocMoteurs::droite_vitesse_abs(float)	32	static
../Core/Src/BlocMoteurs.cpp:294:6:void BlocMoteurs::avancer_vitesse_normalisee(float)	16	static
../Core/Src/BlocMoteurs.cpp:304:6:void BlocMoteurs::reculer_vitesse_normalisee(float)	16	static
../Core/Src/BlocMoteurs.cpp:314:6:void BlocMoteurs::gauche_vitesse_normalisee(float)	16	static
../Core/Src/BlocMoteurs.cpp:329:6:void BlocMoteurs::droite_vitesse_normalisee(float)	16	static
../Core/Src/BlocMoteurs.cpp:347:6:bool BlocMoteurs::set_microstepping_mode(StepperMotor::step_mode_t)	24	static
../Core/Src/BlocMoteurs.cpp:370:6:void BlocMoteurs::motors_on()	16	static
../Core/Src/BlocMoteurs.cpp:381:6:void BlocMoteurs::motors_stop_soft_hiz()	24	static
../Core/Src/BlocMoteurs.cpp:400:6:void BlocMoteurs::motors_stop_hard_hiz()	24	static
../Core/Src/BlocMoteurs.cpp:420:6:void BlocMoteurs::motors_stop_soft()	24	static
../Core/Src/BlocMoteurs.cpp:439:6:void BlocMoteurs::motors_stop_hard()	24	static
../Core/Src/BlocMoteurs.cpp:457:6:void BlocMoteurs::step_ceil()	24	static
../Core/Src/BlocMoteurs.cpp:482:6:void BlocMoteurs::set_max_speed_moteurs(float)	24	static
../Core/Src/BlocMoteurs.cpp:503:6:void BlocMoteurs::set_min_speed_moteurs(float)	24	static
../Core/Src/BlocMoteurs.cpp:523:6:void BlocMoteurs::set_max_acc_moteurs(float)	24	static
../Core/Src/BlocMoteurs.cpp:543:6:void BlocMoteurs::set_max_dec_moteurs(float)	24	static
../Core/Src/BlocMoteurs.cpp:564:8:float* BlocMoteurs::mesure_vitesses_rad()	32	static
../Core/Src/BlocMoteurs.cpp:598:12:uint32_t* BlocMoteurs::mesure_vitesses_step()	32	static
../Core/Inc/L6470.h:244:5:L6470<shield_x>::L6470(GPIO_TypeDef*, uint16_t, GPIO_TypeDef*, uint16_t, SPI_HandleTypeDef*) [with shield_x = shield_1]	24	static
../Core/Inc/L6470.h:244:5:L6470<shield_x>::L6470(GPIO_TypeDef*, uint16_t, GPIO_TypeDef*, uint16_t, SPI_HandleTypeDef*) [with shield_x = shield_2]	24	static
../Core/Inc/L6470.h:244:5:L6470<shield_x>::L6470(GPIO_TypeDef*, uint16_t, GPIO_TypeDef*, uint16_t, SPI_HandleTypeDef*) [with shield_x = shield_3]	24	static
/opt/st/stm32cubeide_1.13.2/plugins/com.st.stm32cube.ide.mcu.externaltools.gnu-tools-for-stm32.11.3.rel1.linux64_1.1.1.202309131626/tools/arm-none-eabi/include/c++/11.3.1/bits/stl_algobase.h:230:5:constexpr const _Tp& std::min(const _Tp&, const _Tp&) [with _Tp = float]	16	static
/opt/st/stm32cubeide_1.13.2/plugins/com.st.stm32cube.ide.mcu.externaltools.gnu-tools-for-stm32.11.3.rel1.linux64_1.1.1.202309131626/tools/arm-none-eabi/include/c++/11.3.1/bits/stl_algobase.h:254:5:constexpr const _Tp& std::max(const _Tp&, const _Tp&) [with _Tp = float]	16	static
../Core/Inc/L6470.h:282:5:L6470<shield_x>::~L6470() [with shield_x = shield_3]	16	static
../Core/Inc/L6470.h:282:5:L6470<shield_x>::~L6470() [with shield_x = shield_3]	16	static
../Core/Inc/L6470.h:282:5:L6470<shield_x>::~L6470() [with shield_x = shield_2]	16	static
../Core/Inc/L6470.h:282:5:L6470<shield_x>::~L6470() [with shield_x = shield_2]	16	static
../Core/Inc/L6470.h:282:5:L6470<shield_x>::~L6470() [with shield_x = shield_1]	16	static
../Core/Inc/L6470.h:282:5:L6470<shield_x>::~L6470() [with shield_x = shield_1]	16	static
../Core/Inc/L6470.h:292:17:int L6470<shield_x>::init(void*) [with shield_x = shield_3]	16	static
../Core/Inc/L6470.h:302:26:unsigned int L6470<shield_x>::get_status() [with shield_x = shield_3]	16	static
../Core/Inc/L6470.h:338:26:unsigned int L6470<shield_x>::get_parameter(unsigned int) [with shield_x = shield_3]	16	static
../Core/Inc/L6470.h:348:24:int L6470<shield_x>::get_position() [with shield_x = shield_3]	24	static
../Core/Inc/L6470.h:358:24:int L6470<shield_x>::get_mark() [with shield_x = shield_3]	24	static
../Core/Inc/L6470.h:368:26:unsigned int L6470<shield_x>::get_speed() [with shield_x = shield_3]	24	static
../Core/Inc/L6470.h:378:26:unsigned int L6470<shield_x>::get_max_speed() [with shield_x = shield_3]	24	static
../Core/Inc/L6470.h:388:26:unsigned int L6470<shield_x>::get_min_speed() [with shield_x = shield_3]	24	static
../Core/Inc/L6470.h:398:26:unsigned int L6470<shield_x>::get_acceleration() [with shield_x = shield_3]	24	static
../Core/Inc/L6470.h:408:26:unsigned int L6470<shield_x>::get_deceleration() [with shield_x = shield_3]	24	static
../Core/Inc/L6470.h:418:39:StepperMotor::direction_t L6470<shield_x>::get_direction() [with shield_x = shield_3]	16	static
../Core/Inc/L6470.h:478:18:void L6470<shield_x>::set_parameter(unsigned int, unsigned int) [with shield_x = shield_3]	24	static
../Core/Inc/L6470.h:488:18:void L6470<shield_x>::set_home() [with shield_x = shield_3]	16	static
../Core/Inc/L6470.h:498:18:void L6470<shield_x>::set_mark() [with shield_x = shield_3]	24	static
../Core/Inc/L6470.h:508:18:void L6470<shield_x>::set_mark(int) [with shield_x = shield_3]	24	static
../Core/Inc/L6470.h:518:18:bool L6470<shield_x>::set_max_speed(unsigned int) [with shield_x = shield_3]	24	static
../Core/Inc/L6470.h:529:18:bool L6470<shield_x>::set_min_speed(unsigned int) [with shield_x = shield_3]	24	static
../Core/Inc/L6470.h:540:18:bool L6470<shield_x>::set_acceleration(unsigned int) [with shield_x = shield_3]	24	static
../Core/Inc/L6470.h:551:18:bool L6470<shield_x>::set_deceleration(unsigned int) [with shield_x = shield_3]	24	static
../Core/Inc/L6470.h:566:18:bool L6470<shield_x>::set_step_mode(StepperMotor::step_mode_t) [with shield_x = shield_3]	16	static
../Core/Inc/L6470.h:581:18:void L6470<shield_x>::go_to(int) [with shield_x = shield_3]	24	static
../Core/Inc/L6470.h:592:18:void L6470<shield_x>::go_to(int, StepperMotor::direction_t) [with shield_x = shield_3]	32	static
../Core/Inc/L6470.h:602:18:void L6470<shield_x>::go_home() [with shield_x = shield_3]	16	static
../Core/Inc/L6470.h:612:18:void L6470<shield_x>::go_mark() [with shield_x = shield_3]	16	static
../Core/Inc/L6470.h:629:18:void L6470<shield_x>::go_until(eL6470_ActId_t, StepperMotor::direction_t, unsigned int) [with shield_x = shield_3]	32	static
../Core/Inc/L6470.h:639:18:void L6470<shield_x>::run(StepperMotor::direction_t) [with shield_x = shield_3]	24	static
../Core/Inc/L6470.h:650:18:void L6470<shield_x>::run(StepperMotor::direction_t, unsigned int) [with shield_x = shield_3]	32	static
../Core/Inc/L6470.h:661:18:void L6470<shield_x>::move(StepperMotor::direction_t, unsigned int) [with shield_x = shield_3]	24	static
../Core/Inc/L6470.h:672:18:void L6470<shield_x>::soft_stop() [with shield_x = shield_3]	16	static
../Core/Inc/L6470.h:682:18:void L6470<shield_x>::hard_stop() [with shield_x = shield_3]	16	static
../Core/Inc/L6470.h:693:18:void L6470<shield_x>::soft_hiz() [with shield_x = shield_3]	16	static
../Core/Inc/L6470.h:703:18:void L6470<shield_x>::hard_hiz() [with shield_x = shield_3]	16	static
../Core/Inc/L6470.h:713:18:void L6470<shield_x>::wait_while_active() [with shield_x = shield_3]	16	static
../Core/Inc/L6470.h:725:18:void L6470<shield_x>::step_clock(StepperMotor::direction_t) [with shield_x = shield_3]	16	static
../Core/Inc/L6470.h:741:18:void L6470<shield_x>::release_sw(eL6470_ActId_t, StepperMotor::direction_t) [with shield_x = shield_3]	16	static
../Core/Inc/L6470.h:751:18:void L6470<shield_x>::reset_device() [with shield_x = shield_3]	16	static
../Core/Inc/L6470.h:762:18:void L6470<shield_x>::prepare_get_status() [with shield_x = shield_3]	16	static
../Core/Inc/L6470.h:800:18:void L6470<shield_x>::prepare_get_parameter(unsigned int) [with shield_x = shield_3]	16	static
../Core/Inc/L6470.h:812:18:void L6470<shield_x>::prepare_get_position() [with shield_x = shield_3]	16	static
../Core/Inc/L6470.h:824:18:void L6470<shield_x>::prepare_get_mark() [with shield_x = shield_3]	16	static
../Core/Inc/L6470.h:836:18:void L6470<shield_x>::prepare_get_speed() [with shield_x = shield_3]	16	static
../Core/Inc/L6470.h:848:18:void L6470<shield_x>::prepare_get_max_speed() [with shield_x = shield_3]	16	static
../Core/Inc/L6470.h:860:18:void L6470<shield_x>::prepare_get_min_speed() [with shield_x = shield_3]	16	static
../Core/Inc/L6470.h:872:18:void L6470<shield_x>::prepare_get_acceleration() [with shield_x = shield_3]	16	static
../Core/Inc/L6470.h:884:18:void L6470<shield_x>::prepare_get_deceleration() [with shield_x = shield_3]	16	static
../Core/Inc/L6470.h:896:18:void L6470<shield_x>::prepare_get_direction() [with shield_x = shield_3]	16	static
../Core/Inc/L6470.h:963:18:void L6470<shield_x>::prepare_set_parameter(unsigned int, unsigned int) [with shield_x = shield_3]	24	static
../Core/Inc/L6470.h:976:18:void L6470<shield_x>::prepare_set_home() [with shield_x = shield_3]	16	static
../Core/Inc/L6470.h:989:18:void L6470<shield_x>::prepare_set_mark() [with shield_x = shield_3]	16	static
../Core/Inc/L6470.h:1007:18:void L6470<shield_x>::prepare_set_mark(int) [with shield_x = shield_3]	24	static
../Core/Inc/L6470.h:1019:18:void L6470<shield_x>::prepare_set_speed(unsigned int) [with shield_x = shield_3]	24	static
../Core/Inc/L6470.h:1031:18:void L6470<shield_x>::prepare_set_max_speed(unsigned int) [with shield_x = shield_3]	24	static
../Core/Inc/L6470.h:1043:18:void L6470<shield_x>::prepare_set_min_speed(unsigned int) [with shield_x = shield_3]	24	static
../Core/Inc/L6470.h:1055:18:void L6470<shield_x>::prepare_set_acceleration(unsigned int) [with shield_x = shield_3]	24	static
../Core/Inc/L6470.h:1067:18:void L6470<shield_x>::prepare_set_deceleration(unsigned int) [with shield_x = shield_3]	24	static
../Core/Inc/L6470.h:1079:18:void L6470<shield_x>::prepare_go_to(int) [with shield_x = shield_3]	24	static
../Core/Inc/L6470.h:1093:18:void L6470<shield_x>::prepare_go_to(int, StepperMotor::direction_t) [with shield_x = shield_3]	32	static
../Core/Inc/L6470.h:1105:18:void L6470<shield_x>::prepare_go_home() [with shield_x = shield_3]	16	static
../Core/Inc/L6470.h:1117:18:void L6470<shield_x>::prepare_go_mark() [with shield_x = shield_3]	16	static
../Core/Inc/L6470.h:1136:18:void L6470<shield_x>::prepare_go_until(eL6470_ActId_t, StepperMotor::direction_t, unsigned int) [with shield_x = shield_3]	32	static
../Core/Inc/L6470.h:1149:18:void L6470<shield_x>::prepare_run(StepperMotor::direction_t) [with shield_x = shield_3]	24	static
../Core/Inc/L6470.h:1163:18:void L6470<shield_x>::prepare_run(StepperMotor::direction_t, unsigned int) [with shield_x = shield_3]	32	static
../Core/Inc/L6470.h:1177:18:void L6470<shield_x>::prepare_move(StepperMotor::direction_t, unsigned int) [with shield_x = shield_3]	24	static
../Core/Inc/L6470.h:1189:18:void L6470<shield_x>::prepare_soft_stop() [with shield_x = shield_3]	16	static
../Core/Inc/L6470.h:1201:18:void L6470<shield_x>::prepare_hard_stop() [with shield_x = shield_3]	16	static
../Core/Inc/L6470.h:1215:18:void L6470<shield_x>::prepare_soft_hiz() [with shield_x = shield_3]	16	static
../Core/Inc/L6470.h:1227:18:void L6470<shield_x>::prepare_hard_hiz() [with shield_x = shield_3]	16	static
../Core/Inc/L6470.h:1241:18:void L6470<shield_x>::prepare_step_clock(StepperMotor::direction_t) [with shield_x = shield_3]	16	static
../Core/Inc/L6470.h:1259:18:void L6470<shield_x>::prepare_release_sw(eL6470_ActId_t, StepperMotor::direction_t) [with shield_x = shield_3]	16	static
../Core/Inc/L6470.h:1271:18:void L6470<shield_x>::prepare_reset_device() [with shield_x = shield_3]	16	static
../Core/Inc/L6470.h:1283:14:uint8_t* L6470<shield_x>::perform_prepared_actions() [with shield_x = shield_3]	16	static
../Core/Inc/L6470.h:1293:23:prepared_action_t L6470<shield_x>::get_prepared_action() [with shield_x = shield_3]	16	static
../Core/Inc/L6470.h:1304:13:int32_t L6470<shield_x>::get_result(uint8_t*) [with shield_x = shield_3]	24	static
../Core/Inc/L6470.h:1349:10:void L6470<shield_x>::L6470_DISABLE() [with shield_x = shield_3]	16	static
../Core/Inc/L6470.tpp:329:9:int32_t L6470<shield_x>::L6470_AbsPos_2_Position(uint32_t) [with shield_x = shield_3]	16	static
../Core/Inc/L6470.tpp:344:10:uint32_t L6470<shield_x>::L6470_Position_2_AbsPos(int32_t) [with shield_x = shield_3]	16	static
../Core/Inc/L6470.tpp:364:7:float L6470<shield_x>::L6470_Speed_2_Step_s(uint32_t) [with shield_x = shield_3]	16	static
../Core/Inc/L6470.tpp:376:10:uint32_t L6470<shield_x>::L6470_Step_s_2_Speed(float) [with shield_x = shield_3]	16	static
../Core/Inc/L6470.tpp:391:7:float L6470<shield_x>::L6470_Acc_2_Step_s2(uint16_t) [with shield_x = shield_3]	16	static
../Core/Inc/L6470.tpp:406:10:uint16_t L6470<shield_x>::L6470_Step_s2_2_Acc(float) [with shield_x = shield_3]	16	static
../Core/Inc/L6470.tpp:421:7:float L6470<shield_x>::L6470_Dec_2_Step_s2(uint16_t) [with shield_x = shield_3]	16	static
../Core/Inc/L6470.tpp:436:10:uint16_t L6470<shield_x>::L6470_Step_s2_2_Dec(float) [with shield_x = shield_3]	16	static
../Core/Inc/L6470.tpp:451:7:float L6470<shield_x>::L6470_MaxSpeed_2_Step_s(uint16_t) [with shield_x = shield_3]	16	static
../Core/Inc/L6470.tpp:466:10:uint16_t L6470<shield_x>::L6470_Step_s_2_MaxSpeed(float) [with shield_x = shield_3]	16	static
../Core/Inc/L6470.tpp:481:7:float L6470<shield_x>::L6470_MinSpeed_2_Step_s(uint16_t) [with shield_x = shield_3]	16	static
../Core/Inc/L6470.tpp:496:10:uint16_t L6470<shield_x>::L6470_Step_s_2_MinSpeed(float) [with shield_x = shield_3]	16	static
../Core/Inc/L6470.tpp:511:7:float L6470<shield_x>::L6470_FsSpd_2_Step_s(uint16_t) [with shield_x = shield_3]	16	static
../Core/Inc/L6470.tpp:526:10:uint16_t L6470<shield_x>::L6470_Step_s_2_FsSpd(float) [with shield_x = shield_3]	16	static
../Core/Inc/L6470.tpp:541:7:float L6470<shield_x>::L6470_IntSpeed_2_Step_s(uint16_t) [with shield_x = shield_3]	16	static
../Core/Inc/L6470.tpp:556:10:uint16_t L6470<shield_x>::L6470_Step_s_2_IntSpeed(float) [with shield_x = shield_3]	16	static
../Core/Inc/L6470.tpp:571:7:float L6470<shield_x>::L6470_StSlp_2_s_Step(uint8_t) [with shield_x = shield_3]	16	static
../Core/Inc/L6470.tpp:586:9:uint8_t L6470<shield_x>::L6470_s_Step_2_StSlp(float) [with shield_x = shield_3]	24	static
../Core/Inc/L6470.tpp:601:7:float L6470<shield_x>::L6470_FnSlpAcc_2_s_Step(uint8_t) [with shield_x = shield_3]	16	static
../Core/Inc/L6470.tpp:616:9:uint8_t L6470<shield_x>::L6470_s_Step_2_FnSlpAcc(float) [with shield_x = shield_3]	24	static
../Core/Inc/L6470.tpp:631:7:float L6470<shield_x>::L6470_FnSlpDec_2_s_Step(uint8_t) [with shield_x = shield_3]	16	static
../Core/Inc/L6470.tpp:646:9:uint8_t L6470<shield_x>::L6470_s_Step_2_FnSlpDec(float) [with shield_x = shield_3]	24	static
../Core/Inc/L6470.tpp:661:7:float L6470<shield_x>::L6470_OcdTh_2_mA(uint8_t) [with shield_x = shield_3]	16	static
../Core/Inc/L6470.tpp:676:9:uint8_t L6470<shield_x>::L6470_mA_2_OcdTh(float) [with shield_x = shield_3]	32	static
../Core/Inc/L6470.tpp:701:7:float L6470<shield_x>::L6470_StallTh_2_mA(uint8_t) [with shield_x = shield_3]	16	static
../Core/Inc/L6470.tpp:716:9:uint8_t L6470<shield_x>::L6470_mA_2_StallTh(float) [with shield_x = shield_3]	32	static
../Core/Inc/L6470.tpp:1422:10:status_t L6470<shield_x>::L6470_Config(void*) [with shield_x = shield_3]	32	static
../Core/Inc/L6470.tpp:748:6:void L6470<shield_x>::L6470_SetParam(eL6470_RegId_t, uint32_t) [with shield_x = shield_3]	40	static
../Core/Inc/L6470.tpp:763:10:uint32_t L6470<shield_x>::L6470_GetParam(eL6470_RegId_t) [with shield_x = shield_3]	40	static
../Core/Inc/L6470.tpp:786:6:void L6470<shield_x>::L6470_Run(eL6470_DirId_t, uint32_t) [with shield_x = shield_3]	40	static
../Core/Inc/L6470.tpp:799:6:void L6470<shield_x>::L6470_StepClock(eL6470_DirId_t) [with shield_x = shield_3]	32	static
../Core/Inc/L6470.tpp:813:6:void L6470<shield_x>::L6470_Move(eL6470_DirId_t, uint32_t) [with shield_x = shield_3]	40	static
../Core/Inc/L6470.tpp:826:6:void L6470<shield_x>::L6470_GoTo(uint32_t) [with shield_x = shield_3]	32	static
../Core/Inc/L6470.tpp:843:6:void L6470<shield_x>::L6470_GoToDir(eL6470_DirId_t, uint32_t) [with shield_x = shield_3]	40	static
../Core/Inc/L6470.tpp:862:6:void L6470<shield_x>::L6470_GoUntil(eL6470_ActId_t, eL6470_DirId_t, uint32_t) [with shield_x = shield_3]	40	static
../Core/Inc/L6470.tpp:877:6:void L6470<shield_x>::L6470_ReleaseSW(eL6470_ActId_t, eL6470_DirId_t) [with shield_x = shield_3]	32	static
../Core/Inc/L6470.tpp:890:6:void L6470<shield_x>::L6470_GoHome() [with shield_x = shield_3]	32	static
../Core/Inc/L6470.tpp:903:6:void L6470<shield_x>::L6470_GoMark() [with shield_x = shield_3]	32	static
../Core/Inc/L6470.tpp:915:6:void L6470<shield_x>::L6470_ResetPos() [with shield_x = shield_3]	32	static
../Core/Inc/L6470.tpp:927:6:void L6470<shield_x>::L6470_ResetDevice() [with shield_x = shield_3]	32	static
../Core/Inc/L6470.tpp:941:6:void L6470<shield_x>::L6470_SoftStop() [with shield_x = shield_3]	32	static
../Core/Inc/L6470.tpp:953:6:void L6470<shield_x>::L6470_HardStop() [with shield_x = shield_3]	32	static
../Core/Inc/L6470.tpp:967:6:void L6470<shield_x>::L6470_SoftHiZ() [with shield_x = shield_3]	32	static
../Core/Inc/L6470.tpp:979:6:void L6470<shield_x>::L6470_HardHiZ() [with shield_x = shield_3]	32	static
../Core/Inc/L6470.tpp:993:10:uint16_t L6470<shield_x>::L6470_GetStatus() [with shield_x = shield_3]	40	static
../Core/Inc/L6470.tpp:1023:6:void L6470<shield_x>::L6470_PrepareSetParam(eL6470_RegId_t, uint32_t) [with shield_x = shield_3]	40	static
../Core/Inc/L6470.tpp:1040:6:void L6470<shield_x>::L6470_PrepareGetParam(eL6470_RegId_t) [with shield_x = shield_3]	32	static
../Core/Inc/L6470.tpp:1055:6:void L6470<shield_x>::L6470_PrepareRun(eL6470_DirId_t, uint32_t) [with shield_x = shield_3]	40	static
../Core/Inc/L6470.tpp:1069:6:void L6470<shield_x>::L6470_PrepareStepClock(eL6470_DirId_t) [with shield_x = shield_3]	32	static
../Core/Inc/L6470.tpp:1084:6:void L6470<shield_x>::L6470_PrepareMove(eL6470_DirId_t, uint32_t) [with shield_x = shield_3]	40	static
../Core/Inc/L6470.tpp:1098:6:void L6470<shield_x>::L6470_PrepareGoTo(uint32_t) [with shield_x = shield_3]	32	static
../Core/Inc/L6470.tpp:1113:6:void L6470<shield_x>::L6470_PrepareGoToDir(eL6470_DirId_t, uint32_t) [with shield_x = shield_3]	40	static
../Core/Inc/L6470.tpp:1129:6:void L6470<shield_x>::L6470_PrepareGoUntil(eL6470_ActId_t, eL6470_DirId_t, uint32_t) [with shield_x = shield_3]	40	static
../Core/Inc/L6470.tpp:1144:6:void L6470<shield_x>::L6470_PrepareReleaseSW(eL6470_ActId_t, eL6470_DirId_t) [with shield_x = shield_3]	32	static
../Core/Inc/L6470.tpp:1157:6:void L6470<shield_x>::L6470_PrepareGoHome() [with shield_x = shield_3]	32	static
../Core/Inc/L6470.tpp:1170:6:void L6470<shield_x>::L6470_PrepareGoMark() [with shield_x = shield_3]	32	static
../Core/Inc/L6470.tpp:1183:6:void L6470<shield_x>::L6470_PrepareResetPos() [with shield_x = shield_3]	32	static
../Core/Inc/L6470.tpp:1196:6:void L6470<shield_x>::L6470_PrepareResetDevice() [with shield_x = shield_3]	32	static
../Core/Inc/L6470.tpp:1209:6:void L6470<shield_x>::L6470_PrepareSoftStop() [with shield_x = shield_3]	32	static
../Core/Inc/L6470.tpp:1222:6:void L6470<shield_x>::L6470_PrepareHardStop() [with shield_x = shield_3]	32	static
../Core/Inc/L6470.tpp:1235:6:void L6470<shield_x>::L6470_PrepareSoftHiZ() [with shield_x = shield_3]	32	static
../Core/Inc/L6470.tpp:1248:6:void L6470<shield_x>::L6470_PrepareHardHiZ() [with shield_x = shield_3]	32	static
../Core/Inc/L6470.tpp:1261:6:void L6470<shield_x>::L6470_PrepareGetStatus() [with shield_x = shield_3]	32	static
../Core/Inc/L6470.tpp:1277:10:uint8_t* L6470<shield_x>::L6470_PerformPreparedApplicationCommand() [with shield_x = shield_3]	16	static
../Core/Inc/L6470.tpp:1291:6:void L6470<shield_x>::L6470_DaisyChainCommand(uint8_t*, uint8_t*) [with shield_x = shield_3]	48	static,ignoring_inline_asm
../Core/Inc/L6470.tpp:1319:10:uint32_t L6470<shield_x>::L6470_ExtractReturnedData(uint8_t*, uint8_t) [with shield_x = shield_3]	32	static
../Core/Inc/L6470.tpp:1342:9:uint8_t L6470<shield_x>::L6470_CheckStatusRegisterFlag(uint8_t) [with shield_x = shield_3]	24	static
../Core/Inc/L6470.tpp:1405:10:uint8_t* L6470<shield_x>::L6470_GetRegisterName(uint8_t) [with shield_x = shield_3]	16	static
../Core/Inc/L6470.tpp:125:6:void L6470<shield_x>::L6470_ResetAppCmdPkg(sL6470_AppCmdPkg_t*) [with shield_x = shield_3]	24	static
../Core/Inc/L6470.tpp:149:6:void L6470<shield_x>::L6470_FillAppCmdPkg(sL6470_AppCmdPkg_t*, eL6470_AppCmdId_t, uint32_t, uint32_t, uint32_t) [with shield_x = shield_3]	24	static
../Core/Inc/L6470.tpp:169:6:void L6470<shield_x>::L6470_PrepareAppCmdPkg(sL6470_AppCmdPkg_t*, eL6470_AppCmdId_t, uint32_t, uint32_t, uint32_t) [with shield_x = shield_3]	40	static
../Core/Inc/L6470.tpp:188:6:void L6470<shield_x>::L6470_PrepareDaisyChainCommand(sL6470_AppCmdPkg_t*, uint8_t*) [with shield_x = shield_3]	32	static
../Core/Inc/L6470.h:1435:9:int L6470<shield_x>::L6470_round(float) [with shield_x = shield_3]	16	static
../Core/Inc/L6470.h:1453:14:status_t L6470<shield_x>::Read(uint8_t*, uint16_t) [with shield_x = shield_3]	32	static
../Core/Inc/L6470.h:1471:14:status_t L6470<shield_x>::Write(uint8_t*, uint16_t) [with shield_x = shield_3]	32	static
../Core/Inc/L6470.h:1490:14:status_t L6470<shield_x>::ReadWrite(uint8_t*, uint8_t*, uint16_t) [with shield_x = shield_3]	40	static
../Core/Inc/L6470.h:1504:10:void L6470<shield_x>::L6470_SPI_Communication(uint8_t*, uint8_t*, uint16_t, uint32_t) [with shield_x = shield_3]	32	static
../Core/Inc/L6470.h:292:17:int L6470<shield_x>::init(void*) [with shield_x = shield_2]	16	static
../Core/Inc/L6470.h:302:26:unsigned int L6470<shield_x>::get_status() [with shield_x = shield_2]	16	static
../Core/Inc/L6470.h:338:26:unsigned int L6470<shield_x>::get_parameter(unsigned int) [with shield_x = shield_2]	16	static
../Core/Inc/L6470.h:348:24:int L6470<shield_x>::get_position() [with shield_x = shield_2]	24	static
../Core/Inc/L6470.h:358:24:int L6470<shield_x>::get_mark() [with shield_x = shield_2]	24	static
../Core/Inc/L6470.h:368:26:unsigned int L6470<shield_x>::get_speed() [with shield_x = shield_2]	24	static
../Core/Inc/L6470.h:378:26:unsigned int L6470<shield_x>::get_max_speed() [with shield_x = shield_2]	24	static
../Core/Inc/L6470.h:388:26:unsigned int L6470<shield_x>::get_min_speed() [with shield_x = shield_2]	24	static
../Core/Inc/L6470.h:398:26:unsigned int L6470<shield_x>::get_acceleration() [with shield_x = shield_2]	24	static
../Core/Inc/L6470.h:408:26:unsigned int L6470<shield_x>::get_deceleration() [with shield_x = shield_2]	24	static
../Core/Inc/L6470.h:418:39:StepperMotor::direction_t L6470<shield_x>::get_direction() [with shield_x = shield_2]	16	static
../Core/Inc/L6470.h:478:18:void L6470<shield_x>::set_parameter(unsigned int, unsigned int) [with shield_x = shield_2]	24	static
../Core/Inc/L6470.h:488:18:void L6470<shield_x>::set_home() [with shield_x = shield_2]	16	static
../Core/Inc/L6470.h:498:18:void L6470<shield_x>::set_mark() [with shield_x = shield_2]	24	static
../Core/Inc/L6470.h:508:18:void L6470<shield_x>::set_mark(int) [with shield_x = shield_2]	24	static
../Core/Inc/L6470.h:518:18:bool L6470<shield_x>::set_max_speed(unsigned int) [with shield_x = shield_2]	24	static
../Core/Inc/L6470.h:529:18:bool L6470<shield_x>::set_min_speed(unsigned int) [with shield_x = shield_2]	24	static
../Core/Inc/L6470.h:540:18:bool L6470<shield_x>::set_acceleration(unsigned int) [with shield_x = shield_2]	24	static
../Core/Inc/L6470.h:551:18:bool L6470<shield_x>::set_deceleration(unsigned int) [with shield_x = shield_2]	24	static
../Core/Inc/L6470.h:566:18:bool L6470<shield_x>::set_step_mode(StepperMotor::step_mode_t) [with shield_x = shield_2]	16	static
../Core/Inc/L6470.h:581:18:void L6470<shield_x>::go_to(int) [with shield_x = shield_2]	24	static
../Core/Inc/L6470.h:592:18:void L6470<shield_x>::go_to(int, StepperMotor::direction_t) [with shield_x = shield_2]	32	static
../Core/Inc/L6470.h:602:18:void L6470<shield_x>::go_home() [with shield_x = shield_2]	16	static
../Core/Inc/L6470.h:612:18:void L6470<shield_x>::go_mark() [with shield_x = shield_2]	16	static
../Core/Inc/L6470.h:629:18:void L6470<shield_x>::go_until(eL6470_ActId_t, StepperMotor::direction_t, unsigned int) [with shield_x = shield_2]	32	static
../Core/Inc/L6470.h:639:18:void L6470<shield_x>::run(StepperMotor::direction_t) [with shield_x = shield_2]	24	static
../Core/Inc/L6470.h:650:18:void L6470<shield_x>::run(StepperMotor::direction_t, unsigned int) [with shield_x = shield_2]	32	static
../Core/Inc/L6470.h:661:18:void L6470<shield_x>::move(StepperMotor::direction_t, unsigned int) [with shield_x = shield_2]	24	static
../Core/Inc/L6470.h:672:18:void L6470<shield_x>::soft_stop() [with shield_x = shield_2]	16	static
../Core/Inc/L6470.h:682:18:void L6470<shield_x>::hard_stop() [with shield_x = shield_2]	16	static
../Core/Inc/L6470.h:693:18:void L6470<shield_x>::soft_hiz() [with shield_x = shield_2]	16	static
../Core/Inc/L6470.h:703:18:void L6470<shield_x>::hard_hiz() [with shield_x = shield_2]	16	static
../Core/Inc/L6470.h:713:18:void L6470<shield_x>::wait_while_active() [with shield_x = shield_2]	16	static
../Core/Inc/L6470.h:725:18:void L6470<shield_x>::step_clock(StepperMotor::direction_t) [with shield_x = shield_2]	16	static
../Core/Inc/L6470.h:741:18:void L6470<shield_x>::release_sw(eL6470_ActId_t, StepperMotor::direction_t) [with shield_x = shield_2]	16	static
../Core/Inc/L6470.h:751:18:void L6470<shield_x>::reset_device() [with shield_x = shield_2]	16	static
../Core/Inc/L6470.h:762:18:void L6470<shield_x>::prepare_get_status() [with shield_x = shield_2]	16	static
../Core/Inc/L6470.h:800:18:void L6470<shield_x>::prepare_get_parameter(unsigned int) [with shield_x = shield_2]	16	static
../Core/Inc/L6470.h:812:18:void L6470<shield_x>::prepare_get_position() [with shield_x = shield_2]	16	static
../Core/Inc/L6470.h:824:18:void L6470<shield_x>::prepare_get_mark() [with shield_x = shield_2]	16	static
../Core/Inc/L6470.h:836:18:void L6470<shield_x>::prepare_get_speed() [with shield_x = shield_2]	16	static
../Core/Inc/L6470.h:848:18:void L6470<shield_x>::prepare_get_max_speed() [with shield_x = shield_2]	16	static
../Core/Inc/L6470.h:860:18:void L6470<shield_x>::prepare_get_min_speed() [with shield_x = shield_2]	16	static
../Core/Inc/L6470.h:872:18:void L6470<shield_x>::prepare_get_acceleration() [with shield_x = shield_2]	16	static
../Core/Inc/L6470.h:884:18:void L6470<shield_x>::prepare_get_deceleration() [with shield_x = shield_2]	16	static
../Core/Inc/L6470.h:896:18:void L6470<shield_x>::prepare_get_direction() [with shield_x = shield_2]	16	static
../Core/Inc/L6470.h:963:18:void L6470<shield_x>::prepare_set_parameter(unsigned int, unsigned int) [with shield_x = shield_2]	24	static
../Core/Inc/L6470.h:976:18:void L6470<shield_x>::prepare_set_home() [with shield_x = shield_2]	16	static
../Core/Inc/L6470.h:989:18:void L6470<shield_x>::prepare_set_mark() [with shield_x = shield_2]	16	static
../Core/Inc/L6470.h:1007:18:void L6470<shield_x>::prepare_set_mark(int) [with shield_x = shield_2]	24	static
../Core/Inc/L6470.h:1019:18:void L6470<shield_x>::prepare_set_speed(unsigned int) [with shield_x = shield_2]	24	static
../Core/Inc/L6470.h:1031:18:void L6470<shield_x>::prepare_set_max_speed(unsigned int) [with shield_x = shield_2]	24	static
../Core/Inc/L6470.h:1043:18:void L6470<shield_x>::prepare_set_min_speed(unsigned int) [with shield_x = shield_2]	24	static
../Core/Inc/L6470.h:1055:18:void L6470<shield_x>::prepare_set_acceleration(unsigned int) [with shield_x = shield_2]	24	static
../Core/Inc/L6470.h:1067:18:void L6470<shield_x>::prepare_set_deceleration(unsigned int) [with shield_x = shield_2]	24	static
../Core/Inc/L6470.h:1079:18:void L6470<shield_x>::prepare_go_to(int) [with shield_x = shield_2]	24	static
../Core/Inc/L6470.h:1093:18:void L6470<shield_x>::prepare_go_to(int, StepperMotor::direction_t) [with shield_x = shield_2]	32	static
../Core/Inc/L6470.h:1105:18:void L6470<shield_x>::prepare_go_home() [with shield_x = shield_2]	16	static
../Core/Inc/L6470.h:1117:18:void L6470<shield_x>::prepare_go_mark() [with shield_x = shield_2]	16	static
../Core/Inc/L6470.h:1136:18:void L6470<shield_x>::prepare_go_until(eL6470_ActId_t, StepperMotor::direction_t, unsigned int) [with shield_x = shield_2]	32	static
../Core/Inc/L6470.h:1149:18:void L6470<shield_x>::prepare_run(StepperMotor::direction_t) [with shield_x = shield_2]	24	static
../Core/Inc/L6470.h:1163:18:void L6470<shield_x>::prepare_run(StepperMotor::direction_t, unsigned int) [with shield_x = shield_2]	32	static
../Core/Inc/L6470.h:1177:18:void L6470<shield_x>::prepare_move(StepperMotor::direction_t, unsigned int) [with shield_x = shield_2]	24	static
../Core/Inc/L6470.h:1189:18:void L6470<shield_x>::prepare_soft_stop() [with shield_x = shield_2]	16	static
../Core/Inc/L6470.h:1201:18:void L6470<shield_x>::prepare_hard_stop() [with shield_x = shield_2]	16	static
../Core/Inc/L6470.h:1215:18:void L6470<shield_x>::prepare_soft_hiz() [with shield_x = shield_2]	16	static
../Core/Inc/L6470.h:1227:18:void L6470<shield_x>::prepare_hard_hiz() [with shield_x = shield_2]	16	static
../Core/Inc/L6470.h:1241:18:void L6470<shield_x>::prepare_step_clock(StepperMotor::direction_t) [with shield_x = shield_2]	16	static
../Core/Inc/L6470.h:1259:18:void L6470<shield_x>::prepare_release_sw(eL6470_ActId_t, StepperMotor::direction_t) [with shield_x = shield_2]	16	static
../Core/Inc/L6470.h:1271:18:void L6470<shield_x>::prepare_reset_device() [with shield_x = shield_2]	16	static
../Core/Inc/L6470.h:1283:14:uint8_t* L6470<shield_x>::perform_prepared_actions() [with shield_x = shield_2]	16	static
../Core/Inc/L6470.h:1293:23:prepared_action_t L6470<shield_x>::get_prepared_action() [with shield_x = shield_2]	16	static
../Core/Inc/L6470.h:1304:13:int32_t L6470<shield_x>::get_result(uint8_t*) [with shield_x = shield_2]	24	static
../Core/Inc/L6470.h:1349:10:void L6470<shield_x>::L6470_DISABLE() [with shield_x = shield_2]	16	static
../Core/Inc/L6470.tpp:329:9:int32_t L6470<shield_x>::L6470_AbsPos_2_Position(uint32_t) [with shield_x = shield_2]	16	static
../Core/Inc/L6470.tpp:344:10:uint32_t L6470<shield_x>::L6470_Position_2_AbsPos(int32_t) [with shield_x = shield_2]	16	static
../Core/Inc/L6470.tpp:364:7:float L6470<shield_x>::L6470_Speed_2_Step_s(uint32_t) [with shield_x = shield_2]	16	static
../Core/Inc/L6470.tpp:376:10:uint32_t L6470<shield_x>::L6470_Step_s_2_Speed(float) [with shield_x = shield_2]	16	static
../Core/Inc/L6470.tpp:391:7:float L6470<shield_x>::L6470_Acc_2_Step_s2(uint16_t) [with shield_x = shield_2]	16	static
../Core/Inc/L6470.tpp:406:10:uint16_t L6470<shield_x>::L6470_Step_s2_2_Acc(float) [with shield_x = shield_2]	16	static
../Core/Inc/L6470.tpp:421:7:float L6470<shield_x>::L6470_Dec_2_Step_s2(uint16_t) [with shield_x = shield_2]	16	static
../Core/Inc/L6470.tpp:436:10:uint16_t L6470<shield_x>::L6470_Step_s2_2_Dec(float) [with shield_x = shield_2]	16	static
../Core/Inc/L6470.tpp:451:7:float L6470<shield_x>::L6470_MaxSpeed_2_Step_s(uint16_t) [with shield_x = shield_2]	16	static
../Core/Inc/L6470.tpp:466:10:uint16_t L6470<shield_x>::L6470_Step_s_2_MaxSpeed(float) [with shield_x = shield_2]	16	static
../Core/Inc/L6470.tpp:481:7:float L6470<shield_x>::L6470_MinSpeed_2_Step_s(uint16_t) [with shield_x = shield_2]	16	static
../Core/Inc/L6470.tpp:496:10:uint16_t L6470<shield_x>::L6470_Step_s_2_MinSpeed(float) [with shield_x = shield_2]	16	static
../Core/Inc/L6470.tpp:511:7:float L6470<shield_x>::L6470_FsSpd_2_Step_s(uint16_t) [with shield_x = shield_2]	16	static
../Core/Inc/L6470.tpp:526:10:uint16_t L6470<shield_x>::L6470_Step_s_2_FsSpd(float) [with shield_x = shield_2]	16	static
../Core/Inc/L6470.tpp:541:7:float L6470<shield_x>::L6470_IntSpeed_2_Step_s(uint16_t) [with shield_x = shield_2]	16	static
../Core/Inc/L6470.tpp:556:10:uint16_t L6470<shield_x>::L6470_Step_s_2_IntSpeed(float) [with shield_x = shield_2]	16	static
../Core/Inc/L6470.tpp:571:7:float L6470<shield_x>::L6470_StSlp_2_s_Step(uint8_t) [with shield_x = shield_2]	16	static
../Core/Inc/L6470.tpp:586:9:uint8_t L6470<shield_x>::L6470_s_Step_2_StSlp(float) [with shield_x = shield_2]	24	static
../Core/Inc/L6470.tpp:601:7:float L6470<shield_x>::L6470_FnSlpAcc_2_s_Step(uint8_t) [with shield_x = shield_2]	16	static
../Core/Inc/L6470.tpp:616:9:uint8_t L6470<shield_x>::L6470_s_Step_2_FnSlpAcc(float) [with shield_x = shield_2]	24	static
../Core/Inc/L6470.tpp:631:7:float L6470<shield_x>::L6470_FnSlpDec_2_s_Step(uint8_t) [with shield_x = shield_2]	16	static
../Core/Inc/L6470.tpp:646:9:uint8_t L6470<shield_x>::L6470_s_Step_2_FnSlpDec(float) [with shield_x = shield_2]	24	static
../Core/Inc/L6470.tpp:661:7:float L6470<shield_x>::L6470_OcdTh_2_mA(uint8_t) [with shield_x = shield_2]	16	static
../Core/Inc/L6470.tpp:676:9:uint8_t L6470<shield_x>::L6470_mA_2_OcdTh(float) [with shield_x = shield_2]	32	static
../Core/Inc/L6470.tpp:701:7:float L6470<shield_x>::L6470_StallTh_2_mA(uint8_t) [with shield_x = shield_2]	16	static
../Core/Inc/L6470.tpp:716:9:uint8_t L6470<shield_x>::L6470_mA_2_StallTh(float) [with shield_x = shield_2]	32	static
../Core/Inc/L6470.tpp:1422:10:status_t L6470<shield_x>::L6470_Config(void*) [with shield_x = shield_2]	32	static
../Core/Inc/L6470.tpp:748:6:void L6470<shield_x>::L6470_SetParam(eL6470_RegId_t, uint32_t) [with shield_x = shield_2]	40	static
../Core/Inc/L6470.tpp:763:10:uint32_t L6470<shield_x>::L6470_GetParam(eL6470_RegId_t) [with shield_x = shield_2]	40	static
../Core/Inc/L6470.tpp:786:6:void L6470<shield_x>::L6470_Run(eL6470_DirId_t, uint32_t) [with shield_x = shield_2]	40	static
../Core/Inc/L6470.tpp:799:6:void L6470<shield_x>::L6470_StepClock(eL6470_DirId_t) [with shield_x = shield_2]	32	static
../Core/Inc/L6470.tpp:813:6:void L6470<shield_x>::L6470_Move(eL6470_DirId_t, uint32_t) [with shield_x = shield_2]	40	static
../Core/Inc/L6470.tpp:826:6:void L6470<shield_x>::L6470_GoTo(uint32_t) [with shield_x = shield_2]	32	static
../Core/Inc/L6470.tpp:843:6:void L6470<shield_x>::L6470_GoToDir(eL6470_DirId_t, uint32_t) [with shield_x = shield_2]	40	static
../Core/Inc/L6470.tpp:862:6:void L6470<shield_x>::L6470_GoUntil(eL6470_ActId_t, eL6470_DirId_t, uint32_t) [with shield_x = shield_2]	40	static
../Core/Inc/L6470.tpp:877:6:void L6470<shield_x>::L6470_ReleaseSW(eL6470_ActId_t, eL6470_DirId_t) [with shield_x = shield_2]	32	static
../Core/Inc/L6470.tpp:890:6:void L6470<shield_x>::L6470_GoHome() [with shield_x = shield_2]	32	static
../Core/Inc/L6470.tpp:903:6:void L6470<shield_x>::L6470_GoMark() [with shield_x = shield_2]	32	static
../Core/Inc/L6470.tpp:915:6:void L6470<shield_x>::L6470_ResetPos() [with shield_x = shield_2]	32	static
../Core/Inc/L6470.tpp:927:6:void L6470<shield_x>::L6470_ResetDevice() [with shield_x = shield_2]	32	static
../Core/Inc/L6470.tpp:941:6:void L6470<shield_x>::L6470_SoftStop() [with shield_x = shield_2]	32	static
../Core/Inc/L6470.tpp:953:6:void L6470<shield_x>::L6470_HardStop() [with shield_x = shield_2]	32	static
../Core/Inc/L6470.tpp:967:6:void L6470<shield_x>::L6470_SoftHiZ() [with shield_x = shield_2]	32	static
../Core/Inc/L6470.tpp:979:6:void L6470<shield_x>::L6470_HardHiZ() [with shield_x = shield_2]	32	static
../Core/Inc/L6470.tpp:993:10:uint16_t L6470<shield_x>::L6470_GetStatus() [with shield_x = shield_2]	40	static
../Core/Inc/L6470.tpp:1023:6:void L6470<shield_x>::L6470_PrepareSetParam(eL6470_RegId_t, uint32_t) [with shield_x = shield_2]	40	static
../Core/Inc/L6470.tpp:1040:6:void L6470<shield_x>::L6470_PrepareGetParam(eL6470_RegId_t) [with shield_x = shield_2]	32	static
../Core/Inc/L6470.tpp:1055:6:void L6470<shield_x>::L6470_PrepareRun(eL6470_DirId_t, uint32_t) [with shield_x = shield_2]	40	static
../Core/Inc/L6470.tpp:1069:6:void L6470<shield_x>::L6470_PrepareStepClock(eL6470_DirId_t) [with shield_x = shield_2]	32	static
../Core/Inc/L6470.tpp:1084:6:void L6470<shield_x>::L6470_PrepareMove(eL6470_DirId_t, uint32_t) [with shield_x = shield_2]	40	static
../Core/Inc/L6470.tpp:1098:6:void L6470<shield_x>::L6470_PrepareGoTo(uint32_t) [with shield_x = shield_2]	32	static
../Core/Inc/L6470.tpp:1113:6:void L6470<shield_x>::L6470_PrepareGoToDir(eL6470_DirId_t, uint32_t) [with shield_x = shield_2]	40	static
../Core/Inc/L6470.tpp:1129:6:void L6470<shield_x>::L6470_PrepareGoUntil(eL6470_ActId_t, eL6470_DirId_t, uint32_t) [with shield_x = shield_2]	40	static
../Core/Inc/L6470.tpp:1144:6:void L6470<shield_x>::L6470_PrepareReleaseSW(eL6470_ActId_t, eL6470_DirId_t) [with shield_x = shield_2]	32	static
../Core/Inc/L6470.tpp:1157:6:void L6470<shield_x>::L6470_PrepareGoHome() [with shield_x = shield_2]	32	static
../Core/Inc/L6470.tpp:1170:6:void L6470<shield_x>::L6470_PrepareGoMark() [with shield_x = shield_2]	32	static
../Core/Inc/L6470.tpp:1183:6:void L6470<shield_x>::L6470_PrepareResetPos() [with shield_x = shield_2]	32	static
../Core/Inc/L6470.tpp:1196:6:void L6470<shield_x>::L6470_PrepareResetDevice() [with shield_x = shield_2]	32	static
../Core/Inc/L6470.tpp:1209:6:void L6470<shield_x>::L6470_PrepareSoftStop() [with shield_x = shield_2]	32	static
../Core/Inc/L6470.tpp:1222:6:void L6470<shield_x>::L6470_PrepareHardStop() [with shield_x = shield_2]	32	static
../Core/Inc/L6470.tpp:1235:6:void L6470<shield_x>::L6470_PrepareSoftHiZ() [with shield_x = shield_2]	32	static
../Core/Inc/L6470.tpp:1248:6:void L6470<shield_x>::L6470_PrepareHardHiZ() [with shield_x = shield_2]	32	static
../Core/Inc/L6470.tpp:1261:6:void L6470<shield_x>::L6470_PrepareGetStatus() [with shield_x = shield_2]	32	static
../Core/Inc/L6470.tpp:1277:10:uint8_t* L6470<shield_x>::L6470_PerformPreparedApplicationCommand() [with shield_x = shield_2]	16	static
../Core/Inc/L6470.tpp:1291:6:void L6470<shield_x>::L6470_DaisyChainCommand(uint8_t*, uint8_t*) [with shield_x = shield_2]	48	static,ignoring_inline_asm
../Core/Inc/L6470.tpp:1319:10:uint32_t L6470<shield_x>::L6470_ExtractReturnedData(uint8_t*, uint8_t) [with shield_x = shield_2]	32	static
../Core/Inc/L6470.tpp:1342:9:uint8_t L6470<shield_x>::L6470_CheckStatusRegisterFlag(uint8_t) [with shield_x = shield_2]	24	static
../Core/Inc/L6470.tpp:1405:10:uint8_t* L6470<shield_x>::L6470_GetRegisterName(uint8_t) [with shield_x = shield_2]	16	static
../Core/Inc/L6470.tpp:125:6:void L6470<shield_x>::L6470_ResetAppCmdPkg(sL6470_AppCmdPkg_t*) [with shield_x = shield_2]	24	static
../Core/Inc/L6470.tpp:149:6:void L6470<shield_x>::L6470_FillAppCmdPkg(sL6470_AppCmdPkg_t*, eL6470_AppCmdId_t, uint32_t, uint32_t, uint32_t) [with shield_x = shield_2]	24	static
../Core/Inc/L6470.tpp:169:6:void L6470<shield_x>::L6470_PrepareAppCmdPkg(sL6470_AppCmdPkg_t*, eL6470_AppCmdId_t, uint32_t, uint32_t, uint32_t) [with shield_x = shield_2]	40	static
../Core/Inc/L6470.tpp:188:6:void L6470<shield_x>::L6470_PrepareDaisyChainCommand(sL6470_AppCmdPkg_t*, uint8_t*) [with shield_x = shield_2]	32	static
../Core/Inc/L6470.h:1435:9:int L6470<shield_x>::L6470_round(float) [with shield_x = shield_2]	16	static
../Core/Inc/L6470.h:1453:14:status_t L6470<shield_x>::Read(uint8_t*, uint16_t) [with shield_x = shield_2]	32	static
../Core/Inc/L6470.h:1471:14:status_t L6470<shield_x>::Write(uint8_t*, uint16_t) [with shield_x = shield_2]	32	static
../Core/Inc/L6470.h:1490:14:status_t L6470<shield_x>::ReadWrite(uint8_t*, uint8_t*, uint16_t) [with shield_x = shield_2]	40	static
../Core/Inc/L6470.h:1504:10:void L6470<shield_x>::L6470_SPI_Communication(uint8_t*, uint8_t*, uint16_t, uint32_t) [with shield_x = shield_2]	32	static
../Core/Inc/L6470.h:292:17:int L6470<shield_x>::init(void*) [with shield_x = shield_1]	16	static
../Core/Inc/L6470.h:302:26:unsigned int L6470<shield_x>::get_status() [with shield_x = shield_1]	16	static
../Core/Inc/L6470.h:338:26:unsigned int L6470<shield_x>::get_parameter(unsigned int) [with shield_x = shield_1]	16	static
../Core/Inc/L6470.h:348:24:int L6470<shield_x>::get_position() [with shield_x = shield_1]	24	static
../Core/Inc/L6470.h:358:24:int L6470<shield_x>::get_mark() [with shield_x = shield_1]	24	static
../Core/Inc/L6470.h:368:26:unsigned int L6470<shield_x>::get_speed() [with shield_x = shield_1]	24	static
../Core/Inc/L6470.h:378:26:unsigned int L6470<shield_x>::get_max_speed() [with shield_x = shield_1]	24	static
../Core/Inc/L6470.h:388:26:unsigned int L6470<shield_x>::get_min_speed() [with shield_x = shield_1]	24	static
../Core/Inc/L6470.h:398:26:unsigned int L6470<shield_x>::get_acceleration() [with shield_x = shield_1]	24	static
../Core/Inc/L6470.h:408:26:unsigned int L6470<shield_x>::get_deceleration() [with shield_x = shield_1]	24	static
../Core/Inc/L6470.h:418:39:StepperMotor::direction_t L6470<shield_x>::get_direction() [with shield_x = shield_1]	16	static
../Core/Inc/L6470.h:478:18:void L6470<shield_x>::set_parameter(unsigned int, unsigned int) [with shield_x = shield_1]	24	static
../Core/Inc/L6470.h:488:18:void L6470<shield_x>::set_home() [with shield_x = shield_1]	16	static
../Core/Inc/L6470.h:498:18:void L6470<shield_x>::set_mark() [with shield_x = shield_1]	24	static
../Core/Inc/L6470.h:508:18:void L6470<shield_x>::set_mark(int) [with shield_x = shield_1]	24	static
../Core/Inc/L6470.h:518:18:bool L6470<shield_x>::set_max_speed(unsigned int) [with shield_x = shield_1]	24	static
../Core/Inc/L6470.h:529:18:bool L6470<shield_x>::set_min_speed(unsigned int) [with shield_x = shield_1]	24	static
../Core/Inc/L6470.h:540:18:bool L6470<shield_x>::set_acceleration(unsigned int) [with shield_x = shield_1]	24	static
../Core/Inc/L6470.h:551:18:bool L6470<shield_x>::set_deceleration(unsigned int) [with shield_x = shield_1]	24	static
../Core/Inc/L6470.h:566:18:bool L6470<shield_x>::set_step_mode(StepperMotor::step_mode_t) [with shield_x = shield_1]	16	static
../Core/Inc/L6470.h:581:18:void L6470<shield_x>::go_to(int) [with shield_x = shield_1]	24	static
../Core/Inc/L6470.h:592:18:void L6470<shield_x>::go_to(int, StepperMotor::direction_t) [with shield_x = shield_1]	32	static
../Core/Inc/L6470.h:602:18:void L6470<shield_x>::go_home() [with shield_x = shield_1]	16	static
../Core/Inc/L6470.h:612:18:void L6470<shield_x>::go_mark() [with shield_x = shield_1]	16	static
../Core/Inc/L6470.h:629:18:void L6470<shield_x>::go_until(eL6470_ActId_t, StepperMotor::direction_t, unsigned int) [with shield_x = shield_1]	32	static
../Core/Inc/L6470.h:639:18:void L6470<shield_x>::run(StepperMotor::direction_t) [with shield_x = shield_1]	24	static
../Core/Inc/L6470.h:650:18:void L6470<shield_x>::run(StepperMotor::direction_t, unsigned int) [with shield_x = shield_1]	32	static
../Core/Inc/L6470.h:661:18:void L6470<shield_x>::move(StepperMotor::direction_t, unsigned int) [with shield_x = shield_1]	24	static
../Core/Inc/L6470.h:672:18:void L6470<shield_x>::soft_stop() [with shield_x = shield_1]	16	static
../Core/Inc/L6470.h:682:18:void L6470<shield_x>::hard_stop() [with shield_x = shield_1]	16	static
../Core/Inc/L6470.h:693:18:void L6470<shield_x>::soft_hiz() [with shield_x = shield_1]	16	static
../Core/Inc/L6470.h:703:18:void L6470<shield_x>::hard_hiz() [with shield_x = shield_1]	16	static
../Core/Inc/L6470.h:713:18:void L6470<shield_x>::wait_while_active() [with shield_x = shield_1]	16	static
../Core/Inc/L6470.h:725:18:void L6470<shield_x>::step_clock(StepperMotor::direction_t) [with shield_x = shield_1]	16	static
../Core/Inc/L6470.h:741:18:void L6470<shield_x>::release_sw(eL6470_ActId_t, StepperMotor::direction_t) [with shield_x = shield_1]	16	static
../Core/Inc/L6470.h:751:18:void L6470<shield_x>::reset_device() [with shield_x = shield_1]	16	static
../Core/Inc/L6470.h:762:18:void L6470<shield_x>::prepare_get_status() [with shield_x = shield_1]	16	static
../Core/Inc/L6470.h:800:18:void L6470<shield_x>::prepare_get_parameter(unsigned int) [with shield_x = shield_1]	16	static
../Core/Inc/L6470.h:812:18:void L6470<shield_x>::prepare_get_position() [with shield_x = shield_1]	16	static
../Core/Inc/L6470.h:824:18:void L6470<shield_x>::prepare_get_mark() [with shield_x = shield_1]	16	static
../Core/Inc/L6470.h:836:18:void L6470<shield_x>::prepare_get_speed() [with shield_x = shield_1]	16	static
../Core/Inc/L6470.h:848:18:void L6470<shield_x>::prepare_get_max_speed() [with shield_x = shield_1]	16	static
../Core/Inc/L6470.h:860:18:void L6470<shield_x>::prepare_get_min_speed() [with shield_x = shield_1]	16	static
../Core/Inc/L6470.h:872:18:void L6470<shield_x>::prepare_get_acceleration() [with shield_x = shield_1]	16	static
../Core/Inc/L6470.h:884:18:void L6470<shield_x>::prepare_get_deceleration() [with shield_x = shield_1]	16	static
../Core/Inc/L6470.h:896:18:void L6470<shield_x>::prepare_get_direction() [with shield_x = shield_1]	16	static
../Core/Inc/L6470.h:963:18:void L6470<shield_x>::prepare_set_parameter(unsigned int, unsigned int) [with shield_x = shield_1]	24	static
../Core/Inc/L6470.h:976:18:void L6470<shield_x>::prepare_set_home() [with shield_x = shield_1]	16	static
../Core/Inc/L6470.h:989:18:void L6470<shield_x>::prepare_set_mark() [with shield_x = shield_1]	16	static
../Core/Inc/L6470.h:1007:18:void L6470<shield_x>::prepare_set_mark(int) [with shield_x = shield_1]	24	static
../Core/Inc/L6470.h:1019:18:void L6470<shield_x>::prepare_set_speed(unsigned int) [with shield_x = shield_1]	24	static
../Core/Inc/L6470.h:1031:18:void L6470<shield_x>::prepare_set_max_speed(unsigned int) [with shield_x = shield_1]	24	static
../Core/Inc/L6470.h:1043:18:void L6470<shield_x>::prepare_set_min_speed(unsigned int) [with shield_x = shield_1]	24	static
../Core/Inc/L6470.h:1055:18:void L6470<shield_x>::prepare_set_acceleration(unsigned int) [with shield_x = shield_1]	24	static
../Core/Inc/L6470.h:1067:18:void L6470<shield_x>::prepare_set_deceleration(unsigned int) [with shield_x = shield_1]	24	static
../Core/Inc/L6470.h:1079:18:void L6470<shield_x>::prepare_go_to(int) [with shield_x = shield_1]	24	static
../Core/Inc/L6470.h:1093:18:void L6470<shield_x>::prepare_go_to(int, StepperMotor::direction_t) [with shield_x = shield_1]	32	static
../Core/Inc/L6470.h:1105:18:void L6470<shield_x>::prepare_go_home() [with shield_x = shield_1]	16	static
../Core/Inc/L6470.h:1117:18:void L6470<shield_x>::prepare_go_mark() [with shield_x = shield_1]	16	static
../Core/Inc/L6470.h:1136:18:void L6470<shield_x>::prepare_go_until(eL6470_ActId_t, StepperMotor::direction_t, unsigned int) [with shield_x = shield_1]	32	static
../Core/Inc/L6470.h:1149:18:void L6470<shield_x>::prepare_run(StepperMotor::direction_t) [with shield_x = shield_1]	24	static
../Core/Inc/L6470.h:1163:18:void L6470<shield_x>::prepare_run(StepperMotor::direction_t, unsigned int) [with shield_x = shield_1]	32	static
../Core/Inc/L6470.h:1177:18:void L6470<shield_x>::prepare_move(StepperMotor::direction_t, unsigned int) [with shield_x = shield_1]	24	static
../Core/Inc/L6470.h:1189:18:void L6470<shield_x>::prepare_soft_stop() [with shield_x = shield_1]	16	static
../Core/Inc/L6470.h:1201:18:void L6470<shield_x>::prepare_hard_stop() [with shield_x = shield_1]	16	static
../Core/Inc/L6470.h:1215:18:void L6470<shield_x>::prepare_soft_hiz() [with shield_x = shield_1]	16	static
../Core/Inc/L6470.h:1227:18:void L6470<shield_x>::prepare_hard_hiz() [with shield_x = shield_1]	16	static
../Core/Inc/L6470.h:1241:18:void L6470<shield_x>::prepare_step_clock(StepperMotor::direction_t) [with shield_x = shield_1]	16	static
../Core/Inc/L6470.h:1259:18:void L6470<shield_x>::prepare_release_sw(eL6470_ActId_t, StepperMotor::direction_t) [with shield_x = shield_1]	16	static
../Core/Inc/L6470.h:1271:18:void L6470<shield_x>::prepare_reset_device() [with shield_x = shield_1]	16	static
../Core/Inc/L6470.h:1283:14:uint8_t* L6470<shield_x>::perform_prepared_actions() [with shield_x = shield_1]	16	static
../Core/Inc/L6470.h:1293:23:prepared_action_t L6470<shield_x>::get_prepared_action() [with shield_x = shield_1]	16	static
../Core/Inc/L6470.h:1304:13:int32_t L6470<shield_x>::get_result(uint8_t*) [with shield_x = shield_1]	24	static
../Core/Inc/L6470.h:1349:10:void L6470<shield_x>::L6470_DISABLE() [with shield_x = shield_1]	16	static
../Core/Inc/L6470.tpp:329:9:int32_t L6470<shield_x>::L6470_AbsPos_2_Position(uint32_t) [with shield_x = shield_1]	16	static
../Core/Inc/L6470.tpp:344:10:uint32_t L6470<shield_x>::L6470_Position_2_AbsPos(int32_t) [with shield_x = shield_1]	16	static
../Core/Inc/L6470.tpp:364:7:float L6470<shield_x>::L6470_Speed_2_Step_s(uint32_t) [with shield_x = shield_1]	16	static
../Core/Inc/L6470.tpp:376:10:uint32_t L6470<shield_x>::L6470_Step_s_2_Speed(float) [with shield_x = shield_1]	16	static
../Core/Inc/L6470.tpp:391:7:float L6470<shield_x>::L6470_Acc_2_Step_s2(uint16_t) [with shield_x = shield_1]	16	static
../Core/Inc/L6470.tpp:406:10:uint16_t L6470<shield_x>::L6470_Step_s2_2_Acc(float) [with shield_x = shield_1]	16	static
../Core/Inc/L6470.tpp:421:7:float L6470<shield_x>::L6470_Dec_2_Step_s2(uint16_t) [with shield_x = shield_1]	16	static
../Core/Inc/L6470.tpp:436:10:uint16_t L6470<shield_x>::L6470_Step_s2_2_Dec(float) [with shield_x = shield_1]	16	static
../Core/Inc/L6470.tpp:451:7:float L6470<shield_x>::L6470_MaxSpeed_2_Step_s(uint16_t) [with shield_x = shield_1]	16	static
../Core/Inc/L6470.tpp:466:10:uint16_t L6470<shield_x>::L6470_Step_s_2_MaxSpeed(float) [with shield_x = shield_1]	16	static
../Core/Inc/L6470.tpp:481:7:float L6470<shield_x>::L6470_MinSpeed_2_Step_s(uint16_t) [with shield_x = shield_1]	16	static
../Core/Inc/L6470.tpp:496:10:uint16_t L6470<shield_x>::L6470_Step_s_2_MinSpeed(float) [with shield_x = shield_1]	16	static
../Core/Inc/L6470.tpp:511:7:float L6470<shield_x>::L6470_FsSpd_2_Step_s(uint16_t) [with shield_x = shield_1]	16	static
../Core/Inc/L6470.tpp:526:10:uint16_t L6470<shield_x>::L6470_Step_s_2_FsSpd(float) [with shield_x = shield_1]	16	static
../Core/Inc/L6470.tpp:541:7:float L6470<shield_x>::L6470_IntSpeed_2_Step_s(uint16_t) [with shield_x = shield_1]	16	static
../Core/Inc/L6470.tpp:556:10:uint16_t L6470<shield_x>::L6470_Step_s_2_IntSpeed(float) [with shield_x = shield_1]	16	static
../Core/Inc/L6470.tpp:571:7:float L6470<shield_x>::L6470_StSlp_2_s_Step(uint8_t) [with shield_x = shield_1]	16	static
../Core/Inc/L6470.tpp:586:9:uint8_t L6470<shield_x>::L6470_s_Step_2_StSlp(float) [with shield_x = shield_1]	24	static
../Core/Inc/L6470.tpp:601:7:float L6470<shield_x>::L6470_FnSlpAcc_2_s_Step(uint8_t) [with shield_x = shield_1]	16	static
../Core/Inc/L6470.tpp:616:9:uint8_t L6470<shield_x>::L6470_s_Step_2_FnSlpAcc(float) [with shield_x = shield_1]	24	static
../Core/Inc/L6470.tpp:631:7:float L6470<shield_x>::L6470_FnSlpDec_2_s_Step(uint8_t) [with shield_x = shield_1]	16	static
../Core/Inc/L6470.tpp:646:9:uint8_t L6470<shield_x>::L6470_s_Step_2_FnSlpDec(float) [with shield_x = shield_1]	24	static
../Core/Inc/L6470.tpp:661:7:float L6470<shield_x>::L6470_OcdTh_2_mA(uint8_t) [with shield_x = shield_1]	16	static
../Core/Inc/L6470.tpp:676:9:uint8_t L6470<shield_x>::L6470_mA_2_OcdTh(float) [with shield_x = shield_1]	32	static
../Core/Inc/L6470.tpp:701:7:float L6470<shield_x>::L6470_StallTh_2_mA(uint8_t) [with shield_x = shield_1]	16	static
../Core/Inc/L6470.tpp:716:9:uint8_t L6470<shield_x>::L6470_mA_2_StallTh(float) [with shield_x = shield_1]	32	static
../Core/Inc/L6470.tpp:1422:10:status_t L6470<shield_x>::L6470_Config(void*) [with shield_x = shield_1]	32	static
../Core/Inc/L6470.tpp:748:6:void L6470<shield_x>::L6470_SetParam(eL6470_RegId_t, uint32_t) [with shield_x = shield_1]	40	static
../Core/Inc/L6470.tpp:763:10:uint32_t L6470<shield_x>::L6470_GetParam(eL6470_RegId_t) [with shield_x = shield_1]	40	static
../Core/Inc/L6470.tpp:786:6:void L6470<shield_x>::L6470_Run(eL6470_DirId_t, uint32_t) [with shield_x = shield_1]	40	static
../Core/Inc/L6470.tpp:799:6:void L6470<shield_x>::L6470_StepClock(eL6470_DirId_t) [with shield_x = shield_1]	32	static
../Core/Inc/L6470.tpp:813:6:void L6470<shield_x>::L6470_Move(eL6470_DirId_t, uint32_t) [with shield_x = shield_1]	40	static
../Core/Inc/L6470.tpp:826:6:void L6470<shield_x>::L6470_GoTo(uint32_t) [with shield_x = shield_1]	32	static
../Core/Inc/L6470.tpp:843:6:void L6470<shield_x>::L6470_GoToDir(eL6470_DirId_t, uint32_t) [with shield_x = shield_1]	40	static
../Core/Inc/L6470.tpp:862:6:void L6470<shield_x>::L6470_GoUntil(eL6470_ActId_t, eL6470_DirId_t, uint32_t) [with shield_x = shield_1]	40	static
../Core/Inc/L6470.tpp:877:6:void L6470<shield_x>::L6470_ReleaseSW(eL6470_ActId_t, eL6470_DirId_t) [with shield_x = shield_1]	32	static
../Core/Inc/L6470.tpp:890:6:void L6470<shield_x>::L6470_GoHome() [with shield_x = shield_1]	32	static
../Core/Inc/L6470.tpp:903:6:void L6470<shield_x>::L6470_GoMark() [with shield_x = shield_1]	32	static
../Core/Inc/L6470.tpp:915:6:void L6470<shield_x>::L6470_ResetPos() [with shield_x = shield_1]	32	static
../Core/Inc/L6470.tpp:927:6:void L6470<shield_x>::L6470_ResetDevice() [with shield_x = shield_1]	32	static
../Core/Inc/L6470.tpp:941:6:void L6470<shield_x>::L6470_SoftStop() [with shield_x = shield_1]	32	static
../Core/Inc/L6470.tpp:953:6:void L6470<shield_x>::L6470_HardStop() [with shield_x = shield_1]	32	static
../Core/Inc/L6470.tpp:967:6:void L6470<shield_x>::L6470_SoftHiZ() [with shield_x = shield_1]	32	static
../Core/Inc/L6470.tpp:979:6:void L6470<shield_x>::L6470_HardHiZ() [with shield_x = shield_1]	32	static
../Core/Inc/L6470.tpp:993:10:uint16_t L6470<shield_x>::L6470_GetStatus() [with shield_x = shield_1]	40	static
../Core/Inc/L6470.tpp:1023:6:void L6470<shield_x>::L6470_PrepareSetParam(eL6470_RegId_t, uint32_t) [with shield_x = shield_1]	40	static
../Core/Inc/L6470.tpp:1040:6:void L6470<shield_x>::L6470_PrepareGetParam(eL6470_RegId_t) [with shield_x = shield_1]	32	static
../Core/Inc/L6470.tpp:1055:6:void L6470<shield_x>::L6470_PrepareRun(eL6470_DirId_t, uint32_t) [with shield_x = shield_1]	40	static
../Core/Inc/L6470.tpp:1069:6:void L6470<shield_x>::L6470_PrepareStepClock(eL6470_DirId_t) [with shield_x = shield_1]	32	static
../Core/Inc/L6470.tpp:1084:6:void L6470<shield_x>::L6470_PrepareMove(eL6470_DirId_t, uint32_t) [with shield_x = shield_1]	40	static
../Core/Inc/L6470.tpp:1098:6:void L6470<shield_x>::L6470_PrepareGoTo(uint32_t) [with shield_x = shield_1]	32	static
../Core/Inc/L6470.tpp:1113:6:void L6470<shield_x>::L6470_PrepareGoToDir(eL6470_DirId_t, uint32_t) [with shield_x = shield_1]	40	static
../Core/Inc/L6470.tpp:1129:6:void L6470<shield_x>::L6470_PrepareGoUntil(eL6470_ActId_t, eL6470_DirId_t, uint32_t) [with shield_x = shield_1]	40	static
../Core/Inc/L6470.tpp:1144:6:void L6470<shield_x>::L6470_PrepareReleaseSW(eL6470_ActId_t, eL6470_DirId_t) [with shield_x = shield_1]	32	static
../Core/Inc/L6470.tpp:1157:6:void L6470<shield_x>::L6470_PrepareGoHome() [with shield_x = shield_1]	32	static
../Core/Inc/L6470.tpp:1170:6:void L6470<shield_x>::L6470_PrepareGoMark() [with shield_x = shield_1]	32	static
../Core/Inc/L6470.tpp:1183:6:void L6470<shield_x>::L6470_PrepareResetPos() [with shield_x = shield_1]	32	static
../Core/Inc/L6470.tpp:1196:6:void L6470<shield_x>::L6470_PrepareResetDevice() [with shield_x = shield_1]	32	static
../Core/Inc/L6470.tpp:1209:6:void L6470<shield_x>::L6470_PrepareSoftStop() [with shield_x = shield_1]	32	static
../Core/Inc/L6470.tpp:1222:6:void L6470<shield_x>::L6470_PrepareHardStop() [with shield_x = shield_1]	32	static
../Core/Inc/L6470.tpp:1235:6:void L6470<shield_x>::L6470_PrepareSoftHiZ() [with shield_x = shield_1]	32	static
../Core/Inc/L6470.tpp:1248:6:void L6470<shield_x>::L6470_PrepareHardHiZ() [with shield_x = shield_1]	32	static
../Core/Inc/L6470.tpp:1261:6:void L6470<shield_x>::L6470_PrepareGetStatus() [with shield_x = shield_1]	32	static
../Core/Inc/L6470.tpp:1277:10:uint8_t* L6470<shield_x>::L6470_PerformPreparedApplicationCommand() [with shield_x = shield_1]	16	static
../Core/Inc/L6470.tpp:1291:6:void L6470<shield_x>::L6470_DaisyChainCommand(uint8_t*, uint8_t*) [with shield_x = shield_1]	48	static,ignoring_inline_asm
../Core/Inc/L6470.tpp:1319:10:uint32_t L6470<shield_x>::L6470_ExtractReturnedData(uint8_t*, uint8_t) [with shield_x = shield_1]	32	static
../Core/Inc/L6470.tpp:1342:9:uint8_t L6470<shield_x>::L6470_CheckStatusRegisterFlag(uint8_t) [with shield_x = shield_1]	24	static
../Core/Inc/L6470.tpp:1405:10:uint8_t* L6470<shield_x>::L6470_GetRegisterName(uint8_t) [with shield_x = shield_1]	16	static
../Core/Inc/L6470.tpp:125:6:void L6470<shield_x>::L6470_ResetAppCmdPkg(sL6470_AppCmdPkg_t*) [with shield_x = shield_1]	24	static
../Core/Inc/L6470.tpp:149:6:void L6470<shield_x>::L6470_FillAppCmdPkg(sL6470_AppCmdPkg_t*, eL6470_AppCmdId_t, uint32_t, uint32_t, uint32_t) [with shield_x = shield_1]	24	static
../Core/Inc/L6470.tpp:169:6:void L6470<shield_x>::L6470_PrepareAppCmdPkg(sL6470_AppCmdPkg_t*, eL6470_AppCmdId_t, uint32_t, uint32_t, uint32_t) [with shield_x = shield_1]	40	static
../Core/Inc/L6470.tpp:188:6:void L6470<shield_x>::L6470_PrepareDaisyChainCommand(sL6470_AppCmdPkg_t*, uint8_t*) [with shield_x = shield_1]	32	static
../Core/Inc/L6470.h:1435:9:int L6470<shield_x>::L6470_round(float) [with shield_x = shield_1]	16	static
../Core/Inc/L6470.h:1453:14:status_t L6470<shield_x>::Read(uint8_t*, uint16_t) [with shield_x = shield_1]	32	static
../Core/Inc/L6470.h:1471:14:status_t L6470<shield_x>::Write(uint8_t*, uint16_t) [with shield_x = shield_1]	32	static
../Core/Inc/L6470.h:1490:14:status_t L6470<shield_x>::ReadWrite(uint8_t*, uint8_t*, uint16_t) [with shield_x = shield_1]	40	static
../Core/Inc/L6470.h:1504:10:void L6470<shield_x>::L6470_SPI_Communication(uint8_t*, uint8_t*, uint16_t, uint32_t) [with shield_x = shield_1]	32	static
