/opt/st/stm32cubeide_1.13.2/plugins/com.st.stm32cube.ide.mcu.externaltools.gnu-tools-for-stm32.11.3.rel1.linux64_1.1.1.202309131626/tools/arm-none-eabi/include/c++/11.3.1/bits/stl_list.h:110:7:std::__detail::_List_node_header::_List_node_header()	16	static
/opt/st/stm32cubeide_1.13.2/plugins/com.st.stm32cube.ide.mcu.externaltools.gnu-tools-for-stm32.11.3.rel1.linux64_1.1.1.202309131626/tools/arm-none-eabi/include/c++/11.3.1/bits/stl_list.h:150:7:void std::__detail::_List_node_header::_M_init()	16	static
/opt/st/stm32cubeide_1.13.2/plugins/com.st.stm32cube.ide.mcu.externaltools.gnu-tools-for-stm32.11.3.rel1.linux64_1.1.1.202309131626/tools/arm-none-eabi/include/c++/11.3.1/arm-none-eabi/thumb/v7e-m+fp/hard/bits/gthr-default.h:229:1:int __gthread_key_delete(__gthread_key_t)	16	static
/opt/st/stm32cubeide_1.13.2/plugins/com.st.stm32cube.ide.mcu.externaltools.gnu-tools-for-stm32.11.3.rel1.linux64_1.1.1.202309131626/tools/arm-none-eabi/include/c++/11.3.1/bits/shared_ptr_base.h:279:5:void std::_Sp_counted_base<_Lp>::_M_release() [with __gnu_cxx::_Lock_policy _Lp = __gnu_cxx::_S_single]	16	static
../Core/Inc/msg.hpp:39:11:AbstractMsg::~AbstractMsg()	16	static
../Core/Inc/msg.hpp:39:11:virtual AbstractMsg::~AbstractMsg()	16	static
../Core/Inc/msg.hpp:38:3:constexpr AbstractMsg::AbstractMsg()	16	static
../Core/Inc/msg.hpp:50:3:HeaderClass::HeaderClass(uint8_t, uint8_t)	24	static
../Core/Inc/msg.hpp:57:12:virtual uint8_t* HeaderClass::get_data() const	16	static
../Core/Inc/msg.hpp:58:12:virtual msg_type HeaderClass::get_type() const	16	static
../Core/Inc/msg.hpp:59:11:virtual uint8_t HeaderClass::get_data_size() const	16	static
../Core/Inc/msg.hpp:96:3:AckMsg::AckMsg()	24	static
../Core/Inc/msg.hpp:124:12:virtual uint8_t* AckMsg::get_data() const	16	static
../Core/Inc/msg.hpp:125:12:virtual msg_type AckMsg::get_type() const	16	static
../Core/Inc/msg.hpp:126:11:virtual uint8_t AckMsg::get_data_size() const	16	static
/opt/st/stm32cubeide_1.13.2/plugins/com.st.stm32cube.ide.mcu.externaltools.gnu-tools-for-stm32.11.3.rel1.linux64_1.1.1.202309131626/tools/arm-none-eabi/include/c++/11.3.1/bits/stl_list.h:375:14:std::__cxx11::_List_base<std::shared_ptr<AbstractMsg>, std::allocator<std::shared_ptr<AbstractMsg> > >::_List_impl::~_List_impl()	16	static
/opt/st/stm32cubeide_1.13.2/plugins/com.st.stm32cube.ide.mcu.externaltools.gnu-tools-for-stm32.11.3.rel1.linux64_1.1.1.202309131626/tools/arm-none-eabi/include/c++/11.3.1/bits/stl_list.h:461:7:std::__cxx11::_List_base<_Tp, _Alloc>::_List_base() [with _Tp = std::shared_ptr<AbstractMsg>; _Alloc = std::allocator<std::shared_ptr<AbstractMsg> >]	16	static
/opt/st/stm32cubeide_1.13.2/plugins/com.st.stm32cube.ide.mcu.externaltools.gnu-tools-for-stm32.11.3.rel1.linux64_1.1.1.202309131626/tools/arm-none-eabi/include/c++/11.3.1/bits/stl_list.h:674:7:std::__cxx11::list<_Tp, _Alloc>::list() [with _Tp = std::shared_ptr<AbstractMsg>; _Alloc = std::allocator<std::shared_ptr<AbstractMsg> >]	16	static
/opt/st/stm32cubeide_1.13.2/plugins/com.st.stm32cube.ide.mcu.externaltools.gnu-tools-for-stm32.11.3.rel1.linux64_1.1.1.202309131626/tools/arm-none-eabi/include/c++/11.3.1/bits/stl_list.h:828:7:std::__cxx11::list<_Tp, _Alloc>::~list() [with _Tp = std::shared_ptr<AbstractMsg>; _Alloc = std::allocator<std::shared_ptr<AbstractMsg> >]	16	static
/opt/st/stm32cubeide_1.13.2/plugins/com.st.stm32cube.ide.mcu.externaltools.gnu-tools-for-stm32.11.3.rel1.linux64_1.1.1.202309131626/tools/arm-none-eabi/include/c++/11.3.1/bits/shared_ptr_base.h:1154:7:std::__shared_ptr<_Tp, _Lp>::~__shared_ptr() [with _Tp = AbstractMsg; __gnu_cxx::_Lock_policy _Lp = __gnu_cxx::_S_single]	16	static
/opt/st/stm32cubeide_1.13.2/plugins/com.st.stm32cube.ide.mcu.externaltools.gnu-tools-for-stm32.11.3.rel1.linux64_1.1.1.202309131626/tools/arm-none-eabi/include/c++/11.3.1/bits/shared_ptr.h:122:11:std::shared_ptr<AbstractMsg>::~shared_ptr()	16	static
../Core/Inc/msg_handler.hpp:17:3:MsgHandler::MsgHandler(UART_HandleTypeDef*)	16	static
../Core/Inc/msg_handler.hpp:22:3:MsgHandler::~MsgHandler()	16	static
../Core/Inc/msg_handler.hpp:29:8:void MsgHandler::launch_handler()	16	static
../Core/Src/main.cpp:89:5:int main()	48	static
../Core/Src/main.cpp:184:6:void SystemClock_Config()	88	static
../Core/Src/main.cpp:232:13:void MX_SPI1_Init()	8	static
../Core/Src/main.cpp:270:13:void MX_TIM2_Init()	32	static
../Core/Src/main.cpp:315:13:void MX_USART2_UART_Init()	8	static
../Core/Src/main.cpp:348:13:void MX_GPIO_Init()	48	static
../Core/Src/main.cpp:392:6:void HAL_UART_TxCpltCallback(UART_HandleTypeDef*)	16	static
../Core/Src/main.cpp:402:6:void HAL_UART_RxCpltCallback(UART_HandleTypeDef*)	16	static
../Core/Src/main.cpp:411:6:void HAL_TIM_PeriodElapsedCallback(TIM_HandleTypeDef*)	16	static
../Core/Src/main.cpp:433:6:void Error_Handler()	4	static,ignoring_inline_asm
/opt/st/stm32cubeide_1.13.2/plugins/com.st.stm32cube.ide.mcu.externaltools.gnu-tools-for-stm32.11.3.rel1.linux64_1.1.1.202309131626/tools/arm-none-eabi/include/c++/11.3.1/bits/unique_ptr.h:210:40:std::__uniq_ptr_data<unsigned char, std::default_delete<unsigned char []>, true, true>::__uniq_ptr_data(std::__uniq_ptr_impl<unsigned char, std::default_delete<unsigned char []> >::pointer) [inherited from std::__uniq_ptr_impl<unsigned char, std::default_delete<unsigned char []> >]	16	static
/opt/st/stm32cubeide_1.13.2/plugins/com.st.stm32cube.ide.mcu.externaltools.gnu-tools-for-stm32.11.3.rel1.linux64_1.1.1.202309131626/tools/arm-none-eabi/include/c++/11.3.1/bits/unique_ptr.h:547:2:std::unique_ptr<_Tp [], _Dp>::unique_ptr(_Up) [with _Up = unsigned char*; _Vp = std::default_delete<unsigned char []>; <template-parameter-2-3> = void; <template-parameter-2-4> = bool; _Tp = unsigned char; _Dp = std::default_delete<unsigned char []>]	16	static
/opt/st/stm32cubeide_1.13.2/plugins/com.st.stm32cube.ide.mcu.externaltools.gnu-tools-for-stm32.11.3.rel1.linux64_1.1.1.202309131626/tools/arm-none-eabi/include/c++/11.3.1/bits/unique_ptr.h:608:7:std::unique_ptr<_Tp [], _Dp>::~unique_ptr() [with _Tp = unsigned char; _Dp = std::default_delete<unsigned char []>]	24	static
/opt/st/stm32cubeide_1.13.2/plugins/com.st.stm32cube.ide.mcu.externaltools.gnu-tools-for-stm32.11.3.rel1.linux64_1.1.1.202309131626/tools/arm-none-eabi/include/c++/11.3.1/bits/unique_ptr.h:657:7:typename std::add_lvalue_reference<_Tp>::type std::unique_ptr<_Tp [], _Dp>::operator[](std::size_t) const [with _Tp = unsigned char; _Dp = std::default_delete<unsigned char []>]	16	static
/opt/st/stm32cubeide_1.13.2/plugins/com.st.stm32cube.ide.mcu.externaltools.gnu-tools-for-stm32.11.3.rel1.linux64_1.1.1.202309131626/tools/arm-none-eabi/include/c++/11.3.1/bits/unique_ptr.h:665:7:std::unique_ptr<_Tp [], _Dp>::pointer std::unique_ptr<_Tp [], _Dp>::get() const [with _Tp = unsigned char; _Dp = std::default_delete<unsigned char []>]	16	static
/opt/st/stm32cubeide_1.13.2/plugins/com.st.stm32cube.ide.mcu.externaltools.gnu-tools-for-stm32.11.3.rel1.linux64_1.1.1.202309131626/tools/arm-none-eabi/include/c++/11.3.1/bits/stl_list.h:380:2:std::__cxx11::_List_base<_Tp, _Alloc>::_List_impl::_List_impl() [with _Tp = std::shared_ptr<AbstractMsg>; _Alloc = std::allocator<std::shared_ptr<AbstractMsg> >]	16	static
/opt/st/stm32cubeide_1.13.2/plugins/com.st.stm32cube.ide.mcu.externaltools.gnu-tools-for-stm32.11.3.rel1.linux64_1.1.1.202309131626/tools/arm-none-eabi/include/c++/11.3.1/bits/allocator.h:174:7:std::allocator< <template-parameter-1-1> >::~allocator() [with _Tp = std::_List_node<std::shared_ptr<AbstractMsg> >]	16	static
/opt/st/stm32cubeide_1.13.2/plugins/com.st.stm32cube.ide.mcu.externaltools.gnu-tools-for-stm32.11.3.rel1.linux64_1.1.1.202309131626/tools/arm-none-eabi/include/c++/11.3.1/bits/stl_list.h:499:7:std::__cxx11::_List_base<_Tp, _Alloc>::~_List_base() [with _Tp = std::shared_ptr<AbstractMsg>; _Alloc = std::allocator<std::shared_ptr<AbstractMsg> >]	16	static
/opt/st/stm32cubeide_1.13.2/plugins/com.st.stm32cube.ide.mcu.externaltools.gnu-tools-for-stm32.11.3.rel1.linux64_1.1.1.202309131626/tools/arm-none-eabi/include/c++/11.3.1/bits/shared_ptr.h:148:17:constexpr std::shared_ptr<_Tp>::shared_ptr() [with _Tp = AbstractMsg]	16	static
/opt/st/stm32cubeide_1.13.2/plugins/com.st.stm32cube.ide.mcu.externaltools.gnu-tools-for-stm32.11.3.rel1.linux64_1.1.1.202309131626/tools/arm-none-eabi/include/c++/11.3.1/bits/shared_ptr_base.h:702:7:std::__shared_count<_Lp>::~__shared_count() [with __gnu_cxx::_Lock_policy _Lp = __gnu_cxx::_S_single]	16	static
/opt/st/stm32cubeide_1.13.2/plugins/com.st.stm32cube.ide.mcu.externaltools.gnu-tools-for-stm32.11.3.rel1.linux64_1.1.1.202309131626/tools/arm-none-eabi/include/c++/11.3.1/bits/unique_ptr.h:155:7:std::__uniq_ptr_impl<_Tp, _Dp>::__uniq_ptr_impl(std::__uniq_ptr_impl<_Tp, _Dp>::pointer) [with _Tp = unsigned char; _Dp = std::default_delete<unsigned char []>]	16	static
/opt/st/stm32cubeide_1.13.2/plugins/com.st.stm32cube.ide.mcu.externaltools.gnu-tools-for-stm32.11.3.rel1.linux64_1.1.1.202309131626/tools/arm-none-eabi/include/c++/11.3.1/bits/unique_ptr.h:172:18:std::__uniq_ptr_impl<_Tp, _Dp>::pointer& std::__uniq_ptr_impl<_Tp, _Dp>::_M_ptr() [with _Tp = unsigned char; _Dp = std::default_delete<unsigned char []>]	16	static
/opt/st/stm32cubeide_1.13.2/plugins/com.st.stm32cube.ide.mcu.externaltools.gnu-tools-for-stm32.11.3.rel1.linux64_1.1.1.202309131626/tools/arm-none-eabi/include/c++/11.3.1/bits/unique_ptr.h:670:7:std::unique_ptr<_Tp [], _Dp>::deleter_type& std::unique_ptr<_Tp [], _Dp>::get_deleter() [with _Tp = unsigned char; _Dp = std::default_delete<unsigned char []>]	16	static
/opt/st/stm32cubeide_1.13.2/plugins/com.st.stm32cube.ide.mcu.externaltools.gnu-tools-for-stm32.11.3.rel1.linux64_1.1.1.202309131626/tools/arm-none-eabi/include/c++/11.3.1/bits/unique_ptr.h:116:2:typename std::enable_if<std::is_convertible<_Up (*)[], _Tp (*)[]>::value>::type std::default_delete<_Tp []>::operator()(_Up*) const [with _Up = unsigned char; _Tp = unsigned char]	16	static
/opt/st/stm32cubeide_1.13.2/plugins/com.st.stm32cube.ide.mcu.externaltools.gnu-tools-for-stm32.11.3.rel1.linux64_1.1.1.202309131626/tools/arm-none-eabi/include/c++/11.3.1/bits/unique_ptr.h:173:18:std::__uniq_ptr_impl<_Tp, _Dp>::pointer std::__uniq_ptr_impl<_Tp, _Dp>::_M_ptr() const [with _Tp = unsigned char; _Dp = std::default_delete<unsigned char []>]	16	static
/opt/st/stm32cubeide_1.13.2/plugins/com.st.stm32cube.ide.mcu.externaltools.gnu-tools-for-stm32.11.3.rel1.linux64_1.1.1.202309131626/tools/arm-none-eabi/include/c++/11.3.1/bits/allocator.h:156:7:std::allocator< <template-parameter-1-1> >::allocator() [with _Tp = std::_List_node<std::shared_ptr<AbstractMsg> >]	16	static
/opt/st/stm32cubeide_1.13.2/plugins/com.st.stm32cube.ide.mcu.externaltools.gnu-tools-for-stm32.11.3.rel1.linux64_1.1.1.202309131626/tools/arm-none-eabi/include/c++/11.3.1/ext/new_allocator.h:89:7:__gnu_cxx::new_allocator<_Tp>::~new_allocator() [with _Tp = std::_List_node<std::shared_ptr<AbstractMsg> >]	16	static
/opt/st/stm32cubeide_1.13.2/plugins/com.st.stm32cube.ide.mcu.externaltools.gnu-tools-for-stm32.11.3.rel1.linux64_1.1.1.202309131626/tools/arm-none-eabi/include/c++/11.3.1/bits/list.tcc:66:5:void std::__cxx11::_List_base<_Tp, _Alloc>::_M_clear() [with _Tp = std::shared_ptr<AbstractMsg>; _Alloc = std::allocator<std::shared_ptr<AbstractMsg> >]	32	static
/opt/st/stm32cubeide_1.13.2/plugins/com.st.stm32cube.ide.mcu.externaltools.gnu-tools-for-stm32.11.3.rel1.linux64_1.1.1.202309131626/tools/arm-none-eabi/include/c++/11.3.1/bits/shared_ptr_base.h:1092:17:constexpr std::__shared_ptr<_Tp, _Lp>::__shared_ptr() [with _Tp = AbstractMsg; __gnu_cxx::_Lock_policy _Lp = __gnu_cxx::_S_single]	16	static
/opt/st/stm32cubeide_1.13.2/plugins/com.st.stm32cube.ide.mcu.externaltools.gnu-tools-for-stm32.11.3.rel1.linux64_1.1.1.202309131626/tools/arm-none-eabi/include/c++/11.3.1/tuple:1049:2:constexpr std::tuple<_T1, _T2>::tuple() [with bool _Dummy = true; typename std::enable_if<std::_TupleConstraints<_Dummy, _T1, _T2>::__is_implicitly_default_constructible(), bool>::type <anonymous> = true; _T1 = unsigned char*; _T2 = std::default_delete<unsigned char []>]	16	static
/opt/st/stm32cubeide_1.13.2/plugins/com.st.stm32cube.ide.mcu.externaltools.gnu-tools-for-stm32.11.3.rel1.linux64_1.1.1.202309131626/tools/arm-none-eabi/include/c++/11.3.1/tuple:1393:5:>&) [with unsigned int __i = 0; _Elements = {unsigned char*, std::default_delete<unsigned char []>}]	16	static
/opt/st/stm32cubeide_1.13.2/plugins/com.st.stm32cube.ide.mcu.externaltools.gnu-tools-for-stm32.11.3.rel1.linux64_1.1.1.202309131626/tools/arm-none-eabi/include/c++/11.3.1/bits/unique_ptr.h:174:18:_Dp& std::__uniq_ptr_impl<_Tp, _Dp>::_M_deleter() [with _Tp = unsigned char; _Dp = std::default_delete<unsigned char []>]	16	static
/opt/st/stm32cubeide_1.13.2/plugins/com.st.stm32cube.ide.mcu.externaltools.gnu-tools-for-stm32.11.3.rel1.linux64_1.1.1.202309131626/tools/arm-none-eabi/include/c++/11.3.1/tuple:1399:5:>&) [with unsigned int __i = 0; _Elements = {unsigned char*, std::default_delete<unsigned char []>}]	16	static
/opt/st/stm32cubeide_1.13.2/plugins/com.st.stm32cube.ide.mcu.externaltools.gnu-tools-for-stm32.11.3.rel1.linux64_1.1.1.202309131626/tools/arm-none-eabi/include/c++/11.3.1/ext/new_allocator.h:79:7:__gnu_cxx::new_allocator<_Tp>::new_allocator() [with _Tp = std::_List_node<std::shared_ptr<AbstractMsg> >]	16	static
/opt/st/stm32cubeide_1.13.2/plugins/com.st.stm32cube.ide.mcu.externaltools.gnu-tools-for-stm32.11.3.rel1.linux64_1.1.1.202309131626/tools/arm-none-eabi/include/c++/11.3.1/bits/stl_list.h:171:18:_Tp* std::_List_node<_Tp>::_M_valptr() [with _Tp = std::shared_ptr<AbstractMsg>]	16	static
/opt/st/stm32cubeide_1.13.2/plugins/com.st.stm32cube.ide.mcu.externaltools.gnu-tools-for-stm32.11.3.rel1.linux64_1.1.1.202309131626/tools/arm-none-eabi/include/c++/11.3.1/bits/stl_list.h:453:7:std::__cxx11::_List_base<_Tp, _Alloc>::_Node_alloc_type& std::__cxx11::_List_base<_Tp, _Alloc>::_M_get_Node_allocator() [with _Tp = std::shared_ptr<AbstractMsg>; _Alloc = std::allocator<std::shared_ptr<AbstractMsg> >]	16	static
/opt/st/stm32cubeide_1.13.2/plugins/com.st.stm32cube.ide.mcu.externaltools.gnu-tools-for-stm32.11.3.rel1.linux64_1.1.1.202309131626/tools/arm-none-eabi/include/c++/11.3.1/bits/alloc_traits.h:531:2:static void std::allocator_traits<std::allocator<_Tp1> >::destroy(std::allocator_traits<std::allocator<_Tp1> >::allocator_type&, _Up*) [with _Up = std::shared_ptr<AbstractMsg>; _Tp = std::_List_node<std::shared_ptr<AbstractMsg> >]	16	static
/opt/st/stm32cubeide_1.13.2/plugins/com.st.stm32cube.ide.mcu.externaltools.gnu-tools-for-stm32.11.3.rel1.linux64_1.1.1.202309131626/tools/arm-none-eabi/include/c++/11.3.1/bits/stl_list.h:446:7:void std::__cxx11::_List_base<_Tp, _Alloc>::_M_put_node(typename std::__cxx11::_List_base<_Tp, _Alloc>::_Node_alloc_traits::pointer) [with _Tp = std::shared_ptr<AbstractMsg>; _Alloc = std::allocator<std::shared_ptr<AbstractMsg> >]	16	static
/opt/st/stm32cubeide_1.13.2/plugins/com.st.stm32cube.ide.mcu.externaltools.gnu-tools-for-stm32.11.3.rel1.linux64_1.1.1.202309131626/tools/arm-none-eabi/include/c++/11.3.1/bits/shared_ptr_base.h:587:17:constexpr std::__shared_count<_Lp>::__shared_count() [with __gnu_cxx::_Lock_policy _Lp = __gnu_cxx::_S_single]	16	static
/opt/st/stm32cubeide_1.13.2/plugins/com.st.stm32cube.ide.mcu.externaltools.gnu-tools-for-stm32.11.3.rel1.linux64_1.1.1.202309131626/tools/arm-none-eabi/include/c++/11.3.1/tuple:279:17:>::_Tuple_impl() [with unsigned int _Idx = 0; _Head = unsigned char*; _Tail = {std::default_delete<unsigned char []>}]	16	static
/opt/st/stm32cubeide_1.13.2/plugins/com.st.stm32cube.ide.mcu.externaltools.gnu-tools-for-stm32.11.3.rel1.linux64_1.1.1.202309131626/tools/arm-none-eabi/include/c++/11.3.1/tuple:1377:5:>&) [with unsigned int __i = 0; _Head = unsigned char*; _Tail = {std::default_delete<unsigned char []>}]	16	static
/opt/st/stm32cubeide_1.13.2/plugins/com.st.stm32cube.ide.mcu.externaltools.gnu-tools-for-stm32.11.3.rel1.linux64_1.1.1.202309131626/tools/arm-none-eabi/include/c++/11.3.1/tuple:1393:5:>&) [with unsigned int __i = 1; _Elements = {unsigned char*, std::default_delete<unsigned char []>}]	16	static
/opt/st/stm32cubeide_1.13.2/plugins/com.st.stm32cube.ide.mcu.externaltools.gnu-tools-for-stm32.11.3.rel1.linux64_1.1.1.202309131626/tools/arm-none-eabi/include/c++/11.3.1/tuple:1382:5:>&) [with unsigned int __i = 0; _Head = unsigned char*; _Tail = {std::default_delete<unsigned char []>}]	16	static
/opt/st/stm32cubeide_1.13.2/plugins/com.st.stm32cube.ide.mcu.externaltools.gnu-tools-for-stm32.11.3.rel1.linux64_1.1.1.202309131626/tools/arm-none-eabi/include/c++/11.3.1/ext/aligned_buffer.h:72:7:_Tp* __gnu_cxx::__aligned_membuf<_Tp>::_M_ptr() [with _Tp = std::shared_ptr<AbstractMsg>]	16	static
/opt/st/stm32cubeide_1.13.2/plugins/com.st.stm32cube.ide.mcu.externaltools.gnu-tools-for-stm32.11.3.rel1.linux64_1.1.1.202309131626/tools/arm-none-eabi/include/c++/11.3.1/ext/new_allocator.h:166:2:void __gnu_cxx::new_allocator<_Tp>::destroy(_Up*) [with _Up = std::shared_ptr<AbstractMsg>; _Tp = std::_List_node<std::shared_ptr<AbstractMsg> >]	16	static
/opt/st/stm32cubeide_1.13.2/plugins/com.st.stm32cube.ide.mcu.externaltools.gnu-tools-for-stm32.11.3.rel1.linux64_1.1.1.202309131626/tools/arm-none-eabi/include/c++/11.3.1/bits/alloc_traits.h:495:7:static void std::allocator_traits<std::allocator<_Tp1> >::deallocate(std::allocator_traits<std::allocator<_Tp1> >::allocator_type&, std::allocator_traits<std::allocator<_Tp1> >::pointer, std::allocator_traits<std::allocator<_Tp1> >::size_type) [with _Tp = std::_List_node<std::shared_ptr<AbstractMsg> >]	24	static
/opt/st/stm32cubeide_1.13.2/plugins/com.st.stm32cube.ide.mcu.externaltools.gnu-tools-for-stm32.11.3.rel1.linux64_1.1.1.202309131626/tools/arm-none-eabi/include/c++/11.3.1/tuple:430:7:constexpr std::_Tuple_impl<_Idx, _Head>::_Tuple_impl() [with unsigned int _Idx = 1; _Head = std::default_delete<unsigned char []>]	16	static
/opt/st/stm32cubeide_1.13.2/plugins/com.st.stm32cube.ide.mcu.externaltools.gnu-tools-for-stm32.11.3.rel1.linux64_1.1.1.202309131626/tools/arm-none-eabi/include/c++/11.3.1/tuple:189:17:constexpr std::_Head_base<_Idx, _Head, false>::_Head_base() [with unsigned int _Idx = 0; _Head = unsigned char*]	16	static
/opt/st/stm32cubeide_1.13.2/plugins/com.st.stm32cube.ide.mcu.externaltools.gnu-tools-for-stm32.11.3.rel1.linux64_1.1.1.202309131626/tools/arm-none-eabi/include/c++/11.3.1/tuple:268:7:>&) [with unsigned int _Idx = 0; _Head = unsigned char*; _Tail = {std::default_delete<unsigned char []>}]	16	static
/opt/st/stm32cubeide_1.13.2/plugins/com.st.stm32cube.ide.mcu.externaltools.gnu-tools-for-stm32.11.3.rel1.linux64_1.1.1.202309131626/tools/arm-none-eabi/include/c++/11.3.1/tuple:1377:5:>&) [with unsigned int __i = 1; _Head = std::default_delete<unsigned char []>; _Tail = {}]	16	static
/opt/st/stm32cubeide_1.13.2/plugins/com.st.stm32cube.ide.mcu.externaltools.gnu-tools-for-stm32.11.3.rel1.linux64_1.1.1.202309131626/tools/arm-none-eabi/include/c++/11.3.1/tuple:271:7:>&) [with unsigned int _Idx = 0; _Head = unsigned char*; _Tail = {std::default_delete<unsigned char []>}]	16	static
/opt/st/stm32cubeide_1.13.2/plugins/com.st.stm32cube.ide.mcu.externaltools.gnu-tools-for-stm32.11.3.rel1.linux64_1.1.1.202309131626/tools/arm-none-eabi/include/c++/11.3.1/ext/aligned_buffer.h:64:7:void* __gnu_cxx::__aligned_membuf<_Tp>::_M_addr() [with _Tp = std::shared_ptr<AbstractMsg>]	16	static
/opt/st/stm32cubeide_1.13.2/plugins/com.st.stm32cube.ide.mcu.externaltools.gnu-tools-for-stm32.11.3.rel1.linux64_1.1.1.202309131626/tools/arm-none-eabi/include/c++/11.3.1/ext/new_allocator.h:132:7:void __gnu_cxx::new_allocator<_Tp>::deallocate(_Tp*, __gnu_cxx::new_allocator<_Tp>::size_type) [with _Tp = std::_List_node<std::shared_ptr<AbstractMsg> >]	24	static
/opt/st/stm32cubeide_1.13.2/plugins/com.st.stm32cube.ide.mcu.externaltools.gnu-tools-for-stm32.11.3.rel1.linux64_1.1.1.202309131626/tools/arm-none-eabi/include/c++/11.3.1/tuple:80:17:constexpr std::_Head_base<_Idx, _Head, true>::_Head_base() [with unsigned int _Idx = 1; _Head = std::default_delete<unsigned char []>]	16	static
/opt/st/stm32cubeide_1.13.2/plugins/com.st.stm32cube.ide.mcu.externaltools.gnu-tools-for-stm32.11.3.rel1.linux64_1.1.1.202309131626/tools/arm-none-eabi/include/c++/11.3.1/tuple:233:7:static constexpr _Head& std::_Head_base<_Idx, _Head, false>::_M_head(std::_Head_base<_Idx, _Head, false>&) [with unsigned int _Idx = 0; _Head = unsigned char*]	16	static
/opt/st/stm32cubeide_1.13.2/plugins/com.st.stm32cube.ide.mcu.externaltools.gnu-tools-for-stm32.11.3.rel1.linux64_1.1.1.202309131626/tools/arm-none-eabi/include/c++/11.3.1/tuple:424:7:static constexpr _Head& std::_Tuple_impl<_Idx, _Head>::_M_head(std::_Tuple_impl<_Idx, _Head>&) [with unsigned int _Idx = 1; _Head = std::default_delete<unsigned char []>]	16	static
/opt/st/stm32cubeide_1.13.2/plugins/com.st.stm32cube.ide.mcu.externaltools.gnu-tools-for-stm32.11.3.rel1.linux64_1.1.1.202309131626/tools/arm-none-eabi/include/c++/11.3.1/tuple:236:7:static constexpr const _Head& std::_Head_base<_Idx, _Head, false>::_M_head(const std::_Head_base<_Idx, _Head, false>&) [with unsigned int _Idx = 0; _Head = unsigned char*]	16	static
/opt/st/stm32cubeide_1.13.2/plugins/com.st.stm32cube.ide.mcu.externaltools.gnu-tools-for-stm32.11.3.rel1.linux64_1.1.1.202309131626/tools/arm-none-eabi/include/c++/11.3.1/tuple:124:7:static constexpr _Head& std::_Head_base<_Idx, _Head, true>::_M_head(std::_Head_base<_Idx, _Head, true>&) [with unsigned int _Idx = 1; _Head = std::default_delete<unsigned char []>]	16	static
../Core/Inc/msg.hpp:102:3:AckMsg::~AckMsg()	16	static
../Core/Inc/msg.hpp:102:3:virtual AckMsg::~AckMsg()	16	static
../Core/Inc/msg.hpp:56:3:HeaderClass::~HeaderClass()	16	static
../Core/Inc/msg.hpp:56:3:virtual HeaderClass::~HeaderClass()	16	static
../Core/Src/main.cpp:442:1:void __static_initialization_and_destruction_0(int, int)	16	static
../Core/Src/main.cpp:442:1:cpp)	8	static
../Core/Src/main.cpp:442:1:cpp)	8	static
