../Core/Inc/msg_handler.hpp:15:3:MsgHandler::MsgHandler(UART_HandleTypeDef*)	16	static
../Core/Inc/msg_handler.hpp:22:3:MsgHandler::~MsgHandler()	16	static
../Core/Inc/msg_handler.hpp:28:8:bool MsgHandler::unlock_timeout()	16	static
/home/adrien/st/stm32cubeide_1.13.2/plugins/com.st.stm32cube.ide.mcu.externaltools.gnu-tools-for-stm32.11.3.rel1.linux64_1.1.1.202309131626/tools/arm-none-eabi/include/c++/11.3.1/arm-none-eabi/thumb/v7e-m+fp/hard/bits/gthr-default.h:229:1:int __gthread_key_delete(__gthread_key_t)	16	static
../Core/Src/main.cpp:89:5:int main()	40	static
../Core/Src/main.cpp:181:6:void SystemClock_Config()	88	static
../Core/Src/main.cpp:236:13:void MX_SPI1_Init()	8	static
../Core/Src/main.cpp:274:13:void MX_TIM2_Init()	32	static
../Core/Src/main.cpp:319:13:void MX_USART2_UART_Init()	8	static
../Core/Src/main.cpp:352:13:void MX_GPIO_Init()	48	static
../Core/Src/main.cpp:396:6:void HAL_UART_TxCpltCallback(UART_HandleTypeDef*)	16	static
../Core/Src/main.cpp:406:6:void HAL_UART_RxCpltCallback(UART_HandleTypeDef*)	16	static
../Core/Src/main.cpp:415:6:void HAL_TIM_PeriodElapsedCallback(TIM_HandleTypeDef*)	16	static
../Core/Src/main.cpp:437:6:void Error_Handler()	4	static,ignoring_inline_asm
../Core/Src/main.cpp:446:1:void __static_initialization_and_destruction_0(int, int)	16	static
../Core/Src/main.cpp:446:1:cpp)	8	static
../Core/Src/main.cpp:446:1:cpp)	8	static
